09-17 09:48:26.256   487  1306 I mediaswcodec: missing struct descriptor #Param::CoreIndex(--004) for field values of struct #Param::CoreIndex(F-12004)
09-17 09:48:26.256   487  1306 I mediaswcodec: missing struct descriptor #Param::CoreIndex(--1812) for field values of struct #Param::CoreIndex(F-11812)
09-17 09:48:26.257   487  1306 I mediaswcodec: missing struct descriptor #Param::CoreIndex(--004) for field values of struct #Param::CoreIndex(F-12004)
09-17 09:48:26.257   487  1306 I mediaswcodec: missing struct descriptor #Param::CoreIndex(--1812) for field values of struct #Param::CoreIndex(F-11812)
09-17 09:48:26.260 25040 25095 I CCodec  : Created component [c2.android.hevc.encoder]
09-17 09:48:26.265 25040 25095 D CCodecConfig: read media type: video/hevc
09-17 09:48:26.271 25040 25095 D ReflectedParamUpdater: extent() != 1 for single value type: algo.buffers.max-count.values
09-17 09:48:26.272 25040 25095 D ReflectedParamUpdater: extent() != 1 for single value type: output.subscribed-indices.values
09-17 09:48:26.273 25040 25095 D ReflectedParamUpdater: extent() != 1 for single value type: input.buffers.allocator-ids.values
09-17 09:48:26.273 25040 25095 D ReflectedParamUpdater: extent() != 1 for single value type: output.buffers.allocator-ids.values
09-17 09:48:26.274 25040 25095 D ReflectedParamUpdater: extent() != 1 for single value type: algo.buffers.allocator-ids.values
09-17 09:48:26.275 25040 25095 D ReflectedParamUpdater: extent() != 1 for single value type: output.buffers.pool-ids.values
09-17 09:48:26.275 25040 25095 D ReflectedParamUpdater: extent() != 1 for single value type: algo.buffers.pool-ids.values
09-17 09:48:26.280 25040 25095 D ReflectedParamUpdater: ignored struct field coding.gop.values
09-17 09:48:26.281 25040 25095 D ReflectedParamUpdater: ignored struct field coding.qp.values
09-17 09:48:26.282 25040 25095 D CCodecConfig: ignoring local param raw.color (0xc2001809) as it is already supported
09-17 09:48:26.283 25040 25095 I CCodecConfig: query failed after returning 14 values (BAD_INDEX)
09-17 09:48:26.284 25040 25095 D CCodecConfig: c2 config diff is Dict {
09-17 09:48:26.284 25040 25095 D CCodecConfig:   c2::u32 algo.bitrate-mode.value = 3
09-17 09:48:26.284 25040 25095 D CCodecConfig:   c2::u32 algo.complexity.value = 0
09-17 09:48:26.284 25040 25095 D CCodecConfig:   c2::u32 algo.quality.value = 80
09-17 09:48:26.284 25040 25095 D CCodecConfig:   c2::i32 coded.average-qp.value = 0
09-17 09:48:26.284 25040 25095 D CCodecConfig:   c2::u32 coded.bitrate.value = 64000
09-17 09:48:26.284 25040 25095 D CCodecConfig:   c2::float coded.frame-rate.value = 1
09-17 09:48:26.284 25040 25095 D CCodecConfig:   c2::u32 coded.picture-type.value = 0
09-17 09:48:26.284 25040 25095 D CCodecConfig:   c2::u32 coded.pl.level = 24576
09-17 09:48:26.284 25040 25095 D CCodecConfig:   c2::u32 coded.pl.profile = 24576
09-17 09:48:26.284 25040 25095 D CCodecConfig:   c2::u32 coded.vui.color.matrix = 0
09-17 09:48:26.284 25040 25095 D CCodecConfig:   c2::u32 coded.vui.color.primaries = 0
09-17 09:48:26.284 25040 25095 D CCodecConfig:   c2::u32 coded.vui.color.range = 0
09-17 09:48:26.284 25040 25095 D CCodecConfig:   c2::u32 coded.vui.color.transfer = 0
09-17 09:48:26.284 25040 25095 D CCodecConfig:   c2::u32 coding.request-sync-frame.value = 0
09-17 09:48:26.284 25040 25095 D CCodecConfig:   c2::i64 coding.sync-frame-interval.value = 1000000
09-17 09:48:26.284 25040 25095 D CCodecConfig:   c2::u32 input.delay.value = 0
09-17 09:48:26.284 25040 25095 D CCodecConfig:   string input.media-type.value = "video/raw"
09-17 09:48:26.284 25040 25095 D CCodecConfig:   string output.media-type.value = "video/hevc"
09-17 09:48:26.284 25040 25095 D CCodecConfig:   c2::u32 raw.color.matrix = 0
09-17 09:48:26.284 25040 25095 D CCodecConfig:   c2::u32 raw.color.primaries = 0
09-17 09:48:26.284 25040 25095 D CCodecConfig:   c2::u32 raw.color.range = 0
09-17 09:48:26.284 25040 25095 D CCodecConfig:   c2::u32 raw.color.transfer = 0
09-17 09:48:26.284 25040 25095 D CCodecConfig:   c2::u32 raw.size.height = 64
09-17 09:48:26.284 25040 25095 D CCodecConfig:   c2::u32 raw.size.width = 64
09-17 09:48:26.284 25040 25095 D CCodecConfig: }
09-17 09:48:26.284 25040 25095 W ColorUtils: expected specified color aspects (0:0:0:0)
09-17 09:48:26.302   487  1306 I hw-BpHwBinder: onLastStrongRef automatically unlinking death recipients
09-17 09:48:26.301 25040 25093 E CapabilitiesByQuality: No supported EncoderProfiles
09-17 09:48:26.302 25040 25095 I hw-BpHwBinder: onLastStrongRef automatically unlinking death recipients
09-17 09:48:26.302 25040 25093 D CapabilitiesByQuality: profiles = ImmutableEncoderProfilesProxy{defaultDurationSeconds=60, recommendedFileFormat=2, audioProfiles=[AudioProfileProxy{codec=1, mediaType=audio/3gpp, bitrate=12200, sampleRate=8000, channels=1, profile=-1}], videoProfiles=[VideoProfileProxy{codec=2, mediaType=video/avc, bitrate=1200000, frameRate=30, width=1280, height=720, profile=-1, bitDepth=8, chromaSubsampling=0, hdrFormat=0}]}
09-17 09:48:26.333 25040 25093 D CapabilitiesByQuality: profiles = ImmutableEncoderProfilesProxy{defaultDurationSeconds=60, recommendedFileFormat=2, audioProfiles=[AudioProfileProxy{codec=1, mediaType=audio/3gpp, bitrate=12200, sampleRate=8000, channels=1, profile=-1}], videoProfiles=[VideoProfileProxy{codec=2, mediaType=video/avc, bitrate=1200000, frameRate=30, width=1280, height=720, profile=-1, bitDepth=8, chromaSubsampling=0, hdrFormat=0}]}
09-17 09:48:26.427 25040 25085 D nativeloader: Load /data/app/~~hefF6NeB-TcPBsXRY90qkA==/com.visioncameraidentifier-V6bsX23HH0Vu6SL7mmhnBA==/base.apk!/lib/x86_64/libreactnativeblob.so using ns clns-7 from class loader (caller=/data/app/~~hefF6NeB-TcPBsXRY90qkA==/com.visioncameraidentifier-V6bsX23HH0Vu6SL7mmhnBA==/base.apk): ok
09-17 09:48:26.447 25040 25086 I WebViewFactory: Loading com.google.android.webview version 124.0.6367.219 (code 636771938)
09-17 09:48:26.460 25040 25086 V ResourcesManager: The following library key has been added: ResourcesKey{ mHash=b6015f49 mResDir=null mSplitDirs=[] mOverlayDirs=[/product/overlay/NavigationBarModeGestural/NavigationBarModeGesturalOverlay.apk,/data/resource-cache/com.android.systemui-neutral-Va1i.frro,/data/resource-cache/com.android.systemui-accent-9yIY.frro,/data/resource-cache/com.android.systemui-dynamic-BJQ2.frro] mLibDirs=[/data/app/~~d5PBmOwSqd53znaFveeJFA==/com.google.android.webview-l0CiuhAkodEQ-Mc34gIiqA==/WebViewGoogle.apk,/data/app/~~-nB2I4xNad3b5Q6wHBp13Q==/com.google.android.trichromelibrary_636771938-zDAxrV_HFR6CV69zDrFOgw==/TrichromeLibrary.apk,/system_ext/framework/androidx.window.extensions.jar] mDisplayId=0 mOverrideConfig=v35 mCompatInfo={420dpi always-compat} mLoaders=[]}
09-17 09:48:26.464 25040 25086 W ziparchive: Unable to open '/data/app/~~-nB2I4xNad3b5Q6wHBp13Q==/com.google.android.trichromelibrary_636771938-zDAxrV_HFR6CV69zDrFOgw==/TrichromeLibrary.dm': No such file or directory
09-17 09:48:26.464 25040 25086 W ziparchive: Unable to open '/data/app/~~-nB2I4xNad3b5Q6wHBp13Q==/com.google.android.trichromelibrary_636771938-zDAxrV_HFR6CV69zDrFOgw==/TrichromeLibrary.dm': No such file or directory
09-17 09:48:26.466 25040 25086 W ameraidentifier: Entry not found
09-17 09:48:26.470 25040 25086 D nativeloader: Configuring clns-8 for other apk /data/app/~~-nB2I4xNad3b5Q6wHBp13Q==/com.google.android.trichromelibrary_636771938-zDAxrV_HFR6CV69zDrFOgw==/TrichromeLibrary.apk. target_sdk_version=34, uses_libraries=ALL, library_path=/data/app/~~d5PBmOwSqd53znaFveeJFA==/com.google.android.webview-l0CiuhAkodEQ-Mc34gIiqA==/lib/x86_64:/data/app/~~d5PBmOwSqd53znaFveeJFA==/com.google.android.webview-l0CiuhAkodEQ-Mc34gIiqA==/WebViewGoogle.apk!/lib/x86_64:/data/app/~~-nB2I4xNad3b5Q6wHBp13Q==/com.google.android.trichromelibrary_636771938-zDAxrV_HFR6CV69zDrFOgw==/TrichromeLibrary.apk!/lib/x86_64, permitted_path=/data:/mnt/expand
09-17 09:48:26.479 25040 25086 D ApplicationLoaders: Returning zygote-cached class loader: /system_ext/framework/androidx.window.extensions.jar
09-17 09:48:26.490   622   642 I AppsFilter: interaction: PackageSetting{76fcc0a com.visioncameraidentifier/10209} -> PackageSetting{e85f6ba com.android.cts.priv.ctsshim/10199} BLOCKED
09-17 09:48:26.490   622   642 I AppsFilter: interaction: PackageSetting{76fcc0a com.visioncameraidentifier/10209} -> PackageSetting{e12e96b com.google.android.youtube/10165} BLOCKED
09-17 09:48:26.490 25040 25086 D nativeloader: Configuring clns-9 for other apk /data/app/~~d5PBmOwSqd53znaFveeJFA==/com.google.android.webview-l0CiuhAkodEQ-Mc34gIiqA==/WebViewGoogle.apk. target_sdk_version=34, uses_libraries=, library_path=/data/app/~~d5PBmOwSqd53znaFveeJFA==/com.google.android.webview-l0CiuhAkodEQ-Mc34gIiqA==/lib/x86_64:/data/app/~~d5PBmOwSqd53znaFveeJFA==/com.google.android.webview-l0CiuhAkodEQ-Mc34gIiqA==/WebViewGoogle.apk!/lib/x86_64:/data/app/~~-nB2I4xNad3b5Q6wHBp13Q==/com.google.android.trichromelibrary_636771938-zDAxrV_HFR6CV69zDrFOgw==/TrichromeLibrary.apk!/lib/x86_64, permitted_path=/data:/mnt/expand
09-17 09:48:26.490   622   642 I AppsFilter: interaction: PackageSetting{76fcc0a com.visioncameraidentifier/10209} -> PackageSetting{b691d15 com.android.internal.display.cutout.emulation.corner/10005} BLOCKED
09-17 09:48:26.490   622   642 I AppsFilter: interaction: PackageSetting{76fcc0a com.visioncameraidentifier/10209} -> PackageSetting{5dbf82a com.android.internal.display.cutout.emulation.double/10007} BLOCKED
09-17 09:48:26.490   622   642 I AppsFilter: interaction: PackageSetting{76fcc0a com.visioncameraidentifier/10209} -> PackageSetting{4ee2cc8 com.google.android.googlequicksearchbox/10145} BLOCKED
09-17 09:48:26.490   622   642 I AppsFilter: interaction: PackageSetting{76fcc0a com.visioncameraidentifier/10209} -> PackageSetting{5be3161 com.google.android.onetimeinitializer/10131} BLOCKED
09-17 09:48:26.490   622   642 I AppsFilter: interaction: PackageSetting{76fcc0a com.visioncameraidentifier/10209} -> PackageSetting{70cc486 com.google.android.ext.shared/10118} BLOCKED
09-17 09:48:26.490   622   642 I AppsFilter: interaction: PackageSetting{76fcc0a com.visioncameraidentifier/10209} -> PackageSetting{9f4b147 com.android.virtualmachine.res/10193} BLOCKED
09-17 09:48:26.490   622   642 I AppsFilter: interaction: PackageSetting{76fcc0a com.visioncameraidentifier/10209} -> PackageSetting{14a88f7 com.android.managedprovisioning.auto_generated_rro_product__/10042} BLOCKED
09-17 09:48:26.490   622   642 I AppsFilter: interaction: PackageSetting{76fcc0a com.visioncameraidentifier/10209} -> PackageSetting{881c364 com.android.carrierconfig.auto_generated_rro_vendor__/10087} BLOCKED
09-17 09:48:26.490   622   642 I AppsFilter: interaction: PackageSetting{76fcc0a com.visioncameraidentifier/10209} -> PackageSetting{f1d4d74 com.google.android.server.deviceconfig.resources/10203} BLOCKED
09-17 09:48:26.491   622   642 I AppsFilter: interaction: PackageSetting{76fcc0a com.visioncameraidentifier/10209} -> PackageSetting{de76282 com.android.systemui.emulation.pixel_3_xl/10054} BLOCKED
09-17 09:48:26.491   622   642 I AppsFilter: interaction: PackageSetting{76fcc0a com.visioncameraidentifier/10209} -> PackageSetting{e14bd93 com.android.systemui.emulation.pixel_4_xl/10058} BLOCKED
09-17 09:48:26.491   622   642 I AppsFilter: interaction: PackageSetting{76fcc0a com.visioncameraidentifier/10209} -> PackageSetting{349b1d0 com.android.systemui.emulation.pixel_fold/10074} BLOCKED
09-17 09:48:26.491   622   642 I AppsFilter: interaction: PackageSetting{76fcc0a com.visioncameraidentifier/10209} -> PackageSetting{16e45c9 com.android.providers.telephony.auto_generated_characteristics_rro/10079} BLOCKED
09-17 09:48:26.491   622   642 I AppsFilter: interaction: PackageSetting{76fcc0a com.visioncameraidentifier/10209} -> PackageSetting{7ad24ce com.android.simappdialog.auto_generated_rro_product__/10051} BLOCKED
09-17 09:48:26.491   622   642 I AppsFilter: interaction: PackageSetting{76fcc0a com.visioncameraidentifier/10209} -> PackageSetting{8cb829d com.android.htmlviewer/10121} BLOCKED
09-17 09:48:26.491   622   642 I AppsFilter: interaction: PackageSetting{76fcc0a com.visioncameraidentifier/10209} -> PackageSetting{2e0a312 com.google.android.health.connect.backuprestore/10202} BLOCKED
09-17 09:48:26.491   622   642 I AppsFilter: interaction: PackageSetting{76fcc0a com.visioncameraidentifier/10209} -> PackageSetting{40c7585 com.android.systemui.auto_generated_rro_product__/10075} BLOCKED
09-17 09:48:26.491   622   642 I AppsFilter: interaction: PackageSetting{76fcc0a com.visioncameraidentifier/10209} -> PackageSetting{d411ae3 com.google.android.apps.messaging/10139} BLOCKED
09-17 09:48:26.491   622   642 I AppsFilter: interaction: PackageSetting{76fcc0a com.visioncameraidentifier/10209} -> PackageSetting{97bcce0 com.google.android.soundpicker/10163} BLOCKED
09-17 09:48:26.491   622   642 I AppsFilter: interaction: PackageSetting{76fcc0a com.visioncameraidentifier/10209} -> PackageSetting{c11eae8 com.google.android.marvin.talkbackoverlay/10086} BLOCKED
09-17 09:48:26.491   622   642 I AppsFilter: interaction: PackageSetting{76fcc0a com.visioncameraidentifier/10209} -> PackageSetting{762ab99 com.google.android.configupdater/10128} BLOCKED
09-17 09:48:26.491   622   642 I AppsFilter: interaction: PackageSetting{76fcc0a com.visioncameraidentifier/10209} -> PackageSetting{554ffa6 com.android.internal.emulation.pixel_3a_xl/10019} BLOCKED
09-17 09:48:26.491   622   642 I AppsFilter: interaction: PackageSetting{76fcc0a com.visioncameraidentifier/10209} -> PackageSetting{b799de7 com.android.internal.emulation.pixel_6_pro/10020} BLOCKED
09-17 09:48:26.492   622   642 I AppsFilter: interaction: PackageSetting{76fcc0a com.visioncameraidentifier/10209} -> PackageSetting{88ecd94 com.android.internal.emulation.pixel_7_pro/10028} BLOCKED
09-17 09:48:26.492   622   642 I AppsFilter: interaction: PackageSetting{76fcc0a com.visioncameraidentifier/10209} -> PackageSetting{be8d03d com.android.internal.emulation.pixel_8_pro/10030} BLOCKED
09-17 09:48:26.492   622   642 I AppsFilter: interaction: PackageSetting{76fcc0a com.visioncameraidentifier/10209} -> PackageSetting{dc17032 com.android.internal.emulation.pixel_9_pro/10029} BLOCKED
09-17 09:48:26.492   622   642 I AppsFilter: interaction: PackageSetting{76fcc0a com.visioncameraidentifier/10209} -> PackageSetting{4383183 com.android.internal.emulation.pixel_3a/10014} BLOCKED
09-17 09:48:26.492   622   642 I AppsFilter: interaction: PackageSetting{76fcc0a com.visioncameraidentifier/10209} -> PackageSetting{9552f00 com.android.internal.emulation.pixel_4a/10018} BLOCKED
09-17 09:48:26.492   622   642 I AppsFilter: interaction: PackageSetting{76fcc0a com.visioncameraidentifier/10209} -> PackageSetting{7973339 com.android.internal.emulation.pixel_6a/10024} BLOCKED
09-17 09:48:26.492   622   642 I AppsFilter: interaction: PackageSetting{76fcc0a com.visioncameraidentifier/10209} -> PackageSetting{4125d7e com.android.internal.emulation.pixel_7a/10025} BLOCKED
09-17 09:48:26.492   622   642 I AppsFilter: interaction: PackageSetting{76fcc0a com.visioncameraidentifier/10209} -> PackageSetting{1c262df com.android.internal.emulation.pixel_8a/10027} BLOCKED
09-17 09:48:26.492   622   642 I AppsFilter: interaction: PackageSetting{76fcc0a com.visioncameraidentifier/10209} -> PackageSetting{15e3b2c com.google.android.overlay.googlewebview/10041} BLOCKED
09-17 09:48:26.492   622   642 I AppsFilter: interaction: PackageSetting{76fcc0a com.visioncameraidentifier/10209} -> PackageSetting{6a1de5e com.google.android.apps.safetyhub/10140} BLOCKED
09-17 09:48:26.492   622   642 I AppsFilter: interaction: PackageSetting{76fcc0a com.visioncameraidentifier/10209} -> PackageSetting{f60823f com.google.android.hotspot2.osulogin/10195} BLOCKED
09-17 09:48:26.492   622   642 I AppsFilter: interaction: PackageSetting{76fcc0a com.visioncameraidentifier/10209} -> PackageSetting{f80d70c com.android.simappdialog/10125} BLOCKED
09-17 09:48:26.493   622   642 I AppsFilter: interaction: PackageSetting{76fcc0a com.visioncameraidentifier/10209} -> PackageSetting{809de18 com.android.internal.display.cutout.emulation.hole/10010} BLOCKED
09-17 09:48:26.493   622   642 I AppsFilter: interaction: PackageSetting{76fcc0a com.visioncameraidentifier/10209} -> PackageSetting{c6f1071 com.android.internal.display.cutout.emulation.tall/10008} BLOCKED
09-17 09:48:26.493   622   642 I AppsFilter: interaction: PackageSetting{76fcc0a com.visioncameraidentifier/10209} -> PackageSetting{ab29e56 com.android.internal.systemui.navbar.threebutton/10044} BLOCKED
09-17 09:48:26.493   622   642 I AppsFilter: interaction: PackageSetting{76fcc0a com.visioncameraidentifier/10209} -> PackageSetting{aa96855 com.android.camera2/10147} BLOCKED
09-17 09:48:26.493   622   642 I AppsFilter: interaction: PackageSetting{76fcc0a com.visioncameraidentifier/10209} -> PackageSetting{8cac3c4 com.android.internal.ranchu.commonoverlay/10048} BLOCKED
09-17 09:48:26.493   622   642 I AppsFilter: interaction: PackageSetting{76fcc0a com.visioncameraidentifier/10209} -> PackageSetting{39342ad com.android.systemui.auto_generated_rro_vendor__/10085} BLOCKED
09-17 09:48:26.493   622   642 I AppsFilter: interaction: PackageSetting{76fcc0a com.visioncameraidentifier/10209} -> PackageSetting{ea9826a com.google.android.deskclock/10157} BLOCKED
09-17 09:48:26.493   622   642 I AppsFilter: interaction: PackageSetting{76fcc0a com.visioncameraidentifier/10209} -> PackageSetting{cd88173 com.android.internal.systemui.navbar.twobutton/10043} BLOCKED
09-17 09:48:26.493   622   642 I AppsFilter: interaction: PackageSetting{76fcc0a com.visioncameraidentifier/10209} -> PackageSetting{be5035b com.google.android.as/10135} BLOCKED
09-17 09:48:26.493   622   642 I AppsFilter: interaction: PackageSetting{76fcc0a com.visioncameraidentifier/10209} -> PackageSetting{aea57f8 com.google.android.gm/10167} BLOCKED
09-17 09:48:26.493   622   642 I AppsFilter: interaction: PackageSetting{76fcc0a com.visioncameraidentifier/10209} -> PackageSetting{e6534d1 com.android.compos.payload/10187} BLOCKED
09-17 09:48:26.493   622   642 I AppsFilter: interaction: PackageSetting{76fcc0a com.visioncameraidentifier/10209} -> PackageSetting{bfcc75c com.android.systemui.emulation.pixel_3/10053} BLOCKED
09-17 09:48:26.493   622   642 I AppsFilter: interaction: PackageSetting{76fcc0a com.visioncameraidentifier/10209} -> PackageSetting{c871a65 com.android.systemui.emulation.pixel_4/10060} BLOCKED
09-17 09:48:26.493   622   642 I AppsFilter: interaction: PackageSetting{76fcc0a com.visioncameraidentifier/10209} -> PackageSetting{eaf333a com.android.systemui.emulation.pixel_5/10057} BLOCKED
09-17 09:48:26.493   622   642 I AppsFilter: interaction: PackageSetting{76fcc0a com.visioncameraidentifier/10209} -> PackageSetting{5d3f7e1 com.android.systemui.emulation.pixel_6/10061} BLOCKED
09-17 09:48:26.493   622   642 I AppsFilter: interaction: PackageSetting{76fcc0a com.visioncameraidentifier/10209} -> PackageSetting{9cd4906 com.android.systemui.emulation.pixel_7/10064} BLOCKED
09-17 09:48:26.494   622   642 I AppsFilter: interaction: PackageSetting{76fcc0a com.visioncameraidentifier/10209} -> PackageSetting{75e72de com.android.systemui.emulation.pixel_8/10067} BLOCKED
09-17 09:48:26.494   622   642 I AppsFilter: interaction: PackageSetting{76fcc0a com.visioncameraidentifier/10209} -> PackageSetting{2db7424 com.android.systemui.emulation.pixel_9/10070} BLOCKED
09-17 09:48:26.494   622   642 I AppsFilter: interaction: PackageSetting{76fcc0a com.visioncameraidentifier/10209} -> PackageSetting{1d55b36 com.android.printspooler/10124} BLOCKED
09-17 09:48:26.494   622   642 I AppsFilter: interaction: PackageSetting{76fcc0a com.visioncameraidentifier/10209} -> PackageSetting{a846142 com.google.android.connectivity.resources.goldfish.overlay/10088} BLOCKED
09-17 09:48:26.494   622   642 I AppsFilter: interaction: PackageSetting{76fcc0a com.visioncameraidentifier/10209} -> PackageSetting{b667a37 com.android.dreams.basic/10111} BLOCKED
09-17 09:48:26.494   622   642 I AppsFilter: interaction: PackageSetting{76fcc0a com.visioncameraidentifier/10209} -> PackageSetting{66dae90 com.google.android.networkstack.tethering.emulator/10035} BLOCKED
09-17 09:48:26.494   622   642 I AppsFilter: interaction: PackageSetting{76fcc0a com.visioncameraidentifier/10209} -> PackageSetting{8fb4f8e com.android.providers.settings.auto_generated_rro_product__/10050} BLOCKED
09-17 09:48:26.494   622   642 I AppsFilter: interaction: PackageSetting{76fcc0a com.visioncameraidentifier/10209} -> PackageSetting{168fba4 com.google.android.as.oss/10130} BLOCKED
09-17 09:48:26.494   622   642 I AppsFilter: interaction: PackageSetting{76fcc0a com.visioncameraidentifier/10209} -> PackageSetting{4a723bc com.android.traceur.auto_generated_rro_product__/10081} BLOCKED
09-17 09:48:26.494   622   642 I AppsFilter: interaction: PackageSetting{76fcc0a com.visioncameraidentifier/10209} -> PackageSetting{775af45 com.android.internal.emulation.pixel_9_pro_fold/10032} BLOCKED
09-17 09:48:26.494   622   642 I AppsFilter: interaction: PackageSetting{76fcc0a com.visioncameraidentifier/10209} -> PackageSetting{b374d0d com.google.android.devicelockcontroller/10184} BLOCKED
09-17 09:48:26.495   622   642 I AppsFilter: interaction: PackageSetting{76fcc0a com.visioncameraidentifier/10209} -> PackageSetting{513f4c2 com.google.android.dialer/10138} BLOCKED
09-17 09:48:26.495   622   642 I AppsFilter: interaction: PackageSetting{76fcc0a com.visioncameraidentifier/10209} -> PackageSetting{ea0bfa8 com.android.internal.emulation.pixel_3/10013} BLOCKED
09-17 09:48:26.495   622   642 I AppsFilter: interaction: PackageSetting{76fcc0a com.visioncameraidentifier/10209} -> PackageSetting{8c6fac1 com.android.internal.emulation.pixel_4/10016} BLOCKED
09-17 09:48:26.495   622   642 I AppsFilter: interaction: PackageSetting{76fcc0a com.visioncameraidentifier/10209} -> PackageSetting{f65c266 com.android.internal.emulation.pixel_5/10022} BLOCKED
09-17 09:48:26.495   622   642 I AppsFilter: interaction: PackageSetting{76fcc0a com.visioncameraidentifier/10209} -> PackageSetting{7309a7 com.android.internal.emulation.pixel_6/10021} BLOCKED
09-17 09:48:26.495   622   642 I AppsFilter: interaction: PackageSetting{76fcc0a com.visioncameraidentifier/10209} -> PackageSetting{c162e54 com.android.internal.emulation.pixel_7/10023} BLOCKED
09-17 09:48:26.495   622   642 I AppsFilter: interaction: PackageSetting{76fcc0a com.visioncameraidentifier/10209} -> PackageSetting{8781fd com.android.internal.emulation.pixel_8/10026} BLOCKED
09-17 09:48:26.495   622   642 I AppsFilter: interaction: PackageSetting{76fcc0a com.visioncameraidentifier/10209} -> PackageSetting{9fb9ef2 com.android.internal.emulation.pixel_9/10031} BLOCKED
09-17 09:48:26.495   622   642 I AppsFilter: interaction: PackageSetting{76fcc0a com.visioncameraidentifier/10209} -> PackageSetting{e1e82d3 com.google.android.captiveportallogin/10115} BLOCKED
09-17 09:48:26.495   622   642 I AppsFilter: interaction: PackageSetting{76fcc0a com.visioncameraidentifier/10209} -> PackageSetting{2d1dbc0 android.auto_generated_characteristics_rro/10083} BLOCKED
09-17 09:48:26.495   622   642 I AppsFilter: interaction: PackageSetting{76fcc0a com.visioncameraidentifier/10209} -> PackageSetting{10c2e10 com.google.android.appsearch.apk/10207} BLOCKED
09-17 09:48:26.495   622   642 I AppsFilter: interaction: PackageSetting{76fcc0a com.visioncameraidentifier/10209} -> PackageSetting{898ad09 com.android.musicfx/10106} BLOCKED
09-17 09:48:26.495   622   642 I AppsFilter: interaction: PackageSetting{76fcc0a com.visioncameraidentifier/10209} -> PackageSetting{bb09b0e com.google.android.apps.docs/10151} BLOCKED
09-17 09:48:26.496   622   642 I AppsFilter: interaction: PackageSetting{76fcc0a com.visioncameraidentifier/10209} -> PackageSetting{af44138 com.google.android.apps.maps/10159} BLOCKED
09-17 09:48:26.496   622   642 I AppsFilter: interaction: PackageSetting{76fcc0a com.visioncameraidentifier/10209} -> PackageSetting{444792f com.google.android.markup/10153} BLOCKED
09-17 09:48:26.496   622   642 I AppsFilter: interaction: PackageSetting{76fcc0a com.visioncameraidentifier/10209} -> PackageSetting{76e1b3c com.google.android.rkpdapp/10183} BLOCKED
09-17 09:48:26.496   622   642 I AppsFilter: interaction: PackageSetting{76fcc0a com.visioncameraidentifier/10209} -> PackageSetting{29610c5 com.google.android.contacts/10150} BLOCKED
09-17 09:48:26.496   622   642 I AppsFilter: interaction: PackageSetting{76fcc0a com.visioncameraidentifier/10209} -> PackageSetting{aec1a4a com.android.server.telecom.auto_generated_rro_product__/10078} BLOCKED
09-17 09:48:26.496   622   642 I AppsFilter: interaction: PackageSetting{76fcc0a com.visioncameraidentifier/10209} -> PackageSetting{5c5edbb com.android.phone.auto_generated_characteristics_rro/10076} BLOCKED
09-17 09:48:26.496   622   642 I AppsFilter: interaction: PackageSetting{76fcc0a com.visioncameraidentifier/10209} -> PackageSetting{d5762d8 com.google.android.overlay.googleconfig/10037} BLOCKED
09-17 09:48:26.496   622   642 I AppsFilter: interaction: PackageSetting{76fcc0a com.visioncameraidentifier/10209} -> PackageSetting{5f5a1a com.android.chrome/10146} BLOCKED
09-17 09:48:26.496   622   642 I AppsFilter: interaction: PackageSetting{76fcc0a com.visioncameraidentifier/10209} -> PackageSetting{ad99116 com.android.bips.auto_generated_rro_product__/10000} BLOCKED
09-17 09:48:26.496   622   642 I AppsFilter: interaction: PackageSetting{76fcc0a com.visioncameraidentifier/10209} -> PackageSetting{29794b com.google.android.apps.customization.pixel/10156} BLOCKED
09-17 09:48:26.496   622   642 I AppsFilter: interaction: PackageSetting{76fcc0a com.visioncameraidentifier/10209} -> PackageSetting{f9faf28 com.google.android.tag/10108} BLOCKED
09-17 09:48:26.496   622   642 I AppsFilter: interaction: PackageSetting{76fcc0a com.visioncameraidentifier/10209} -> PackageSetting{121e46d com.google.android.overlay.permissioncontroller/10039} BLOCKED
09-17 09:48:26.496   622   642 I AppsFilter: interaction: PackageSetting{76fcc0a com.visioncameraidentifier/10209} -> PackageSetting{f4bf441 com.google.android.partnersetup/10137} BLOCKED
09-17 09:48:26.496   622   642 I AppsFilter: interaction: PackageSetting{76fcc0a com.visioncameraidentifier/10209} -> PackageSetting{308fde6 com.google.android.apps.wallpaper.nexus/10154} BLOCKED
09-17 09:48:26.497   622   642 I AppsFilter: interaction: PackageSetting{76fcc0a com.visioncameraidentifier/10209} -> PackageSetting{e145f27 com.google.android.apps.nexuslauncher/10176} BLOCKED
09-17 09:48:26.497   622   642 I AppsFilter: interaction: PackageSetting{76fcc0a com.visioncameraidentifier/10209} -> PackageSetting{a855a69 com.android.theme.font.notoserifsource/10034} BLOCKED
09-17 09:48:26.497   622   642 I AppsFilter: interaction: PackageSetting{76fcc0a com.visioncameraidentifier/10209} -> PackageSetting{2d495d4 com.google.android.safetycenter.resources/10190} BLOCKED
09-17 09:48:26.497   622   642 I AppsFilter: interaction: PackageSetting{76fcc0a com.visioncameraidentifier/10209} -> PackageSetting{563558f com.android.internal.display.cutout.emulation.waterfall/10009} BLOCKED
09-17 09:48:26.497   622   642 I AppsFilter: interaction: PackageSetting{76fcc0a com.visioncameraidentifier/10209} -> PackageSetting{d903425 com.android.internal.systemui.navbar.transparent/10082} BLOCKED
09-17 09:48:26.497   622   642 I AppsFilter: interaction: PackageSetting{76fcc0a com.visioncameraidentifier/10209} -> PackageSetting{22937d com.google.android.connectivity.resources/10186} BLOCKED
09-17 09:48:26.497   622   642 I AppsFilter: interaction: PackageSetting{76fcc0a com.visioncameraidentifier/10209} -> PackageSetting{cc9bbab com.android.providers.contacts.auto_generated_rro_product__/10004} BLOCKED
09-17 09:48:26.497   622   642 I AppsFilter: interaction: PackageSetting{76fcc0a com.visioncameraidentifier/10209} -> PackageSetting{7571272 com.google.android.feedback/10172} BLOCKED
09-17 09:48:26.497   622   642 I AppsFilter: interaction: PackageSetting{76fcc0a com.visioncameraidentifier/10209} -> PackageSetting{dddc6c3 com.google.android.printservice.recommendation/10119} BLOCKED
09-17 09:48:26.497   622   642 I AppsFilter: interaction: PackageSetting{76fcc0a com.visioncameraidentifier/10209} -> PackageSetting{7cf3b40 com.google.android.apps.photos/10164} BLOCKED
09-17 09:48:26.497   622   642 I AppsFilter: interaction: PackageSetting{76fcc0a com.visioncameraidentifier/10209} -> PackageSetting{d22ac4c com.google.android.calendar/10149} BLOCKED
09-17 09:48:26.497   622   642 I AppsFilter: interaction: PackageSetting{76fcc0a com.visioncameraidentifier/10209} -> PackageSetting{ac9ea79 com.google.android.documentsui/10099} BLOCKED
09-17 09:48:26.497   622   642 I AppsFilter: interaction: PackageSetting{76fcc0a com.visioncameraidentifier/10209} -> PackageSetting{60f66b4 com.android.systemui.emulation.pixel_3a_xl/10056} BLOCKED
09-17 09:48:26.498   622   642 I AppsFilter: interaction: PackageSetting{76fcc0a com.visioncameraidentifier/10209} -> PackageSetting{9dd7e52 com.android.systemui.emulation.pixel_6_pro/10062} BLOCKED
09-17 09:48:26.498   622   642 I AppsFilter: interaction: PackageSetting{76fcc0a com.visioncameraidentifier/10209} -> PackageSetting{537f523 com.android.systemui.emulation.pixel_7_pro/10065} BLOCKED
09-17 09:48:26.498   622   642 I AppsFilter: interaction: PackageSetting{76fcc0a com.visioncameraidentifier/10209} -> PackageSetting{1963a20 com.android.systemui.emulation.pixel_8_pro/10068} BLOCKED
09-17 09:48:26.498   622   642 I AppsFilter: interaction: PackageSetting{76fcc0a com.visioncameraidentifier/10209} -> PackageSetting{a8ac07f com.android.systemui.emulation.pixel_9_pro/10071} BLOCKED
09-17 09:48:26.498   622   642 I AppsFilter: interaction: PackageSetting{76fcc0a com.visioncameraidentifier/10209} -> PackageSetting{4f4d84c com.android.carrierconfig.auto_generated_rro_product__/10001} BLOCKED
09-17 09:48:26.498   622   642 I AppsFilter: interaction: PackageSetting{76fcc0a com.visioncameraidentifier/10209} -> PackageSetting{baf7c10 com.camera/10208} BLOCKED
09-17 09:48:26.498   622   642 I AppsFilter: interaction: PackageSetting{76fcc0a com.visioncameraidentifier/10209} -> PackageSetting{cef7095 com.android.devicediagnostics.auto_generated_rro_product__/10012} BLOCKED
09-17 09:48:26.498   622   642 I AppsFilter: interaction: PackageSetting{76fcc0a com.visioncameraidentifier/10209} -> PackageSetting{fffe3be com.android.providers.partnerbookmarks/10122} BLOCKED
09-17 09:48:26.498   622   642 I AppsFilter: interaction: PackageSetting{76fcc0a com.visioncameraidentifier/10209} -> PackageSetting{a4c0c1f com.android.wallpaper.livepicker/10104} BLOCKED
09-17 09:48:26.498   622   642 I AppsFilter: interaction: PackageSetting{76fcc0a com.visioncameraidentifier/10209} -> PackageSetting{bbd2d38 com.android.providers.telephony.auto_generated_rro_product__/10080} BLOCKED
09-17 09:48:26.498   622   642 I AppsFilter: interaction: PackageSetting{76fcc0a com.visioncameraidentifier/10209} -> PackageSetting{4a38111 com.android.phone.auto_generated_rro_vendor__/10089} BLOCKED
09-17 09:48:26.498   622   642 I AppsFilter: interaction: PackageSetting{76fcc0a com.visioncameraidentifier/10209} -> PackageSetting{d0ccb6c com.android.imsserviceentitlement/10132} BLOCKED
09-17 09:48:26.498   622   642 I AppsFilter: interaction: PackageSetting{76fcc0a com.visioncameraidentifier/10209} -> PackageSetting{5524077 com.android.internal.emulation.pixel_9_pro_xl/10033} BLOCKED
09-17 09:48:26.499   622   642 I AppsFilter: interaction: PackageSetting{76fcc0a com.visioncameraidentifier/10209} -> PackageSetting{5f5b535 com.google.android.healthconnect.controller/10201} BLOCKED
09-17 09:48:26.499   622   642 I AppsFilter: interaction: PackageSetting{76fcc0a com.visioncameraidentifier/10209} -> PackageSetting{6b3e4e4 com.android.internal.emulation.pixel_2_xl/10011} BLOCKED
09-17 09:48:26.499   622   642 I AppsFilter: interaction: PackageSetting{76fcc0a com.visioncameraidentifier/10209} -> PackageSetting{b9e2002 com.android.internal.emulation.pixel_3_xl/10015} BLOCKED
09-17 09:48:26.499   622   642 I AppsFilter: interaction: PackageSetting{76fcc0a com.visioncameraidentifier/10209} -> PackageSetting{3a06d13 com.android.internal.emulation.pixel_4_xl/10017} BLOCKED
09-17 09:48:26.499   622   642 I AppsFilter: interaction: PackageSetting{76fcc0a com.visioncameraidentifier/10209} -> PackageSetting{c3c6b50 com.android.internal.emulation.pixel_fold/10036} BLOCKED
09-17 09:48:26.499   622   642 I AppsFilter: interaction: PackageSetting{76fcc0a com.visioncameraidentifier/10209} -> PackageSetting{a2f4b3b com.android.bookmarkprovider/10110} BLOCKED
09-17 09:48:26.499   622   642 I AppsFilter: interaction: PackageSetting{76fcc0a com.visioncameraidentifier/10209} -> PackageSetting{9d23a4e com.google.android.overlay.pixelconfigcommon/10047} BLOCKED
09-17 09:48:26.499   622   642 I AppsFilter: interaction: PackageSetting{76fcc0a com.visioncameraidentifier/10209} -> PackageSetting{29ac76f com.android.systemui.accessibility.accessibilitymenu.auto_generated_rro_product__/10003} BLOCKED
09-17 09:48:26.499   622   642 I AppsFilter: interaction: PackageSetting{76fcc0a com.visioncameraidentifier/10209} -> PackageSetting{384ec7c com.android.systemui.emulation.pixel_3a/10055} BLOCKED
09-17 09:48:26.499   622   642 I AppsFilter: interaction: PackageSetting{76fcc0a com.visioncameraidentifier/10209} -> PackageSetting{38ea905 com.android.systemui.emulation.pixel_4a/10059} BLOCKED
09-17 09:48:26.499   622   642 I AppsFilter: interaction: PackageSetting{76fcc0a com.visioncameraidentifier/10209} -> PackageSetting{a366b8b com.android.systemui.emulation.pixel_6a/10063} BLOCKED
09-17 09:48:26.499   622   642 I AppsFilter: interaction: PackageSetting{76fcc0a com.visioncameraidentifier/10209} -> PackageSetting{6725468 com.android.systemui.emulation.pixel_7a/10066} BLOCKED
09-17 09:48:26.499   622   642 I AppsFilter: interaction: PackageSetting{76fcc0a com.visioncameraidentifier/10209} -> PackageSetting{4d5d081 com.android.systemui.emulation.pixel_8a/10069} BLOCKED
09-17 09:48:26.499   622   642 I AppsFilter: interaction: PackageSetting{76fcc0a com.visioncameraidentifier/10209} -> PackageSetting{9b13258 com.google.android.settings.intelligence/10141} BLOCKED
09-17 09:48:26.499   622   642 I AppsFilter: interaction: PackageSetting{76fcc0a com.visioncameraidentifier/10209} -> PackageSetting{1c240ac com.google.android.projection.gearhead/10129} BLOCKED
09-17 09:48:26.499   622   642 I AppsFilter: interaction: PackageSetting{76fcc0a com.visioncameraidentifier/10209} -> PackageSetting{5d96fb1 com.google.android.uwb.resources/10204} BLOCKED
09-17 09:48:26.500   622   642 I AppsFilter: interaction: PackageSetting{76fcc0a com.visioncameraidentifier/10209} -> PackageSetting{722175 com.android.cts.ctsshim/10200} BLOCKED
09-17 09:48:26.500   622   642 I AppsFilter: interaction: PackageSetting{76fcc0a com.visioncameraidentifier/10209} -> PackageSetting{182ac96 com.google.android.wifi.resources/10194} BLOCKED
09-17 09:48:26.500   622   642 I AppsFilter: interaction: PackageSetting{76fcc0a com.visioncameraidentifier/10209} -> PackageSetting{73d6017 com.google.android.wifi.dialog/10196} BLOCKED
09-17 09:48:26.500   622   642 I AppsFilter: interaction: PackageSetting{76fcc0a com.visioncameraidentifier/10209} -> PackageSetting{1331c04 com.android.wallpaper/10178} BLOCKED
09-17 09:48:26.500   622   642 I AppsFilter: interaction: PackageSetting{76fcc0a com.visioncameraidentifier/10209} -> PackageSetting{de712c2 com.android.microdroid.empty_payload/10192} BLOCKED
09-17 09:48:26.500   622   642 I AppsFilter: interaction: PackageSetting{76fcc0a com.visioncameraidentifier/10209} -> PackageSetting{46455ed com.google.android.apps.wallpaper/10180} BLOCKED
09-17 09:48:26.500   622   642 I AppsFilter: interaction: PackageSetting{76fcc0a com.visioncameraidentifier/10209} -> PackageSetting{334fc22 com.google.android.odad/10136} BLOCKED
09-17 09:48:26.500   622   642 I AppsFilter: interaction: PackageSetting{76fcc0a com.visioncameraidentifier/10209} -> PackageSetting{fb5c762 com.android.settings.auto_generated_rro_product__/10049} BLOCKED
09-17 09:48:26.500   622   642 I AppsFilter: interaction: PackageSetting{76fcc0a com.visioncameraidentifier/10209} -> PackageSetting{af1f0f3 com.android.systemui.emulation.pixel_9_pro_xl/10073} BLOCKED
09-17 09:48:26.500   622   642 I AppsFilter: interaction: PackageSetting{76fcc0a com.visioncameraidentifier/10209} -> PackageSetting{f5fd1b0 com.android.companiondevicemanager.auto_generated_characteristics_rro/10002} BLOCKED
09-17 09:48:26.500   622   642 I AppsFilter: interaction: PackageSetting{76fcc0a com.visioncameraidentifier/10209} -> PackageSetting{bd01829 com.android.internal.systemui.navbar.gestural/10045} BLOCKED
09-17 09:48:26.500   622   642 I AppsFilter: interaction: PackageSetting{76fcc0a com.visioncameraidentifier/10209} -> PackageSetting{6ade6b3 com.google.android.apps.youtube.music/10166} BLOCKED
09-17 09:48:26.500   622   642 I AppsFilter: interaction: PackageSetting{76fcc0a com.visioncameraidentifier/10209} -> PackageSetting{5c7f470 com.android.bluetoothmidiservice/10113} BLOCKED
09-17 09:48:26.500   622   642 I AppsFilter: interaction: PackageSetting{76fcc0a com.visioncameraidentifier/10209} -> PackageSetting{ee858dc com.android.storagemanager.auto_generated_rro_product__/10052} BLOCKED
09-17 09:48:26.500   622   642 I AppsFilter: interaction: PackageSetting{76fcc0a com.visioncameraidentifier/10209} -> PackageSetting{13d63e9 com.google.android.cellbroadcastreceiver/10206} BLOCKED
09-17 09:48:26.500   622   642 I AppsFilter: interaction: PackageSetting{76fcc0a com.visioncameraidentifier/10209} -> PackageSetting{5f88b6b com.android.phone.auto_generated_rro_product__/10077} BLOCKED
09-17 09:48:26.501   622   642 I AppsFilter: interaction: PackageSetting{76fcc0a com.visioncameraidentifier/10209} -> PackageSetting{51026c8 com.android.systemui.emulation.pixel_9_pro_fold/10072} BLOCKED
09-17 09:48:26.501   622   642 I AppsFilter: interaction: PackageSetting{76fcc0a com.visioncameraidentifier/10209} -> PackageSetting{a61a361 android.auto_generated_rro_product__/10084} BLOCKED
09-17 09:48:26.501   622   642 I AppsFilter: interaction: PackageSetting{76fcc0a com.visioncameraidentifier/10209} -> PackageSetting{acab86e com.google.android.inputmethod.latin/10155} BLOCKED
09-17 09:48:26.501   622   642 I AppsFilter: interaction: PackageSetting{76fcc0a com.visioncameraidentifier/10209} -> PackageSetting{7927347 android.auto_generated_rro_vendor__/10090} BLOCKED
09-17 09:48:26.501   622   642 I AppsFilter: interaction: PackageSetting{76fcc0a com.visioncameraidentifier/10209} -> PackageSetting{f963b0f com.google.android.apps.restore/10133} BLOCKED
09-17 09:48:26.555 25040 25086 I cr_WVCFactoryProvider: Loaded version=124.0.6367.219 minSdkVersion=29 isBundle=false multiprocess=true packageId=2
09-17 09:48:26.570 25040 25086 D nativeloader: Load /data/app/~~-nB2I4xNad3b5Q6wHBp13Q==/com.google.android.trichromelibrary_636771938-zDAxrV_HFR6CV69zDrFOgw==/TrichromeLibrary.apk!/lib/x86_64/libmonochrome_64.so using ns clns-9 from class loader (caller=/data/app/~~d5PBmOwSqd53znaFveeJFA==/com.google.android.webview-l0CiuhAkodEQ-Mc34gIiqA==/WebViewGoogle.apk): ok
09-17 09:48:26.575 25040 25086 D nativeloader: Load /system/lib64/libwebviewchromium_plat_support.so using ns clns-9 from class loader (caller=/data/app/~~d5PBmOwSqd53znaFveeJFA==/com.google.android.webview-l0CiuhAkodEQ-Mc34gIiqA==/WebViewGoogle.apk): ok
09-17 09:48:26.583 25040 25104 E chromium: [0917/094826.582517:ERROR:variations_seed_loader.cc(37)] Seed missing signature.
09-17 09:48:26.583 25040 25104 I chromium: [0917/094826.583287:INFO:variations_seed_loader.cc(66)] Failed to open file for reading.: No such file or directory (2)
09-17 09:48:26.595 25040 25086 I cr_LibraryLoader: Successfully loaded native library
09-17 09:48:26.597 25040 25086 I cr_CachingUmaRecorder: Flushed 6 samples from 6 histograms, 0 samples were dropped.
09-17 09:48:26.612 25040 25108 D TrafficStats: tagSocket(139) with statsTag=0xffffffff, statsUid=-1
09-17 09:48:26.844   622  3520 E TaskPersister: File error accessing recents directory (directory doesn't exist?).
09-17 09:48:27.000 25040 25085 I ReactNativeJS: Running "VisionCameraIdentifier" with {"rootTag":11}
09-17 09:48:27.003 25040 25109 D TrafficStats: tagSocket(139) with statsTag=0xffffffff, statsUid=-1
09-17 09:48:27.273 25040 25085 D nativeloader: Load /data/app/~~hefF6NeB-TcPBsXRY90qkA==/com.visioncameraidentifier-V6bsX23HH0Vu6SL7mmhnBA==/base.apk!/lib/x86_64/librnworklets.so using ns clns-7 from class loader (caller=/data/app/~~hefF6NeB-TcPBsXRY90qkA==/com.visioncameraidentifier-V6bsX23HH0Vu6SL7mmhnBA==/base.apk!classes2.dex): ok
09-17 09:48:27.274 25040 25085 I ReactNativeJS: Loading react-native-worklets-core...
09-17 09:48:27.281 25040 25085 D nativeloader: Load /data/app/~~hefF6NeB-TcPBsXRY90qkA==/com.visioncameraidentifier-V6bsX23HH0Vu6SL7mmhnBA==/base.apk!/lib/x86_64/libturbomodulejsijni.so using ns clns-7 from class loader (caller=/data/app/~~hefF6NeB-TcPBsXRY90qkA==/com.visioncameraidentifier-V6bsX23HH0Vu6SL7mmhnBA==/base.apk): ok
09-17 09:48:27.287 25040 25085 I ReactNativeJS: Worklets loaded successfully
09-17 09:48:27.300 25040 25085 I VisionCameraProxy: Initializing VisionCameraProxy...
09-17 09:48:27.300 25040 25085 I VisionCameraProxy: Creating Worklet Context...
09-17 09:48:27.306 25040 25085 I VisionCameraProxy: Worklet Context created!
09-17 09:48:27.314 25040 25085 D BackupHdrProfileEncoderProfilesProvider: Base Bitrate(1200000bps) * Bit Depth Ratio (10 / 8) = 1500000
09-17 09:48:27.314 25040 25085 E CapabilitiesByQuality: No supported EncoderProfiles
09-17 09:48:27.315 25040 25085 D CapabilitiesByQuality: profiles = ImmutableEncoderProfilesProxy{defaultDurationSeconds=60, recommendedFileFormat=2, audioProfiles=[AudioProfileProxy{codec=1, mediaType=audio/3gpp, bitrate=12200, sampleRate=8000, channels=1, profile=-1}], videoProfiles=[VideoProfileProxy{codec=2, mediaType=video/avc, bitrate=1200000, frameRate=30, width=1280, height=720, profile=-1, bitDepth=8, chromaSubsampling=0, hdrFormat=0}]}
09-17 09:48:27.332 25040 25085 D CapabilitiesByQuality: profiles = ImmutableEncoderProfilesProxy{defaultDurationSeconds=60, recommendedFileFormat=2, audioProfiles=[AudioProfileProxy{codec=1, mediaType=audio/3gpp, bitrate=12200, sampleRate=8000, channels=1, profile=-1}], videoProfiles=[VideoProfileProxy{codec=2, mediaType=video/avc, bitrate=1200000, frameRate=30, width=1280, height=720, profile=-1, bitDepth=8, chromaSubsampling=0, hdrFormat=0}]}
09-17 09:48:27.394 25040 25040 D nativeloader: Load /data/app/~~hefF6NeB-TcPBsXRY90qkA==/com.visioncameraidentifier-V6bsX23HH0Vu6SL7mmhnBA==/base.apk!/lib/x86_64/libreact_featureflagsjni.so using ns clns-7 from class loader (caller=/data/app/~~hefF6NeB-TcPBsXRY90qkA==/com.visioncameraidentifier-V6bsX23HH0Vu6SL7mmhnBA==/base.apk): ok
09-17 09:48:27.633 25040 25040 I CameraSession: Camera Lifecycle changed to CREATED!
09-17 09:48:27.635 25040 25040 I CameraView: Updating CameraSession...
09-17 09:48:27.644 25040 25040 I CameraView: Updating CameraSession...
09-17 09:48:27.646 25040 25040 I CameraView: Updating CameraSession...
09-17 09:48:27.647 25040 25040 I CameraSession: configure { ... }: Waiting for lock...
09-17 09:48:27.647 25040 25040 I CameraView: A new configure { ... } call arrived, aborting this one...
09-17 09:48:27.649 25040 25040 I CameraSession: configure { ... }: Waiting for lock...
09-17 09:48:27.649 25040 25040 I CameraView: A new configure { ... } call arrived, aborting this one...
09-17 09:48:27.650 25040 25040 I CameraSession: configure { ... }: Waiting for lock...
09-17 09:48:27.650 25040 25040 I CameraSession: configure { ... }: Updating CameraSession Configuration... Difference(deviceChanged=true, outputsChanged=true, sidePropsChanged=true, isActiveChanged=true, orientationChanged=true, locationChanged=true)
09-17 09:48:27.654 25040 25040 I CameraSession: Creating new Outputs for Camera #10...
09-17 09:48:27.655 25040 25040 I CameraSession: Using FPS Range: [30, 30]
09-17 09:48:27.655 25040 25040 I CameraSession: Creating Preview output...
09-17 09:48:27.660 25040 25040 I CameraSession: Creating Video output...
09-17 09:48:27.660 25040 25040 I CameraSession: Creating new Recorder...
09-17 09:48:27.662 25040 25040 I CameraSession: Video size: 1280x720
09-17 09:48:27.664 25040 25040 I CameraSession: Creating YUV Frame Processor output...
09-17 09:48:27.666 25040 25040 I CameraSession: Frame Processor size: 1280x720
09-17 09:48:27.669 25040 25040 I CameraSession: Successfully created new Outputs for Camera #10!
09-17 09:48:27.670 25040 25040 I CameraSession: Binding Camera #10...
09-17 09:48:27.672 25040 25040 I CameraSession: Binding 3 use-cases...
09-17 09:48:27.675 25040 25040 D DeviceQuirks: core DeviceQuirks = SurfaceOrderQuirk
09-17 09:48:27.693 25040 25040 D CapabilitiesByQuality: profiles = ImmutableEncoderProfilesProxy{defaultDurationSeconds=60, recommendedFileFormat=2, audioProfiles=[AudioProfileProxy{codec=1, mediaType=audio/3gpp, bitrate=12200, sampleRate=8000, channels=1, profile=-1}], videoProfiles=[VideoProfileProxy{codec=2, mediaType=video/avc, bitrate=1200000, frameRate=30, width=1280, height=720, profile=-1, bitDepth=8, chromaSubsampling=0, hdrFormat=0}]}
09-17 09:48:27.693 25040 25040 D QualitySelector: supportedQualities = [ConstantQuality{value=5, name=HD, typicalSizes=[1280x720]}]
09-17 09:48:27.693 25040 25040 D VideoCapture: Found selectedQualities [ConstantQuality{value=5, name=HD, typicalSizes=[1280x720]}] by QualitySelector{preferredQualities=[ConstantQuality{value=5, name=HD, typicalSizes=[1280x720]}], fallbackStrategy=RuleStrategy{fallbackQuality=ConstantQuality{value=5, name=HD, typicalSizes=[1280x720]}, fallbackRule=1}}
09-17 09:48:27.694 25040 25040 D VideoCapture: Set custom ordered resolutions = [1280x720]
09-17 09:48:27.702 25040 25040 D DynamicRangeResolver: Resolved dynamic range for use case androidx.camera.core.Preview-ce06a4e5-5763-4a1a-8ec8-24beda42435a to no compatible HDR dynamic ranges.
09-17 09:48:27.702 25040 25040 D DynamicRangeResolver: DynamicRange@646cea0{encoding=UNSPECIFIED, bitDepth=0}
09-17 09:48:27.702 25040 25040 D DynamicRangeResolver: ->
09-17 09:48:27.702 25040 25040 D DynamicRangeResolver: DynamicRange@7b40ba3{encoding=SDR, bitDepth=8}
09-17 09:48:27.712 25040 25040 D CapabilitiesByQuality: profiles = ImmutableEncoderProfilesProxy{defaultDurationSeconds=60, recommendedFileFormat=2, audioProfiles=[AudioProfileProxy{codec=1, mediaType=audio/3gpp, bitrate=12200, sampleRate=8000, channels=1, profile=-1}], videoProfiles=[VideoProfileProxy{codec=2, mediaType=video/avc, bitrate=1200000, frameRate=30, width=1280, height=720, profile=-1, bitDepth=8, chromaSubsampling=0, hdrFormat=0}]}
09-17 09:48:27.712 25040 25040 D QualitySelector: supportedQualities = [ConstantQuality{value=5, name=HD, typicalSizes=[1280x720]}]
09-17 09:48:27.713 25040 25040 D VideoCapture: Found selectedQualities [ConstantQuality{value=5, name=HD, typicalSizes=[1280x720]}] by QualitySelector{preferredQualities=[ConstantQuality{value=5, name=HD, typicalSizes=[1280x720]}], fallbackStrategy=RuleStrategy{fallbackQuality=ConstantQuality{value=5, name=HD, typicalSizes=[1280x720]}, fallbackRule=1}}
09-17 09:48:27.714 25040 25040 D VideoCapture: Set custom ordered resolutions = [1280x720]
09-17 09:48:27.716 25040 25040 D ResolutionsMerger: The closer aspect ratio to the sensor size (1280x960) is 4/3.
09-17 09:48:27.725 25040 25040 D ResolutionsMerger: Parent resolutions: [1280x960, 1280x720]
09-17 09:48:27.729 25040 25040 D CameraQuirks: camera2 CameraQuirks = 
09-17 09:48:27.729 25040 25040 D CameraQuirks: camera2 CameraQuirks = 
09-17 09:48:27.736 25040 25040 D CompatChangeReporter: Compat change id reported: 236825255; UID 10209; state: ENABLED
09-17 09:48:27.745 25040 25040 D DeferrableSurface: Surface created[total_surfaces=1, used_surfaces=0](androidx.camera.core.impl.ImmediateSurface@f4e8b91}
09-17 09:48:27.753 25040 25040 D ResolutionsMerger: Parent resolutions: [1280x960, 1280x720]
09-17 09:48:27.762 25040 25040 D CapabilitiesByQuality: profiles = ImmutableEncoderProfilesProxy{defaultDurationSeconds=60, recommendedFileFormat=2, audioProfiles=[AudioProfileProxy{codec=1, mediaType=audio/3gpp, bitrate=12200, sampleRate=8000, channels=1, profile=-1}], videoProfiles=[VideoProfileProxy{codec=2, mediaType=video/avc, bitrate=1200000, frameRate=30, width=1280, height=720, profile=-1, bitDepth=8, chromaSubsampling=0, hdrFormat=0}]}
09-17 09:48:27.762 25040 25040 D QualitySelector: supportedQualities = [ConstantQuality{value=5, name=HD, typicalSizes=[1280x720]}]
09-17 09:48:27.762 25040 25040 D VideoCapture: Found selectedQualities [ConstantQuality{value=5, name=HD, typicalSizes=[1280x720]}] by QualitySelector{preferredQualities=[ConstantQuality{value=5, name=HD, typicalSizes=[1280x720]}], fallbackStrategy=RuleStrategy{fallbackQuality=ConstantQuality{value=5, name=HD, typicalSizes=[1280x720]}, fallbackRule=1}}
09-17 09:48:27.763 25040 25040 D VideoCapture: Set custom ordered resolutions = [1280x720]
09-17 09:48:27.770 25040 25040 D DeferrableSurface: Surface created[total_surfaces=2, used_surfaces=0](androidx.camera.core.processing.SurfaceEdge$SettableSurface@c90c63d}
09-17 09:48:27.806 25040 25086 D CompatChangeReporter: Compat change id reported: 289878283; UID 10209; state: ENABLED
09-17 09:48:27.808 25040 25048 W ameraidentifier: ApkAssets: Deleting an ApkAssets object '<empty> and /data/app/~~d5PBmOwSqd53znaFveeJFA==/com.google.android.webview-l0CiuhAkodEQ-Mc34gIiqA==/WebViewGoogle.apk' with 2 weak references
09-17 09:48:27.855 25040 25116 D OpenGlRenderer: EGLContext created, client version 3
