09-17 09:48:28.773   425   425 I RefreshRateSelector: 0 mode changes were performed under the previous policy
09-17 09:48:28.773   425   425 D DisplayModeController: setDesiredMode 4619827259835644672 {mode={fps=60.00 Hz, modePtr={id=0, vsyncRate=60.00 Hz, peakRefreshRate=60.00 Hz}}, emitEvent=true, force=false}
09-17 09:48:28.904   622   653 W Looper  : Slow dispatch took 137ms android.ui h=com.android.server.am.ActivityManagerService$UiHandler c=com.android.server.am.ErrorDialogController$$ExternalSyntheticLambda5@7db46b m=0
09-17 09:48:28.937   622   653 D CoreBackPreview: Window{b92c929 u0 Application Error: com.visioncameraidentifier}: Setting back callback OnBackInvokedCallbackInfo{mCallback=android.window.WindowOnBackInvokedDispatcher$OnBackInvokedCallbackWrapper@8a24b86, mPriority=0, mIsAnimationCallback=false}
09-17 09:48:28.962  1209  1263 D WindowManagerShell: setLauncherKeepClearAreaHeight: visible=true, height=527
09-17 09:48:28.967  1500  1500 D StatsLog: LAUNCHER_ONRESUME
09-17 09:48:28.992   622  1838 W AppSearchIcing: icing-search-engine.cc:321: Error: 5, Message: Document (com.google.android.googlequicksearchbox$OneSearchZeroStateGoogleSuggestions/default, zp) not found.
09-17 09:48:28.994  1500  1500 D NexusLauncherModelDelegate: notifySmartspaceEvent: SmartspaceTargetEvent{mSmartspaceTarget=null, mSmartspaceActionId='null', mEventType=6}
09-17 09:48:28.995  1500  2382 D OneSearchSuggestProvider: AppSearch 0-state cache not available, fallback to AGA
09-17 09:48:28.995  1500  2382 D OneSearchSuggestProvider: java.util.concurrent.CompletionException: java.util.NoSuchElementException: No value present
09-17 09:48:28.995  1500  2382 D OneSearchSuggestProvider: 	at java.util.concurrent.CompletableFuture.encodeThrowable(CompletableFuture.java:308)
09-17 09:48:28.995  1500  2382 D OneSearchSuggestProvider: 	at java.util.concurrent.CompletableFuture.completeThrowable(CompletableFuture.java:323)
09-17 09:48:28.995  1500  2382 D OneSearchSuggestProvider: 	at java.util.concurrent.CompletableFuture$UniAccept.tryFire(CompletableFuture.java:684)
09-17 09:48:28.995  1500  2382 D OneSearchSuggestProvider: 	at java.util.concurrent.CompletableFuture.postComplete(CompletableFuture.java:486)
09-17 09:48:28.995  1500  2382 D OneSearchSuggestProvider: 	at java.util.concurrent.CompletableFuture.completeExceptionally(CompletableFuture.java:2138)
09-17 09:48:28.995  1500  2382 D OneSearchSuggestProvider: 	at com.google.android.apps.nexuslauncher.allapps.E0.onResult(go/retraceme 2855a437b73635ce9cad76b9289087e631bbb67fc90008a0da13d343a00e5041:67)
09-17 09:48:28.995  1500  2382 D OneSearchSuggestProvider: 	at android.app.appsearch.SearchSessionUtil$1.lambda$onResult$0(go/retraceme 64eee9e9f568ff45978879ad2ff83146f2618ee8a88278736fbdf5fae931976e:144)
09-17 09:48:28.995  1500  2382 D OneSearchSuggestProvider: 	at android.app.appsearch.SearchSessionUtil$1.$r8$lambda$CEk3q8sDAQVhU3rQwVueB8FAj_M(go/retraceme 64eee9e9f568ff45978879ad2ff83146f2618ee8a88278736fbdf5fae931976e:1)
09-17 09:48:28.995  1500  2382 D OneSearchSuggestProvider: 	at android.app.appsearch.SearchSessionUtil$1$$ExternalSyntheticLambda0.run(go/retraceme 64eee9e9f568ff45978879ad2ff83146f2618ee8a88278736fbdf5fae931976e:22)
09-17 09:48:28.995  1500  2382 D OneSearchSuggestProvider: 	at android.os.Handler.handleCallback(Handler.java:959)
09-17 09:48:28.995  1500  2382 D OneSearchSuggestProvider: 	at android.os.Handler.dispatchMessage(Handler.java:100)
09-17 09:48:28.995  1500  2382 D OneSearchSuggestProvider: 	at android.os.Looper.loopOnce(Looper.java:232)
09-17 09:48:28.995  1500  2382 D OneSearchSuggestProvider: 	at android.os.Looper.loop(Looper.java:317)
09-17 09:48:28.995  1500  2382 D OneSearchSuggestProvider: 	at android.os.HandlerThread.run(HandlerThread.java:85)
09-17 09:48:28.995  1500  2382 D OneSearchSuggestProvider: Caused by: java.util.NoSuchElementException: No value present
09-17 09:48:28.995  1500  2382 D OneSearchSuggestProvider: 	at java.util.Optional.get(Optional.java:143)
09-17 09:48:28.995  1500  2382 D OneSearchSuggestProvider: 	at com.google.android.apps.nexuslauncher.allapps.E0.onResult(go/retraceme 2855a437b73635ce9cad76b9289087e631bbb67fc90008a0da13d343a00e5041:28)
09-17 09:48:28.995  1500  2382 D OneSearchSuggestProvider: 	... 8 more
09-17 09:48:28.998 25040 25142 W ImageReader_JNI: Unable to acquire a buffer item, very likely client tried to acquire more than maxImages buffers
09-17 09:48:28.998 25040 25126 I CameraView: invokeOnAverageFpsChanged(NaN)
09-17 09:48:28.999 25040 25142 E ImageAnalysisAnalyzer: Failed to acquire image.
09-17 09:48:28.999 25040 25142 E ImageAnalysisAnalyzer: java.lang.IllegalStateException: maxImages (6) has already been acquired, call #close before acquiring more.
09-17 09:48:28.999 25040 25142 E ImageAnalysisAnalyzer: 	at android.media.ImageReader.acquireNextImage(ImageReader.java:662)
09-17 09:48:28.999 25040 25142 E ImageAnalysisAnalyzer: 	at androidx.camera.core.AndroidImageReaderProxy.acquireNextImage(AndroidImageReaderProxy.java:86)
09-17 09:48:28.999 25040 25142 E ImageAnalysisAnalyzer: 	at androidx.camera.core.SafeCloseImageReaderProxy.acquireNextImage(SafeCloseImageReaderProxy.java:86)
09-17 09:48:28.999 25040 25142 E ImageAnalysisAnalyzer: 	at androidx.camera.core.ImageAnalysisBlockingAnalyzer.acquireImage(ImageAnalysisBlockingAnalyzer.java:39)
09-17 09:48:28.999 25040 25142 E ImageAnalysisAnalyzer: 	at androidx.camera.core.ImageAnalysisAbstractAnalyzer.onImageAvailable(ImageAnalysisAbstractAnalyzer.java:126)
09-17 09:48:28.999 25040 25142 E ImageAnalysisAnalyzer: 	at androidx.camera.core.SafeCloseImageReaderProxy.lambda$setOnImageAvailableListener$1$androidx-camera-core-SafeCloseImageReaderProxy(SafeCloseImageReaderProxy.java:211)
09-17 09:48:28.999 25040 25142 E ImageAnalysisAnalyzer: 	at androidx.camera.core.SafeCloseImageReaderProxy$$ExternalSyntheticLambda0.onImageAvailable(D8$$SyntheticClass:0)
09-17 09:48:28.999 25040 25142 E ImageAnalysisAnalyzer: 	at androidx.camera.core.AndroidImageReaderProxy.lambda$setOnImageAvailableListener$0$androidx-camera-core-AndroidImageReaderProxy(AndroidImageReaderProxy.java:167)
09-17 09:48:28.999 25040 25142 E ImageAnalysisAnalyzer: 	at androidx.camera.core.AndroidImageReaderProxy$$ExternalSyntheticLambda0.run(D8$$SyntheticClass:0)
09-17 09:48:28.999 25040 25142 E ImageAnalysisAnalyzer: 	at java.util.concurrent.ThreadPoolExecutor.runWorker(ThreadPoolExecutor.java:1145)
09-17 09:48:28.999 25040 25142 E ImageAnalysisAnalyzer: 	at java.util.concurrent.ThreadPoolExecutor$Worker.run(ThreadPoolExecutor.java:644)
09-17 09:48:28.999 25040 25142 E ImageAnalysisAnalyzer: 	at java.lang.Thread.run(Thread.java:1012)
09-17 09:48:28.999 25040 25142 W ImageReader_JNI: Unable to acquire a buffer item, very likely client tried to acquire more than maxImages buffers
09-17 09:48:29.020 25040 25142 E ImageAnalysisAnalyzer: Failed to acquire image.
09-17 09:48:29.020 25040 25142 E ImageAnalysisAnalyzer: java.lang.IllegalStateException: maxImages (6) has already been acquired, call #close before acquiring more.
09-17 09:48:29.020 25040 25142 E ImageAnalysisAnalyzer: 	at android.media.ImageReader.acquireNextImage(ImageReader.java:662)
09-17 09:48:29.020 25040 25142 E ImageAnalysisAnalyzer: 	at androidx.camera.core.AndroidImageReaderProxy.acquireNextImage(AndroidImageReaderProxy.java:86)
09-17 09:48:29.020 25040 25142 E ImageAnalysisAnalyzer: 	at androidx.camera.core.SafeCloseImageReaderProxy.acquireNextImage(SafeCloseImageReaderProxy.java:86)
09-17 09:48:29.020 25040 25142 E ImageAnalysisAnalyzer: 	at androidx.camera.core.ImageAnalysisBlockingAnalyzer.acquireImage(ImageAnalysisBlockingAnalyzer.java:39)
09-17 09:48:29.020 25040 25142 E ImageAnalysisAnalyzer: 	at androidx.camera.core.ImageAnalysisAbstractAnalyzer.onImageAvailable(ImageAnalysisAbstractAnalyzer.java:126)
09-17 09:48:29.020 25040 25142 E ImageAnalysisAnalyzer: 	at androidx.camera.core.SafeCloseImageReaderProxy.lambda$setOnImageAvailableListener$1$androidx-camera-core-SafeCloseImageReaderProxy(SafeCloseImageReaderProxy.java:211)
09-17 09:48:29.020 25040 25142 E ImageAnalysisAnalyzer: 	at androidx.camera.core.SafeCloseImageReaderProxy$$ExternalSyntheticLambda0.onImageAvailable(D8$$SyntheticClass:0)
09-17 09:48:29.020 25040 25142 E ImageAnalysisAnalyzer: 	at androidx.camera.core.AndroidImageReaderProxy.lambda$setOnImageAvailableListener$0$androidx-camera-core-AndroidImageReaderProxy(AndroidImageReaderProxy.java:167)
09-17 09:48:29.020 25040 25142 E ImageAnalysisAnalyzer: 	at androidx.camera.core.AndroidImageReaderProxy$$ExternalSyntheticLambda0.run(D8$$SyntheticClass:0)
09-17 09:48:29.020 25040 25142 E ImageAnalysisAnalyzer: 	at java.util.concurrent.ThreadPoolExecutor.runWorker(ThreadPoolExecutor.java:1145)
09-17 09:48:29.020 25040 25142 E ImageAnalysisAnalyzer: 	at java.util.concurrent.ThreadPoolExecutor$Worker.run(ThreadPoolExecutor.java:644)
09-17 09:48:29.020 25040 25142 E ImageAnalysisAnalyzer: 	at java.lang.Thread.run(Thread.java:1012)
09-17 09:48:28.996  1500  2382 D OneSearchSuggestProvider: Created the binder channel successfully for end point service =com.google.android.apps.search.googleapp.search.suggest.plugins.onesearch.server.OneSearchSuggestService , mChannel=i1{delegate=f{logId=213, target=directaddress:///AndroidComponentAddress%5BIntent%20%7B%20act=grpc.io.action.BIND%20cmp=com.google.android.googlequicksearchbox/com.google.android.apps.search.googleapp.search.suggest.plugins.onesearch.server.OneSearchSuggestService%20%7D%5D}} , mOneSearchConnection=l2.Z@f0e8f5c
09-17 09:48:29.027  1500  1538 D QuickstepModelDelegate: notifyAppTargetEvent action=1 launchLocation=workspace/0/[-1,-1]/[1,1]
09-17 09:48:29.041 10583 10583 I A       : (REDACTED) Created gRPC endpoint for service %s
09-17 09:48:29.049 25040 25142 W ImageReader_JNI: Unable to acquire a buffer item, very likely client tried to acquire more than maxImages buffers
09-17 09:48:29.050 25040 25142 E ImageAnalysisAnalyzer: Failed to acquire image.
09-17 09:48:29.050 25040 25142 E ImageAnalysisAnalyzer: java.lang.IllegalStateException: maxImages (6) has already been acquired, call #close before acquiring more.
09-17 09:48:29.050 25040 25142 E ImageAnalysisAnalyzer: 	at android.media.ImageReader.acquireNextImage(ImageReader.java:662)
09-17 09:48:29.050 25040 25142 E ImageAnalysisAnalyzer: 	at androidx.camera.core.AndroidImageReaderProxy.acquireNextImage(AndroidImageReaderProxy.java:86)
09-17 09:48:29.050 25040 25142 E ImageAnalysisAnalyzer: 	at androidx.camera.core.SafeCloseImageReaderProxy.acquireNextImage(SafeCloseImageReaderProxy.java:86)
09-17 09:48:29.050 25040 25142 E ImageAnalysisAnalyzer: 	at androidx.camera.core.ImageAnalysisBlockingAnalyzer.acquireImage(ImageAnalysisBlockingAnalyzer.java:39)
09-17 09:48:29.050 25040 25142 E ImageAnalysisAnalyzer: 	at androidx.camera.core.ImageAnalysisAbstractAnalyzer.onImageAvailable(ImageAnalysisAbstractAnalyzer.java:126)
09-17 09:48:29.050 25040 25142 E ImageAnalysisAnalyzer: 	at androidx.camera.core.SafeCloseImageReaderProxy.lambda$setOnImageAvailableListener$1$androidx-camera-core-SafeCloseImageReaderProxy(SafeCloseImageReaderProxy.java:211)
09-17 09:48:29.050 25040 25142 E ImageAnalysisAnalyzer: 	at androidx.camera.core.SafeCloseImageReaderProxy$$ExternalSyntheticLambda0.onImageAvailable(D8$$SyntheticClass:0)
09-17 09:48:29.050 25040 25142 E ImageAnalysisAnalyzer: 	at androidx.camera.core.AndroidImageReaderProxy.lambda$setOnImageAvailableListener$0$androidx-camera-core-AndroidImageReaderProxy(AndroidImageReaderProxy.java:167)
09-17 09:48:29.050 25040 25142 E ImageAnalysisAnalyzer: 	at androidx.camera.core.AndroidImageReaderProxy$$ExternalSyntheticLambda0.run(D8$$SyntheticClass:0)
09-17 09:48:29.050 25040 25142 E ImageAnalysisAnalyzer: 	at java.util.concurrent.ThreadPoolExecutor.runWorker(ThreadPoolExecutor.java:1145)
09-17 09:48:29.050 25040 25142 E ImageAnalysisAnalyzer: 	at java.util.concurrent.ThreadPoolExecutor$Worker.run(ThreadPoolExecutor.java:644)
09-17 09:48:29.050 25040 25142 E ImageAnalysisAnalyzer: 	at java.lang.Thread.run(Thread.java:1012)
09-17 09:48:29.052  1500  1500 D BaseDepthController: setSurface:
09-17 09:48:29.052  1500  1500 D BaseDepthController: 	mWaitingOnSurfaceValidity: false
09-17 09:48:29.052  1500  1500 D BaseDepthController: 	mSurface: Surface(name=com.google.android.apps.nexuslauncher/com.google.android.apps.nexuslauncher.NexusLauncherActivity)/@0x3a6fa39
09-17 09:48:29.057 25040 25142 W ImageReader_JNI: Unable to acquire a buffer item, very likely client tried to acquire more than maxImages buffers
09-17 09:48:29.057 25040 25142 E ImageAnalysisAnalyzer: Failed to acquire image.
09-17 09:48:29.057 25040 25142 E ImageAnalysisAnalyzer: java.lang.IllegalStateException: maxImages (6) has already been acquired, call #close before acquiring more.
09-17 09:48:29.057 25040 25142 E ImageAnalysisAnalyzer: 	at android.media.ImageReader.acquireNextImage(ImageReader.java:662)
09-17 09:48:29.057 25040 25142 E ImageAnalysisAnalyzer: 	at androidx.camera.core.AndroidImageReaderProxy.acquireNextImage(AndroidImageReaderProxy.java:86)
09-17 09:48:29.057 25040 25142 E ImageAnalysisAnalyzer: 	at androidx.camera.core.SafeCloseImageReaderProxy.acquireNextImage(SafeCloseImageReaderProxy.java:86)
09-17 09:48:29.057 25040 25142 E ImageAnalysisAnalyzer: 	at androidx.camera.core.ImageAnalysisBlockingAnalyzer.acquireImage(ImageAnalysisBlockingAnalyzer.java:39)
09-17 09:48:29.057 25040 25142 E ImageAnalysisAnalyzer: 	at androidx.camera.core.ImageAnalysisAbstractAnalyzer.onImageAvailable(ImageAnalysisAbstractAnalyzer.java:126)
09-17 09:48:29.057 25040 25142 E ImageAnalysisAnalyzer: 	at androidx.camera.core.SafeCloseImageReaderProxy.lambda$setOnImageAvailableListener$1$androidx-camera-core-SafeCloseImageReaderProxy(SafeCloseImageReaderProxy.java:211)
09-17 09:48:29.057 25040 25142 E ImageAnalysisAnalyzer: 	at androidx.camera.core.SafeCloseImageReaderProxy$$ExternalSyntheticLambda0.onImageAvailable(D8$$SyntheticClass:0)
09-17 09:48:29.057 25040 25142 E ImageAnalysisAnalyzer: 	at androidx.camera.core.AndroidImageReaderProxy.lambda$setOnImageAvailableListener$0$androidx-camera-core-AndroidImageReaderProxy(AndroidImageReaderProxy.java:167)
09-17 09:48:29.057 25040 25142 E ImageAnalysisAnalyzer: 	at androidx.camera.core.AndroidImageReaderProxy$$ExternalSyntheticLambda0.run(D8$$SyntheticClass:0)
09-17 09:48:29.057 25040 25142 E ImageAnalysisAnalyzer: 	at java.util.concurrent.ThreadPoolExecutor.runWorker(ThreadPoolExecutor.java:1145)
09-17 09:48:29.057 25040 25142 E ImageAnalysisAnalyzer: 	at java.util.concurrent.ThreadPoolExecutor$Worker.run(ThreadPoolExecutor.java:644)
09-17 09:48:29.057 25040 25142 E ImageAnalysisAnalyzer: 	at java.lang.Thread.run(Thread.java:1012)
09-17 09:48:29.058   622   655 W WindowManager: Cannot find camera activity.
09-17 09:48:29.061 25040 25056 D EGL_emulation: app_time_stats: avg=424.87ms min=6.85ms max=3729.15ms count=11
09-17 09:48:29.069  1209  1332 D EGL_emulation: app_time_stats: avg=38.49ms min=2.90ms max=320.89ms count=22
09-17 09:48:29.077  1776  2010 I AiAiEcho: Predicting[0]:  [CONTEXT sampling_count=5 ]
09-17 09:48:29.077  1776  2010 I AiAiEcho: EchoTargets: 
09-17 09:48:29.077  1776  2010 I AiAiEcho: Filtered by AiAi flag check: 
09-17 09:48:29.077  1776  2010 I AiAiEcho: [CONTEXT ratelimit_period="10 SECONDS" ]
09-17 09:48:29.077  1776  2010 I AiAiEcho: Ranked targets strategy: SORT, count: 0, ranking metadata:  [CONTEXT ratelimit_period="10 SECONDS" ]
09-17 09:48:29.078  1776  2010 I AiAiEcho: #remoteViewsTwiddler: feature disabled.
09-17 09:48:29.079  1776  2010 I AiAiEcho: #postPredictionTargets: Sending updates to UISurface home with targets# 0 (types=[])
09-17 09:48:29.089  1500  1500 D SsBaseTemplateCard: No text view can be set up
09-17 09:48:29.098  1500  1500 D SsBaseTemplateCard: Passed-in item info is null
09-17 09:48:29.098  1500  1500 D SsBaseTemplateCard: Passed-in item info is null
09-17 09:48:29.098  1500  1500 D SsBaseTemplateCard: Passed-in item info is null
09-17 09:48:29.099  1500  1500 I SsBaseTemplateCard: Secondary card pane is null
09-17 09:48:29.101  1209  1601 V WindowManagerShell: onTransitionReady(transaction=2671469667964)
09-17 09:48:29.116   622   652 V WindowManager: Sent Transition (#148) createdAt=09-17 09:48:28.665 via request=TransitionRequestInfo { type = CLOSE, triggerTask = null, pipTask = null, remoteTransition = null, displayChange = null, flags = 16, debugId = 148 }
09-17 09:48:29.117   622   652 V WindowManager:     startWCT=WindowContainerTransaction { changes = {} hops = [] errorCallbackToken=null taskFragmentOrganizer=null }
09-17 09:48:29.117   622   652 V WindowManager:     info={id=148 t=CLOSE f=0x10 trk=0 r=[0@Point(0, 0)] c=[
09-17 09:48:29.117   622   652 V WindowManager:         {WCT{RemoteToken{1261451 Task{7ba21a3 #1 type=home}}} m=TO_FRONT f=SHOW_WALLPAPER|MOVE_TO_TOP leash=Surface(name=Task=1)/@0x9aba0d1 sb=Rect(0, 0 - 1080, 2400) eb=Rect(0, 0 - 1080, 2400) d=0 taskParent=-1},
09-17 09:48:29.117   622   652 V WindowManager:         {WCT{RemoteToken{f1db65 Task{3bea171 #55 type=standard A=10209:com.visioncameraidentifier}}} m=CLOSE f=NONE leash=Surface(name=Task=55)/@0x8825acf sb=Rect(0, 0 - 1080, 2400) eb=Rect(0, 0 - 1080, 2400) d=0 taskParent=-1},
09-17 09:48:29.117   622   652 V WindowManager:         {null m=TO_FRONT f=IS_WALLPAPER leash=Surface(name=WallpaperWindowToken{d90e541 token=android.os.Binder@30dc428})/@0x30d3fb6 sb=Rect(0, 0 - 1080, 2400) eb=Rect(0, 0 - 1080, 2400) d=0}
09-17 09:48:29.117   622   652 V WindowManager:     ]}
09-17 09:48:29.120  1209  1263 V WindowManagerShell: onTransitionReady (#148) android.os.BinderProxy@969868c: {id=148 t=CLOSE f=0x10 trk=0 r=[0@Point(0, 0)] c=[{WCT{android.window.IWindowContainerToken$Stub$Proxy@bb30651} m=TO_FRONT f=SHOW_WALLPAPER|MOVE_TO_TOP leash=Surface(name=Task=1)/@0x53521d5 sb=Rect(0, 0 - 1080, 2400) eb=Rect(0, 0 - 1080, 2400) d=0 taskParent=-1},{WCT{android.window.IWindowContainerToken$Stub$Proxy@acc8eb6} m=CLOSE f=NONE leash=Surface(name=Task=55)/@0x7ac7dea sb=Rect(0, 0 - 1080, 2400) eb=Rect(0, 0 - 1080, 2400) d=0 taskParent=-1},{null m=TO_FRONT f=IS_WALLPAPER leash=Surface(name=WallpaperWindowToken{d90e541 token=android.os.Binder@30dc428})/@0xfcb18db sb=Rect(0, 0 - 1080, 2400) eb=Rect(0, 0 - 1080, 2400) d=0}]}
09-17 09:48:29.125  1209  1263 V WindowManagerShell: Playing animation for (#148) android.os.BinderProxy@969868c@0
09-17 09:48:29.127  1209  1263 V WindowManagerShell:  try handler com.android.wm.shell.transition.DefaultMixedHandler@5f88e75
09-17 09:48:29.127  1209  1263 V WindowManagerShell:  try handler com.android.wm.shell.keyguard.KeyguardTransitionHandler@9ba7e0a
09-17 09:48:29.127  1209  1263 V WindowManagerShell:  try handler com.android.wm.shell.pip.PipTransition@c8ae67b
09-17 09:48:29.127  1209  1263 V WindowManagerShell:  try handler com.android.wm.shell.activityembedding.ActivityEmbeddingController@77fcc98
09-17 09:48:29.128  1209  1263 V WindowManagerShell:  try handler com.android.wm.shell.recents.RecentsTransitionHandler@7509cf1
09-17 09:48:29.128  1209  1263 V ShellRecents: RecentsTransitionHandler.startAnimation: no controller found
09-17 09:48:29.128  1209  1263 V WindowManagerShell:  try handler com.android.wm.shell.splitscreen.StageCoordinator@8a70d6
09-17 09:48:29.128  1209  1263 V WindowManagerShell:  try handler com.android.wm.shell.transition.RemoteTransitionHandler@4d76f57
09-17 09:48:29.128  1209  1263 V WindowManagerShell: Transition doesn't have explicit remote, search filters for match for {id=148 t=CLOSE f=0x10 trk=0 r=[0@Point(0, 0)] c=[{WCT{android.window.IWindowContainerToken$Stub$Proxy@bb30651} m=TO_FRONT f=SHOW_WALLPAPER|MOVE_TO_TOP leash=Surface(name=Task=1)/@0x53521d5 sb=Rect(0, 0 - 1080, 2400) eb=Rect(0, 0 - 1080, 2400) d=0 taskParent=-1},{WCT{android.window.IWindowContainerToken$Stub$Proxy@acc8eb6} m=CLOSE f=NONE leash=Surface(name=Task=55)/@0x7ac7dea sb=Rect(0, 0 - 1080, 2400) eb=Rect(0, 0 - 1080, 2400) d=0 taskParent=-1},{null m=TO_FRONT f=IS_WALLPAPER leash=Surface(name=WallpaperWindowToken{d90e541 token=android.os.Binder@30dc428})/@0xfcb18db sb=Rect(0, 0 - 1080, 2400) eb=Rect(0, 0 - 1080, 2400) d=0}]}
09-17 09:48:29.148  1209  1263 V WindowManagerShell:  Checking filter Pair{{types=[] flags=0x0] notFlags=0x0 checks=[{atype=undefined independent=true modes=[OPEN,TO_FRONT] flags=IN_TASK_WITH_EMBEDDED_ACTIVITY mustBeTask=false order=ANY topActivity=ComponentInfo{com.google.android.apps.nexuslauncher/com.google.android.apps.nexuslauncher.NexusLauncherActivity} launchCookie=null},{atype=undefined independent=true modes=[CLOSE,TO_BACK] flags=IN_TASK_WITH_EMBEDDED_ACTIVITY mustBeTask=false order=ANY topActivity=null launchCookie=null}]} RemoteTransition { remoteTransition = android.window.IRemoteTransition$Stub$Proxy@e4c8e51, appThread = android.app.IApplicationThread$Stub$Proxy@d9b76b6, debugName = OverlaySwipeBack }}
09-17 09:48:29.150  1209  1263 V WindowManagerShell:  Checking filter Pair{{types=[] flags=0x0] notFlags=0x0 checks=[{atype=dream independent=true modes=[OPEN,TO_FRONT] flags=NONE mustBeTask=false order=ANY topActivity=null launchCookie=null},{atype=home independent=true modes=[CLOSE,TO_BACK] flags=NONE mustBeTask=false order=ANY topActivity=null launchCookie=null}]} RemoteTransition { remoteTransition = android.window.IRemoteTransition$Stub$Proxy@212fb7, appThread = android.app.IApplicationThread$Stub$Proxy@9354324, debugName = LauncherToDream }}
09-17 09:48:29.152  1209  1263 V WindowManagerShell:  Checking filter Pair{{types=[] flags=0x0] notFlags=0x100 checks=[{atype=home independent=true modes=[OPEN,TO_FRONT] flags=NONE mustBeTask=false order=TOP topActivity=ComponentInfo{com.google.android.apps.nexuslauncher/com.google.android.apps.nexuslauncher.NexusLauncherActivity} launchCookie=null},{atype=standard independent=true modes=[CLOSE,TO_BACK] flags=NONE mustBeTask=false order=ANY topActivity=null launchCookie=null}]} RemoteTransition { remoteTransition = android.window.IRemoteTransition$Stub$Proxy@7fabe8d, appThread = android.app.IApplicationThread$Stub$Proxy@9e04842, debugName = QuickstepLaunchHome }}
09-17 09:48:29.159  1500  2058 D EGL_emulation: app_time_stats: avg=372.49ms min=8.66ms max=4258.90ms count=12
09-17 09:48:29.152  1209  1263 D RemoteTransitionHandler: Found filterPair{{types=[] flags=0x0] notFlags=0x100 checks=[{atype=home independent=true modes=[OPEN,TO_FRONT] flags=NONE mustBeTask=false order=TOP topActivity=ComponentInfo{com.google.android.apps.nexuslauncher/com.google.android.apps.nexuslauncher.NexusLauncherActivity} launchCookie=null},{atype=standard independent=true modes=[CLOSE,TO_BACK] flags=NONE mustBeTask=false order=ANY topActivity=null launchCookie=null}]} RemoteTransition { remoteTransition = android.window.IRemoteTransition$Stub$Proxy@7fabe8d, appThread = android.app.IApplicationThread$Stub$Proxy@9e04842, debugName = QuickstepLaunchHome }}
09-17 09:48:29.177  1209  1263 V WindowManagerShell:  Delegate animation for (#148) to RemoteTransition { remoteTransition = android.window.IRemoteTransition$Stub$Proxy@7fabe8d, appThread = android.app.IApplicationThread$Stub$Proxy@9e04842, debugName = QuickstepLaunchHome }
09-17 09:48:29.188  1500  1500 D StateManager: createAtomicAnimation - fromState: Background, toState: Normal, partial trace:
09-17 09:48:29.188  1500  1500 D StateManager: 	at com.android.quickstep.util.StaggeredWorkspaceAnim.prepareToAnimate(go/retraceme 2855a437b73635ce9cad76b9289087e631bbb67fc90008a0da13d343a00e5041:22)
09-17 09:48:29.188  1500  1500 D StateManager: 	at com.android.quickstep.util.StaggeredWorkspaceAnim.<init>(go/retraceme 2855a437b73635ce9cad76b9289087e631bbb67fc90008a0da13d343a00e5041:4)
09-17 09:48:29.188  1500  1500 D StateManager: 	at com.android.quickstep.util.StaggeredWorkspaceAnim.<init>(go/retraceme 2855a437b73635ce9cad76b9289087e631bbb67fc90008a0da13d343a00e5041:1)
09-17 09:48:29.206   399   399 I RanchuHwc: logCompositionFallbackIfChanged: layer 450 CompositionType fallback from 2 to 1
09-17 09:48:29.206  1209  1263 V WindowManagerShell:  animated by com.android.wm.shell.transition.RemoteTransitionHandler@4d76f57
09-17 09:48:29.241  1500  1500 D SearchTargetUtil: queryLength=0 size=15
09-17 09:48:29.241  1500  1500 D SearchTargetUtil: layoutType=short_icon_row resultType=131072 packageName=com.google.android.googlequicksearchbox extras=Bundle{suggestion_type=33,suggest_truncate_start=false,is_answer=false,is_entity=false,is_personal=false,suggest_raw_text=greenland landslide mega tsunami,input_query=android.app.search.Query@401f3c6,group_id=web10672659,response_id=ec35f98e-2249-4eea-b103-f016b3877a1a,support_query_builder=false,} searchAction=greenland landslide mega tsunami searchActionExtras=Bundle{learn_more_url=https://support.google.com/websearch/answer/106230?hl=106230,suggestion_action_text=Report this,should_start_for_result=true,allow_pinning=true,skip_logging_in_target_handler=true,suggestion_action_rpc=2,}ParentID: null targetID: e58dca06-8dae-49f4-b098-ef530e686fc7
09-17 09:48:29.242  1500  1500 D SearchTargetUtil: layoutType=short_icon_row resultType=131072 packageName=com.google.android.googlequicksearchbox extras=Bundle{suggestion_type=33,suggest_truncate_start=false,is_answer=false,is_entity=false,is_personal=false,suggest_raw_text=auburn football new mexico,input_query=android.app.search.Query@401f3c6,group_id=web10672659,response_id=ec35f98e-2249-4eea-b103-f016b3877a1a,support_query_builder=false,} searchAction=auburn football new mexico searchActionExtras=Bundle{learn_more_url=https://support.google.com/websearch/answer/106230?hl=106230,suggestion_action_text=Report this,should_start_for_result=true,allow_pinning=true,skip_logging_in_target_handler=true,suggestion_action_rpc=2,}ParentID: null targetID: 1a4c536f-c57b-4b14-8c9c-4850858607aa
09-17 09:48:29.242  1500  1500 D SearchTargetUtil: layoutType=short_icon_row resultType=131072 packageName=com.google.android.googlequicksearchbox extras=Bundle{suggestion_type=33,suggest_truncate_start=false,is_answer=false,is_entity=false,is_personal=false,suggest_raw_text=maryland beaches closed medical waste,input_query=android.app.search.Query@401f3c6,group_id=web10672659,response_id=ec35f98e-2249-4eea-b103-f016b3877a1a,support_query_builder=false,} searchAction=maryland beaches closed medical waste searchActionExtras=Bundle{learn_more_url=https://support.google.com/websearch/answer/106230?hl=106230,suggestion_action_text=Report this,should_start_for_result=true,allow_pinning=true,skip_logging_in_target_handler=true,suggestion_action_rpc=2,}ParentID: null targetID: 6d1779b7-1dc0-4888-a1ca-78d87c1ee501
09-17 09:48:29.244  1500  1500 D SearchTargetUtil: layoutType=extra_tall_icon_row resultType=131072 packageName=com.google.android.googlequicksearchbox extras=Bundle{bitmap_url=data:image/jpeg;base64,/9j/4AAQSkZJRgABAQAAAQABAAD/2wCEAAkGBwgHBgkIBwgKCgkLDRYPDQwMDRsUFRAWIB0iIiAdHx8kKDQsJCYxJx8fLT0tMTU3Ojo6Iys/RD84QzQ5OjcBCgoKDQwNGg8PGjclHyU3Nzc3Nzc3Nzc3Nzc3Nzc3Nzc3Nzc3Nzc3Nzc3Nzc3Nzc3Nzc3Nzc3Nzc3Nzc3Nzc3N//AABEIAHwAfAMBIgACEQEDEQH/xAAbAAABBQEBAAAAAAAAAAAAAAAFAQIDBAYAB//EADoQAAIBAwMCAwcBBwEJAAAAAAECAwAEEQUSIQYxE0FRFCIyYXGBkUIHFSOhscHRUiQzQ2JykqLh8P/EABkBAAMBAQEAAAAAAAAAAAAAAAABAgQDBf/EACIRAAICAgICAwEBAAAAAAAAAAABAhEDMRIhBEEiMmGBUf/aAAwDAQACEQMRAD8A8xVajuonmMdtFy8rfgepqdRQ6/kZb1WXvGARn171plo4R2GLTp2/udP9usraWeE3LwARxk9hnd8l+fyrunNeOlRywtJIqzAhGjAzFlSC4P3HFaG366kbpIaHciad5bZ0mugQrIc+4oA7jGAfXNZjX+nr3RLmAXcTrHJErK5GAWKgkfY5FRtVIv8AUJoFwLa9m8VjtlidGPf4h/nFT4oVEdlwD6ii3cA+tdIxSbZznJtJCGkzSmm1ZzOqZBUVSJSaKTJRXEU5Bml21DLImqPGasslREc1IyPZTCnNT1Ex5oAgSiek6Bb6nFqMwukkuBCsaWsakuGOMNnGPLFCgQFyfKoNP1KbTb+G4R5FUP4jiNtpfGeM/cinNNoI7CGpaLc6BOrXgjaMysYk3+9JGG+Igdge35qbqDqK86ru7JLqOJZo96R7G2rhiCBycDGO9Pe5u+r72MXKQx3IgcNMnuqUQM43emO2fSs0y4ucBg2GIyOxoS1exmv1ToPWbDRLbUZrbYf4huQ8qAQqMbDnOORntnyoRatvt0PyorqvVt1qOg/ueS3iFgiRrbqPijZP1E/qzzn/ANUF01sxEHyNVHl7JlVdFnFdinGkqrOaQ0U9aTFKnelZSRZjqXFQoak3VLGKRxULjFT1G4qaKsrNUZ71YIqMrzToVlCRlCqrkhWYBto5x54rQahomnahpNnHpE0hkitzK0t1hNu52J3gZwAFPPyrM3LYZR6DNLp2r3NjLMkOC8uImEgyvhgNlSPnmlNOlRUCe1vTp/iGFVlEsbQ5bIyrcE+vbP5oz0B01b9Q3Fz4l7EsiRuvgMh3AsCFfPbAPND1srY9O3d48v8AtEd1DDHEUPYhiTu7eXb5fOh1he3dms0VrO8ImdSxjO1m2nI574yaclegX6XtRtYbS5ntILn2lYGKNL4ZQMwODgE5xn1qvYZV3HlmrdgU1PVHOp3ns4uHzJceDvAY+ZUY8++KWeJZ7gGFcQoAkfu7S+BjcR6nufrU5snCP6VjhyZKkbMpKBT6ZNOEb92jX6ZwfxVnS9IubuQBNwGcUfl0KSxj/iR5B82HasEs0r2bI4FWjKsE3YwyE+o4pAhDY9K050QToZJIiBjgis4InjumQg7CcDPlXXD5FupHLL49K0KBilyQal2VGRg1uXZjY4GlIyOaatPbtUsCFhimHv2qYikxQAJ08WU+rxRakbj2aSQITb7dw8vPjFWuoLayGpre2hOLqSR1XuMBu5PrzjA9KCDxHLtGCTHGXJHlz3qW0lklRA5JjiGEXPb1/OBRVyRa6iWHmb3IJHk9m3+K0aEDJxjI+eK0Wv2Gj2/T2n3FgLmSYlV/isoMaOWcFgO5JyB5YruqdOs8aBb6NBcF5rEyMJmBc7iXwcccAn7YrJl2Zxl2O7Gee+O1PdMNBG1iYmVlUlUALEDgeXNarp3SVnhjlmyWkOcDyGajim0wdDTOtvDbalLdInuyMxuETudpJ24LffFFOkpTJAoGBt4FYvLbbNfipG80fT7W3hVYYkUD5UUlgglXbIikfMUKsryBWEPtEfiH9IYZq+06AnexwBmsNm+ireWUGzbGq4HAArD9RaUqPujRTnkD1rXy6vZSO0cCzzMO4jhJx9TQDXZRLZi5j3KUbG1uKI/YWT6mLuEMcpUgjz5qq/er9+LjxEe5jdGdcruGMiqbCvZxO4pni5FUmhqCpCOKRFpzcVTJRE3FJSnmuxSGDum7yyiju4rmzjeWZkjSYsxOCwG3bnBHGe1VbaE3FwYrZDummKRJ6ktgD+dCfDk8COdchTIVDDybg/3Fa/obULXS9Zt57+C3lt0zIzSpuZCoLAp/zZApR6bZb/wtdD6/Z6Pqlzd6rbwzrDETE5jDTCThQqk9hjOfkKEdXX9tfa/LPYeELI7TbxxRCPYCOVKj9Wc1e6ltZ9Z1W91bTIWuLJ7gpH4EJARFRTkgDgDOD880N6W1RtJ6gt7vxnjhDjxtq7tyeYx86FX29h+BKz0C4GsXel3WUkiHvFR3JwV/ORRzRNNkNsUaJpGic5iJ2hvLk/aiTdcQa9qlixWS2TEkbW7YIDZyjgjuSMj5EfOiFtKlrqpIG0S4fmsHlTnypo3eNCPC0Vf3PKd0++G0Kcp7JEV/JOcmtLaj2nSUS4ZnYH32HBP4rtbvE9i7kkjy8qGaNrdoLeaOTxllJyium0sPvWR3I2xikTQ9OQm58VnlwMgAXDAc+oqxqlghtPAO4gkDceT3+fepLfUJUi8Xw22A8o/xAevFLdTmXkDjIPH1pdhKMUZvrWIGwsJzHsfcVI9OO3/jWQxzRzqbWBqcyQwqUt4SdoPdj60ExXrePFxxpM8jyZRllbiKKRqd5U012M4zFdiu7V2aBoAPqgn0aCy8OFGBy3hxhfPzx3Pujn6VZstNu7y0uLi0heZbeSNGWNSzZfdjAH/T/MUBtVy/0Fei6L1q1n0rc6RdyTl51kjSaEBWt12AL6Fuc+fakrUei32wI3Urt04ugTpMyxqxWQNja2/IXHmuOKZovTV1qmlXeoxNCqROMPJMqqqjO8t6d1IqhqunDTZbcFwWntIpig52blz3+uadpmsXNhaS2kKxmGZ2M6uufEBXbg+gAyfrRXXxF77GQjBwGBwfiHY/Otjo+opeWlvCzStdQK3iSOc7ssdoH0GPzWe6Z0mTWr2OwhuraGZ2wntDld/yHBGflxWg6r0JuktacQ3UDxyMWihViZFjP+rjA9O/OKM0Vkjx9lYpuEr9Gk1EXAhW4t0EsbKCV3YPbsM8etPsrq5khwulEEfCZXA5+2aD6Jqy3MYgdsg9gfKtNapGqndJtCtgZPevIdxdM9iDjJWRWseoTTh7gxQIn/DjO4v9Sewq5dTRpHsjxzwKS4uIraJpC4x9aG2oe6mVypLscRpUBKrpGR1RY4tWuoFIyrbsfJhn+9VyKi/aBJ7N1fcR27+/bRxxuy9i20E/X4sfaqdrrMDnbcfwm9f0n/FevjdRSezx8kfk3HQRPamEU9HjlGYpEceqnNKRgV0OZBjmlxSt3pN1AGbtNPuLq7a0sIHuJhwqRrknz/vR/qnpW86ejSS5eIRSKmwGQb2baCwC9+Dnn6VmoJP44mOf95v47960HUvU1x1EqJfrDGscjGGRVO6FG4KnHxDgH14pfJUX02A5rxryYSXR2rGqRAoudqKMDjzo11TpljpsGnNbXLTSTQjOI9q4Udz57juHFBdXktW1O8/dvvWbSkxMV25X6HtVVy80jSSszu3dmOSanlqh0EtM1mTSr6G8swPHgyY2YcBsEZ+2ak1jqXUtZ8Fr6QSSQoUWZhlyucgE+eMnH1oTtrmGBScm2NRSNXotlNLoUV/EX3CR0dwfhbOR9iCPxRi0/e94jKLoADAzjmiX7HTHLpl3b3IUwmZshu2Ni5/rU8/7kTVXXRNctXRSMrI+1TnyVz7r
09-17 09:48:29.251  3167  3182 I artd    : Dex parent of /data/app/~~sldIsTLIefmow7gn-AfJKQ==/com.google.android.gms-CVZCYZIpjRZOhxNAEIgANw==/base.apk is not writable: Permission denied
09-17 09:48:29.251  3167  3182 I artd    : GetBestInfo checking odex in dalvik-cache (/data/dalvik-cache/x86_64/data@app@~~sldIsTLIefmow7gn-AfJKQ==@com.google.android.gms-CVZCYZIpjRZOhxNAEIgANw==@base.apk@classes.dex)
09-17 09:48:29.251  3167  3182 I artd    : Loading /data/dalvik-cache/x86_64/data@app@~~sldIsTLIefmow7gn-AfJKQ==@com.google.android.gms-CVZCYZIpjRZOhxNAEIgANw==@base.apk@classes.dex with executable: 0
09-17 09:48:29.251  3167  3182 I artd    : OatFileAssistant test for existing oat file /data/dalvik-cache/x86_64/data@app@~~sldIsTLIefmow7gn-AfJKQ==@com.google.android.gms-CVZCYZIpjRZOhxNAEIgANw==@base.apk@classes.dex: File /data/dalvik-cache/x86_64/data@app@~~sldIsTLIefmow7gn-AfJKQ==@com.google.android.gms-CVZCYZIpjRZOhxNAEIgANw==@base.apk@classes.vdex does not exist.
09-17 09:48:29.251  3167  3182 I artd    : GetBestInfo checking odex next to the dex file (/data/app/~~sldIsTLIefmow7gn-AfJKQ==/com.google.android.gms-CVZCYZIpjRZOhxNAEIgANw==/oat/x86_64/base.odex)
09-17 09:48:29.251  3167  3182 I artd    : Loading /data/app/~~sldIsTLIefmow7gn-AfJKQ==/com.google.android.gms-CVZCYZIpjRZOhxNAEIgANw==/oat/x86_64/base.odex with executable: 0
09-17 09:48:29.252  1500  1500 D SearchTargetUtil: layoutType=extra_tall_icon_row resultType=131072 packageName=com.google.android.googlequicksearchbox extras=Bundle{bitmap_url=data:image/jpeg;base64,/9j/4AAQSkZJRgABAQAAAQABAAD/2wCEAAkGBwgHBgkIBwgKCgkLDRYPDQwMDRsUFRAWIB0iIiAdHx8kKDQsJCYxJx8fLT0tMTU3Ojo6Iys/RD84QzQ5OjcBCgoKDQwNGg8PGjclHyU3Nzc3Nzc3Nzc3Nzc3Nzc3Nzc3Nzc3Nzc3Nzc3Nzc3Nzc3Nzc3Nzc3Nzc3Nzc3Nzc3N//AABEIAHwAfAMBIgACEQEDEQH/xAAcAAABBQEBAQAAAAAAAAAAAAAGAgMEBQcBAAj/xAA5EAABAwIEBAMHAwIGAwAAAAABAgMRAAQFEiExBhNBUSJhkQcUMnGBofCxweEj0RUkUnKSojNC8f/EABgBAAMBAQAAAAAAAAAAAAAAAAECAwAE/8QAJBEAAgICAgICAgMAAAAAAAAAAAECERIhA0ExUQRhEyIUMkL/2gAMAwEAAhEDEQA/ANLYSxmHOatkA9Br96YxPE8Jw+1L9ybZlpJgrcWEifnNVa0rLaVOtumRIAXIBmen8UJccouncEUw7ZKLSX21Jeyxrm7dtY2qH40kHCPoK7XHMMxV3Lh5R4CJeRORQ8iRr02p15L8kMuT4hKlAFIHXQRqdaoOFMHvCxDVvCFIgKXoBRhY8PhoFVxeOqWr4uVCAT36/aKMfjqW2ibhx2V6VvNLKDJziQotgBP3r2coWPeXhvOojX9xRA3hVi2c3KKjuc61HXvvTgs7FBkWzAPcIE1T+LH0Ljx+gZbuuaswhQAJGXOMx16a7GnkPTmSQUmPhUmTRIG7bT+m3pt4RXCzbHdtEf7B/akfwl0xHxx6B0tBTKoA07jr3qOUlctjI2sxmUANuxol9zsyfgA+QApBw+xCs/LlRqb+A+mTfD6YM8gwUtg5jACtAD8tKS6+hLqbdt5CynwrIgBJ7ef96J3MOsXQkFBGUyMqiCK4MPtmfEkZyNitRoR+Lyx7GjCa8MDnw9bXDqF+EOIMK2y6etC9zeMKuii7faaAKUZlK8IJmBuOw6jetbCrNCSlbDYB3lIUKUcPsX25TbW6kKTEpQII7VRceCpnXBUgCwW3uLZwIQ5zELiXFKCiIiNdyfnp50RqYWQkyrbqAfvUt7h20A/yilWyugTqj0P7RUJeG4y0rIhNu4kbKDmWfoQY9TRWhqBlPGNxnhWFIVqTm94iP+lPO4xZv5XL9JSiQU2qTmBPQrO5/ShLiC+tzii7PDgoMMHKpa1SXFDcnpE0zbkuOAqVn2ASTtT8MXVyE2adhGNvXBAyIabToG0p1HptvV6m5nWaz7BrpLAzLUIy+LzO/T81qe/xQiClvL4RqSrT80/OnbGq2Ta9Biq5jc7VFViTKVwtwCfrQazxCbx0NqWkJM6AyJgadPM/TSu3ygpaXM8Qo/FMCja6Bj7DRN8jKFA6HY15V+kqgHrpQUzelMTm5k95Uen59dKcs8QWhZzwJUDMGCPw/kxWyRsQyTcnrNKFwCd9N6HE4lnSIJ8QE+Rqa28pSfiEjQA0bBRctvBW1PAzE7dqp23QhUyAY2B3FWDV0iBm6DWh5MOPsBwabxoRVLeN3mHKD9q8Uf6v9J+Yq0TdJcnIaWrK+0tCwChQiklBMeMqIuE8TW92UtXuVh46ZgfAr69Pr61dqbQTPKSZ65RWd39kLV1YbzKabOvU0TWTN7YWbLOd5SsuZQChCCen6VzfjdlnJVZgjb0OK89jVnbXH9MkyNInaKpus9KdW5kayAxTR0KWNziC/FlVGsfP87VD9+KSUNqIABBI79arlOpkKg6Daa647Iy6CCZ86zkGghw/E1oIlMJ3yg7ayf0qzf4gDoS2tOZR7DWPr86C03XLJKIEmdppxd1nGwCSNYo5govncWGRLiUqSQCDA69dKXY4w6t0yEozaK18v7daGlPlSSJietdacSnfwmSCRQzDQdW+L6pXmX5qBkHt2jcCpzfEAt1DmHK3vM6k99vnWft3qm0BI1g7HrSV4gtUFRMgzvP5/NH8hsUH6uJ1KAKCJmMpOxmPz9qkq4hKbRR5gVnTGbYbdh9dPwZo1dqzZiomdyTUv3whtAUpRjYGiuQGIf2fEygVDORAkyQR06/2j6Vd2HEjQYdJWnwiZmB+n5+uP+8ZSFESY704nEl8txOb4hrWXLRsEzVsBxZrEn3klQP9ULM9ADttpt6T2NGJfHfesM4WxQ292JUVCdhvV3i/E7jl8vkuIyIASCQdY66U65NWLKDb0AHvIkZTTS3utQWlKpSnDNc7Y5IU5rXM8zNRuZSkqmlsNjxVMVzMe5pE1ySKwBzmQa6Hte+tMK12pM1jWSVOxSebJ3qOTSkDWsCyalQIp1Tg8PlUROgrilSa1jWS3XAnwpXm+W1NcyEEzUYrpLzkMnXyrGTJ+H3RRzFA9AIO1OJuFOSoqA16zVUwspYAGqlnSrm2cSyyEZAT1Peig2PcY4GnAsYW2xPuzw5rQO6AT8M9YP2ih0nWr7ifFbjEsTuFXe7bim0o2yAGI/Os1RlCRqZjppQS0INlU7UtJ01r1+y/Z3K7W4ZUy83otCxBGk/vRh7OOHLLib/EVYktWW2QgJQyQgjNm8RMdMv3oSaSsAIya6FVqL3sjauW82FYutKv/ZNwlKwP+OUj0qmufZPxIytQacsHkjZQdUn7FNBSTVhWwI0ikE0Xr9m3EiVZOTbFUwIuE60oezHiQgnJaCDEKeI1/wCNbOPsFgbTiSAPOtDwv2RYk84kYlidpbiRKWAXVR9coH3q5xr2f8KcPYE/cXr1+/cTlbcDwSc0GEgAR0JMg6DpWyT8BMmKoTTRX3NccdC3w2wgrBUAkRJV8opl5pxl5xt5CkuNqKVoWIKVAwQR3pqAO5gTvUx3CMTcwty+Fhc+5I+K4LRDY1j4ojcxVhwTwne8VYhymgpqxaI95ucshA7Duo//AGt9usHtLrBTgzluF2QZ5IAIkI0iDMyIBnvSSliE+arRuXUz8LafvUsKuHpLCJQDE0ZcYeza7wO2TcYGbjEGDIe8ILjfYwndMbnpHahZp9LTSEN6JSANOtNdjIXxSxyOJcWZUBpduGeolU/vRH7M+HGLm4Rj+JPMptbZ7Ky2tQhToHxKnSBII847a0PE1im0xS8Q0Vqh9SQCcxGugnrp1o/9n6lWnCLKSlJDzi3CdxJJEegFaTpAKz21YQwp+xxi1UFuLli5I8tUE/8AYelDfs2vncO4oQynMEXTamlgeQzA/b70ccWBu9we7t1LTnUnQknRY1H6dqzfDhfNXbdxa27nOb0IjbTofWlVTi4yEltG6IxX3OFKYcWCkKAcBRptIBGtJTja1PwpKktqOnizCe1Z9h67m6xBF5cMtWoCSk5W0oUqY6J+IfOr1IfzlTaoQBOVpiCrTcqn9BUZQS/WD8CpapBZcXKUpQ4QCc0aJmPSY2qM1jf+YWFJUiCUtkp3jrpsKpFP3BRzG0q8GvihJM7T1NN815TqklKczgjKNSZ01+vSg2qHbC3/ABdlxClvtt+HUnaB9aCfavcN3/Dzb1vcKWm3enInUKSoEakdtK647c8wM5PACJIAOvp86YxBtT7S2XGxlcSUlPLER50sORryxM32Cvslew+z4jcucSbRzAkItnHNkLJjTzO09PrVRxswG+L8XCEEJU+XQAmIzgKP3VRGvAsjxfS0EuBWdJjrvNVmMM4m9iLd28C5/T5S1pGuUTvproTXRGachrDD2PYownA7vD1EIdauOYIAlaVDfzIyn7Uee+NNMAtKdX4iYMrVJ+8Vi2Gh3D7xpTZMAAhaUkadBtNF+HcUXK23lXiQVFcogapBH7a6zNDkjFbs2SvZoDl6pshC0IUqD4Op/Ws/v+AsGurpb1tc3dohZnkpyKSg9QJGg8ulTVcUDXl2oJOpMZd9O/aorvFMr8LGg0Bg
09-17 09:48:29.252  1500  1500 D SearchTargetUtil: layoutType=short_icon_row resultType=131072 packageName=com.google.android.googlequicksearchbox extras=Bundle{suggestion_type=33,suggest_truncate_start=false,is_answer=false,is_entity=false,is_personal=false,suggest_raw_text=revan star wars movie keanu reeves,input_query=android.app.search.Query@401f3c6,group_id=web10672659,response_id=ec35f98e-2249-4eea-b103-f016b3877a1a,support_query_builder=false,} searchAction=revan star wars movie keanu reeves searchActionExtras=Bundle{learn_more_url=https://support.google.com/websearch/answer/106230?hl=106230,suggestion_action_text=Report this,should_start_for_result=true,allow_pinning=true,skip_logging_in_target_handler=true,suggestion_action_rpc=2,}ParentID: null targetID: 6a82760a-b71c-4a8e-9d5b-2b2623ae6b34
09-17 09:48:29.252  1500  1500 D SearchTargetUtil: layoutType=short_icon_row resultType=131072 packageName=com.google.android.googlequicksearchbox extras=Bundle{suggestion_type=33,suggest_truncate_start=false,is_answer=false,is_entity=false,is_personal=false,suggest_raw_text=russian aircraft alaska,input_query=android.app.search.Query@401f3c6,group_id=web10672659,response_id=ec35f98e-2249-4eea-b103-f016b3877a1a,support_query_builder=false,} searchAction=russian aircraft alaska searchActionExtras=Bundle{learn_more_url=https://support.google.com/websearch/answer/106230?hl=106230,suggestion_action_text=Report this,should_start_for_result=true,allow_pinning=true,skip_logging_in_target_handler=true,suggestion_action_rpc=2,}ParentID: null targetID: 0c8cc292-1069-4907-9f92-17780e03a050
09-17 09:48:29.253  1500  1500 D SearchTargetUtil: layoutType=short_icon_row resultType=131072 packageName=com.google.android.googlequicksearchbox extras=Bundle{suggestion_type=33,suggest_truncate_start=false,is_answer=false,is_entity=false,is_personal=false,suggest_raw_text=bruce springsteen asbury park concert,input_query=android.app.search.Query@401f3c6,group_id=web10672659,response_id=ec35f98e-2249-4eea-b103-f016b3877a1a,support_query_builder=false,} searchAction=bruce springsteen asbury park concert searchActionExtras=Bundle{learn_more_url=https://support.google.com/websearch/answer/106230?hl=106230,suggestion_action_text=Report this,should_start_for_result=true,allow_pinning=true,skip_logging_in_target_handler=true,suggestion_action_rpc=2,}ParentID: null targetID: b1a100d5-a668-430b-beb6-620b60cb86e3
09-17 09:48:29.253  1500  1500 D SearchTargetUtil: layoutType=short_icon_row resultType=131072 packageName=com.google.android.googlequicksearchbox extras=Bundle{suggestion_type=33,suggest_truncate_start=false,is_answer=false,is_entity=false,is_personal=false,suggest_raw_text=lenox spice village,input_query=android.app.search.Query@401f3c6,group_id=web10672659,response_id=ec35f98e-2249-4eea-b103-f016b3877a1a,support_query_builder=false,} searchAction=lenox spice village searchActionExtras=Bundle{learn_more_url=https://support.google.com/websearch/answer/106230?hl=106230,suggestion_action_text=Report this,should_start_for_result=true,allow_pinning=true,skip_logging_in_target_handler=true,suggestion_action_rpc=2,}ParentID: null targetID: d2839378-d5f6-4625-825d-a48243cb1155
09-17 09:48:29.253  1500  1500 D SearchTargetUtil: layoutType=short_icon_row resultType=131072 packageName=com.google.android.googlequicksearchbox extras=Bundle{suggestion_type=33,suggest_truncate_start=false,is_answer=false,is_entity=false,is_personal=false,suggest_raw_text=ramen noodles recalled,input_query=android.app.search.Query@401f3c6,group_id=web10672659,response_id=ec35f98e-2249-4eea-b103-f016b3877a1a,support_query_builder=false,} searchAction=ramen noodles recalled searchActionExtras=Bundle{learn_more_url=https://support.google.com/websearch/answer/106230?hl=106230,suggestion_action_text=Report this,should_start_for_result=true,allow_pinning=true,skip_logging_in_target_handler=true,suggestion_action_rpc=2,}ParentID: null targetID: 2e90406b-bd56-44b9-9e17-0ba24685a018
09-17 09:48:29.253  1500  1500 D SearchTargetUtil: layoutType=short_icon_row resultType=131072 packageName=com.google.android.googlequicksearchbox extras=Bundle{suggestion_type=33,suggest_truncate_start=false,is_answer=false,is_entity=false,is_personal=false,suggest_raw_text=social security 2025 cola increase,input_query=android.app.search.Query@401f3c6,group_id=web10672659,response_id=ec35f98e-2249-4eea-b103-f016b3877a1a,support_query_builder=false,} searchAction=social security 2025 cola increase searchActionExtras=Bundle{learn_more_url=https://support.google.com/websearch/answer/106230?hl=106230,suggestion_action_text=Report this,should_start_for_result=true,allow_pinning=true,skip_logging_in_target_handler=true,suggestion_action_rpc=2,}ParentID: null targetID: 68cf3604-6060-4a48-a9fd-98e2123684a9
09-17 09:48:29.253  1500  1500 D SearchTargetUtil: layoutType=short_icon_row resultType=131072 packageName=com.google.android.googlequicksearchbox extras=Bundle{suggestion_type=33,suggest_truncate_start=false,is_answer=false,is_entity=false,is_personal=false,suggest_raw_text=linda wilson nyc education,input_query=android.app.search.Query@401f3c6,group_id=web10672659,response_id=ec35f98e-2249-4eea-b103-f016b3877a1a,support_query_builder=false,} searchAction=linda wilson nyc education searchActionExtras=Bundle{learn_more_url=https://support.google.com/websearch/answer/106230?hl=106230,suggestion_action_text=Report this,should_start_for_result=true,allow_pinning=true,skip_logging_in_target_handler=true,suggestion_action_rpc=2,}ParentID: null targetID: f0154c8e-76b6-4893-a144-4f2df1003ecb
09-17 09:48:29.254  1500  1500 D SearchTargetUtil: layoutType=short_icon_row resultType=131072 packageName=com.google.android.googlequicksearchbox extras=Bundle{suggestion_type=33,suggest_truncate_start=false,is_answer=false,is_entity=false,is_personal=false,suggest_raw_text=nasa asteroid hitting earth,input_query=android.app.search.Query@401f3c6,group_id=web10672659,response_id=ec35f98e-2249-4eea-b103-f016b3877a1a,support_query_builder=false,} searchAction=nasa asteroid hitting earth searchActionExtras=Bundle{learn_more_url=https://support.google.com/websearch/answer/106230?hl=106230,suggestion_action_text=Report this,should_start_for_result=true,allow_pinning=true,skip_logging_in_target_handler=true,suggestion_action_rpc=2,}ParentID: null targetID: 780738f1-f87e-4d5d-9f33-e2ed817a17e9
09-17 09:48:29.255  1500  1500 D SearchTargetUtil: layoutType=short_icon_row resultType=131072 packageName=com.google.android.googlequicksearchbox extras=Bundle{suggestion_type=33,suggest_truncate_start=false,is_answer=false,is_entity=false,is_personal=false,suggest_raw_text=us navy gender neutral submarine,input_query=android.app.search.Query@401f3c6,group_id=web10672659,response_id=ec35f98e-2249-4eea-b103-f016b3877a1a,support_query_builder=false,} searchAction=us navy gender neutral submarine searchActionExtras=Bundle{learn_more_url=https://support.google.com/websearch/answer/106230?hl=106230,suggestion_action_text=Report this,should_start_for_result=true,allow_pinning=true,skip_logging_in_target_handler=true,suggestion_action_rpc=2,}ParentID: null targetID: 3079ec4b-fd49-44a9-a6f7-8fc07f6a12e4
09-17 09:48:29.255  1500  1500 D SearchTargetUtil: layoutType=short_icon_row resultType=131072 packageName=com.google.android.googlequicksearchbox extras=Bundle{suggestion_type=33,suggest_truncate_start=false,is_answer=false,is_entity=false,is_personal=false,suggest_raw_text=doc willie ong,input_query=android.app.search.Query@401f3c6,group_id=web10672659,response_id=ec35f98e-2249-4eea-b103-f016b3877a1a,support_query_builder=false,} searchAction=doc willie ong searchActionExtras=Bundle{learn_more_url=https://support.google.com/websearch/answer/106230?hl=106230,suggestion_action_text=Report this,should_start_for_result=true,allow_pinning=true,skip_logging_in_target_handler=true,suggestion_action_rpc=2,}ParentID: null targetID: f50e8606-cd26-4893-8f5c-22c13fb5405a
09-17 09:48:29.266  3167  3182 I artd    : Successfully loaded /data/app/~~sldIsTLIefmow7gn-AfJKQ==/com.google.android.gms-CVZCYZIpjRZOhxNAEIgANw==/oat/x86_64/base.odex with executable: 0
09-17 09:48:29.269  3167  3182 I artd    : /data/app/~~sldIsTLIefmow7gn-AfJKQ==/com.google.android.gms-CVZCYZIpjRZOhxNAEIgANw==/oat/x86_64/base.odex is kOatUpToDate with filter speed-profile
09-17 09:48:29.280  3167  9995 I artd    : Dex parent of /data/app/~~sldIsTLIefmow7gn-AfJKQ==/com.google.android.gms-CVZCYZIpjRZOhxNAEIgANw==/split_CronetDynamite_installtime.apk is not writable: Permission denied
09-17 09:48:29.280  3167  9995 I artd    : GetBestInfo checking odex in dalvik-cache (/data/dalvik-cache/x86_64/data@app@~~sldIsTLIefmow7gn-AfJKQ==@com.google.android.gms-CVZCYZIpjRZOhxNAEIgANw==@split_CronetDynamite_installtime.apk@classes.dex)
09-17 09:48:29.280  3167  9995 I artd    : Loading /data/dalvik-cache/x86_64/data@app@~~sldIsTLIefmow7gn-AfJKQ==@com.google.android.gms-CVZCYZIpjRZOhxNAEIgANw==@split_CronetDynamite_installtime.apk@classes.dex with executable: 0
09-17 09:48:29.280  3167  9995 I artd    : OatFileAssistant test for existing oat file /data/dalvik-cache/x86_64/data@app@~~sldIsTLIefmow7gn-AfJKQ==@com.google.android.gms-CVZCYZIpjRZOhxNAEIgANw==@split_CronetDynamite_installtime.apk@classes.dex: File /data/dalvik-cache/x86_64/data@app@~~sldIsTLIefmow7gn-AfJKQ==@com.google.android.gms-CVZCYZIpjRZOhxNAEIgANw==@split_CronetDynamite_installtime.apk@classes.vdex does not exist.
09-17 09:48:29.281  3167  9995 I artd    : GetBestInfo checking odex next to the dex file (/data/app/~~sldIsTLIefmow7gn-AfJKQ==/com.google.android.gms-CVZCYZIpjRZOhxNAEIgANw==/oat/x86_64/split_CronetDynamite_installtime.odex)
09-17 09:48:29.281  3167  9995 I artd    : Loading /data/app/~~sldIsTLIefmow7gn-AfJKQ==/com.google.android.gms-CVZCYZIpjRZOhxNAEIgANw==/oat/x86_64/split_CronetDynamite_installtime.odex with executable: 0
09-17 09:48:29.284  3167  9995 I artd    : Successfully loaded /data/app/~~sldIsTLIefmow7gn-AfJKQ==/com.google.android.gms-CVZCYZIpjRZOhxNAEIgANw==/oat/x86_64/split_CronetDynamite_installtime.odex with executable: 0
09-17 09:48:29.286  3167  9995 I artd    : /data/app/~~sldIsTLIefmow7gn-AfJKQ==/com.google.android.gms-CVZCYZIpjRZOhxNAEIgANw==/oat/x86_64/split_CronetDynamite_installtime.odex is kOatUpToDate with filter speed
09-17 09:48:29.300  3167  3182 I artd    : Dex parent of /data/app/~~sldIsTLIefmow7gn-AfJKQ==/com.google.android.gms-CVZCYZIpjRZOhxNAEIgANw==/split_DynamiteModulesA_installtime.apk is not writable: Permission denied
09-17 09:48:29.300  3167  3182 I artd    : GetBestInfo checking odex in dalvik-cache (/data/dalvik-cache/x86_64/data@app@~~sldIsTLIefmow7gn-AfJKQ==@com.google.android.gms-CVZCYZIpjRZOhxNAEIgANw==@split_DynamiteModulesA_installtime.apk@classes.dex)
09-17 09:48:29.300  3167  3182 I artd    : Loading /data/dalvik-cache/x86_64/data@app@~~sldIsTLIefmow7gn-AfJKQ==@com.google.android.gms-CVZCYZIpjRZOhxNAEIgANw==@split_DynamiteModulesA_installtime.apk@classes.dex with executable: 0
09-17 09:48:29.300  3167  3182 I artd    : OatFileAssistant test for existing oat file /data/dalvik-cache/x86_64/data@app@~~sldIsTLIefmow7gn-AfJKQ==@com.google.android.gms-CVZCYZIpjRZOhxNAEIgANw==@split_DynamiteModulesA_installtime.apk@classes.dex: File /data/dalvik-cache/x86_64/data@app@~~sldIsTLIefmow7gn-AfJKQ==@com.google.android.gms-CVZCYZIpjRZOhxNAEIgANw==@split_DynamiteModulesA_installtime.apk@classes.vdex does not exist.
09-17 09:48:29.300  3167  3182 I artd    : GetBestInfo checking odex next to the dex file (/data/app/~~sldIsTLIefmow7gn-AfJKQ==/com.google.android.gms-CVZCYZIpjRZOhxNAEIgANw==/oat/x86_64/split_DynamiteModulesA_installtime.odex)
09-17 09:48:29.300  3167  3182 I artd    : Loading /data/app/~~sldIsTLIefmow7gn-AfJKQ==/com.google.android.gms-CVZCYZIpjRZOhxNAEIgANw==/oat/x86_64/split_DynamiteModulesA_installtime.odex with executable: 0
09-17 09:48:29.307  3167  3182 I artd    : Successfully loaded /data/app/~~sldIsTLIefmow7gn-AfJKQ==/com.google.android.gms-CVZCYZIpjRZOhxNAEIgANw==/oat/x86_64/split_DynamiteModulesA_installtime.odex with executable: 0
09-17 09:48:29.316  3167  3182 I artd    : /data/app/~~sldIsTLIefmow7gn-AfJKQ==/com.google.android.gms-CVZCYZIpjRZOhxNAEIgANw==/oat/x86_64/split_DynamiteModulesA_installtime.odex is kOatUpToDate with filter speed
09-17 09:48:29.330  3167  9995 I artd    : Dex parent of /data/app/~~sldIsTLIefmow7gn-AfJKQ==/com.google.android.gms-CVZCYZIpjRZOhxNAEIgANw==/split_DynamiteModulesC_installtime.apk is not writable: Permission denied
09-17 09:48:29.331  3167  9995 I artd    : GetBestInfo checking odex in dalvik-cache (/data/dalvik-cache/x86_64/data@app@~~sldIsTLIefmow7gn-AfJKQ==@com.google.android.gms-CVZCYZIpjRZOhxNAEIgANw==@split_DynamiteModulesC_installtime.apk@classes.dex)
09-17 09:48:29.331  3167  9995 I artd    : Loading /data/dalvik-cache/x86_64/data@app@~~sldIsTLIefmow7gn-AfJKQ==@com.google.android.gms-CVZCYZIpjRZOhxNAEIgANw==@split_DynamiteModulesC_installtime.apk@classes.dex with executable: 0
09-17 09:48:29.331  3167  9995 I artd    : OatFileAssistant test for existing oat file /data/dalvik-cache/x86_64/data@app@~~sldIsTLIefmow7gn-AfJKQ==@com.google.android.gms-CVZCYZIpjRZOhxNAEIgANw==@split_DynamiteModulesC_installtime.apk@classes.dex: File /data/dalvik-cache/x86_64/data@app@~~sldIsTLIefmow7gn-AfJKQ==@com.google.android.gms-CVZCYZIpjRZOhxNAEIgANw==@split_DynamiteModulesC_installtime.apk@classes.vdex does not exist.
09-17 09:48:29.332  3167  9995 I artd    : GetBestInfo checking odex next to the dex file (/data/app/~~sldIsTLIefmow7gn-AfJKQ==/com.google.android.gms-CVZCYZIpjRZOhxNAEIgANw==/oat/x86_64/split_DynamiteModulesC_installtime.odex)
