09-17 09:48:27.866 25040 25116 D GLUtils : Shader program for input format UNKNOWN created: androidx.camera.core.processing.util.GLUtils$SamplerShaderProgram@f181783
09-17 09:48:27.871 25040 25116 D GLUtils : Shader program for input format DEFAULT created: androidx.camera.core.processing.util.GLUtils$SamplerShaderProgram@9c88939
09-17 09:48:27.877 25040 25116 D GLUtils : Shader program for input format YUV created: androidx.camera.core.processing.util.GLUtils$SamplerShaderProgram@1baa8df
09-17 09:48:27.877 25040 25116 D OpenGlRenderer: Using program for input format UNKNOWN: androidx.camera.core.processing.util.GLUtils$SamplerShaderProgram@f181783
09-17 09:48:27.879 25040 25040 D DeferrableSurface: Surface created[total_surfaces=3, used_surfaces=0](androidx.camera.core.processing.SurfaceEdge$SettableSurface@e1f7ff5}
09-17 09:48:27.881 25040 25040 D DeferrableSurface: Surface created[total_surfaces=4, used_surfaces=0](androidx.camera.core.processing.SurfaceEdge$SettableSurface@4caf3fb}
09-17 09:48:27.884 25040 25040 D DeferrableSurface: Surface created[total_surfaces=5, used_surfaces=0](androidx.camera.core.SurfaceRequest$2@73dfc56}
09-17 09:48:27.886 25040 25040 D DeferrableSurface: New surface in use[total_surfaces=5, used_surfaces=1](androidx.camera.core.SurfaceRequest$2@73dfc56}
09-17 09:48:27.886 25040 25040 D DeferrableSurface: use count+1, useCount=1 androidx.camera.core.SurfaceRequest$2@73dfc56
09-17 09:48:27.887 25040 25116 E EGL_emulation: eglQueryContext 32c0  EGL_BAD_ATTRIBUTE
09-17 09:48:27.887 25040 25116 E EGL_emulation: tid 25116: eglQueryContext(2161): error 0x3004 (EGL_BAD_ATTRIBUTE)
09-17 09:48:27.889 25040 25040 D DeferrableSurface: Surface created[total_surfaces=6, used_surfaces=1](androidx.camera.core.processing.SurfaceEdge$SettableSurface@fc313a}
09-17 09:48:27.889 25040 25116 D OpenGlRenderer: Using program for input format DEFAULT: androidx.camera.core.processing.util.GLUtils$SamplerShaderProgram@9c88939
09-17 09:48:27.891 25040 25040 D DeferrableSurface: Surface created[total_surfaces=7, used_surfaces=1](androidx.camera.core.SurfaceRequest$2@6ec2706}
09-17 09:48:27.893 25040 25040 D DeferrableSurface: New surface in use[total_surfaces=7, used_surfaces=2](androidx.camera.core.SurfaceRequest$2@6ec2706}
09-17 09:48:27.893 25040 25040 D DeferrableSurface: use count+1, useCount=1 androidx.camera.core.SurfaceRequest$2@6ec2706
09-17 09:48:27.896 25040 25040 D DeferrableSurface: use count+1, useCount=2 androidx.camera.core.SurfaceRequest$2@6ec2706
09-17 09:48:27.897 25040 25040 D VideoCapture: onSuggestedStreamSpecUpdated: StreamSpec{resolution=720x1280, dynamicRange=DynamicRange@eb6762a{encoding=SDR, bitDepth=8}, expectedFrameRateRange=[0, 0], implementationOptions=androidx.camera.camera2.impl.Camera2ImplConfig@a3c1b60, zslDisabled=false}
09-17 09:48:27.897 25040 25040 W VideoCapture: suggested resolution 720x1280 is not in custom ordered resolutions [1280x720]
09-17 09:48:27.898 25040 25090 D Camera2CameraImpl: {Camera@2d45af1[id=10]} Use case androidx.camera.core.streamsharing.StreamSharing-960950ee-8151-465d-be7b-02f0a1957408183615231 ACTIVE
09-17 09:48:27.899 25040 25090 D UseCaseAttachState: Active and attached use case: [] for camera: 10
09-17 09:48:27.899 25040 25040 I CameraView: invokeOnInitialized()
09-17 09:48:27.899 25040 25040 I CameraSession: Successfully bound Camera #10!
09-17 09:48:27.901 25040 25040 I CameraSession: Camera Lifecycle changed to STARTED!
09-17 09:48:27.902 25040 25040 I CameraView: PreviewView Stream State changed to IDLE
09-17 09:48:27.903 25040 25090 D Camera2CameraImpl: {Camera@2d45af1[id=10]} Use case androidx.camera.core.ImageAnalysis-8d1e7966-2187-473b-a0d1-6b05a3222e25148248071 ACTIVE
09-17 09:48:27.903 25040 25090 D UseCaseAttachState: Active and attached use case: [] for camera: 10
09-17 09:48:27.904 25040 25040 D VideoCapture: VideoCapture#onStateAttached: cameraID = virtual-10-4cfe556c-d392-4c0c-bd60-cd1439e919bb
09-17 09:48:27.905 25040 25090 D Camera2CameraImpl: {Camera@2d45af1[id=10]} Use case androidx.camera.core.streamsharing.StreamSharing-960950ee-8151-465d-be7b-02f0a1957408183615231 ACTIVE
09-17 09:48:27.905 25040 25090 D UseCaseAttachState: Active and attached use case: [] for camera: 10
09-17 09:48:27.905 25040 25040 D CapabilitiesByQuality: profiles = ImmutableEncoderProfilesProxy{defaultDurationSeconds=60, recommendedFileFormat=2, audioProfiles=[AudioProfileProxy{codec=1, mediaType=audio/3gpp, bitrate=12200, sampleRate=8000, channels=1, profile=-1}], videoProfiles=[VideoProfileProxy{codec=2, mediaType=video/avc, bitrate=1200000, frameRate=30, width=1280, height=720, profile=-1, bitDepth=8, chromaSubsampling=0, hdrFormat=0}]}
09-17 09:48:27.906 25040 25040 D CapabilitiesByQuality: Using supported quality of ConstantQuality{value=5, name=HD, typicalSizes=[1280x720]} for size 720x1280
09-17 09:48:27.907 25040 25040 D VideoConfigUtil: MediaSpec video mime matches EncoderProfiles. Using EncoderProfiles to derive VIDEO settings [mime type: video/avc]
09-17 09:48:27.909 25040 25040 D VidEncVdPrflRslvr: Resolved frame rate 30fps [Video profile frame rate: 30fps, Expected operating range: <UNSPECIFIED>]
09-17 09:48:27.909 25040 25040 D VidEncVdPrflRslvr: Resolved VIDEO frame rate: 30fps
09-17 09:48:27.910 25040 25040 D VidEncVdPrflRslvr: Using resolved VIDEO bitrate from EncoderProfiles
09-17 09:48:27.912 25040 25040 D VideoConfigUtil: Base Bitrate(1200000bps) * Bit Depth Ratio (8 / 8) * Frame Rate Ratio(30 / 30) * Width Ratio(720 / 1280) * Height Ratio(1280 / 720) = 1200000
09-17 09:48:27.913 25040 25040 W VideoConfigUtil: Unsupported mime type video/avc or profile level -1. Data space is unspecified.
09-17 09:48:27.916 25040 25040 D MediaCodecList: codecHandlesFormat: no format, so no extra checks
09-17 09:48:27.919 25040 25118 D CCodec  : allocate(c2.android.avc.encoder)
09-17 09:48:27.921 25040 25118 I CCodec  : setting up 'default' as default (vendor) store
09-17 09:48:27.922   487  1306 I mediaswcodec: missing struct descriptor #Param::CoreIndex(--004) for field values of struct #Param::CoreIndex(F-12004)
09-17 09:48:27.922   487  1306 I mediaswcodec: missing struct descriptor #Param::CoreIndex(--1812) for field values of struct #Param::CoreIndex(F-11812)
09-17 09:48:27.922   487  1306 I mediaswcodec: missing struct descriptor #Param::CoreIndex(--004) for field values of struct #Param::CoreIndex(F-12004)
09-17 09:48:27.922   487  1306 I mediaswcodec: missing struct descriptor #Param::CoreIndex(--1812) for field values of struct #Param::CoreIndex(F-11812)
09-17 09:48:27.924 25040 25118 I CCodec  : Created component [c2.android.avc.encoder]
09-17 09:48:27.925 25040 25118 D CCodecConfig: read media type: video/avc
09-17 09:48:27.928 25040 25118 D ReflectedParamUpdater: extent() != 1 for single value type: algo.buffers.max-count.values
09-17 09:48:27.929 25040 25118 D ReflectedParamUpdater: extent() != 1 for single value type: output.subscribed-indices.values
09-17 09:48:27.930 25040 25118 D ReflectedParamUpdater: extent() != 1 for single value type: input.buffers.allocator-ids.values
09-17 09:48:27.930 25040 25118 D ReflectedParamUpdater: extent() != 1 for single value type: output.buffers.allocator-ids.values
09-17 09:48:27.931 25040 25118 D ReflectedParamUpdater: extent() != 1 for single value type: algo.buffers.allocator-ids.values
09-17 09:48:27.932 25040 25118 D ReflectedParamUpdater: extent() != 1 for single value type: output.buffers.pool-ids.values
09-17 09:48:27.932 25040 25118 D ReflectedParamUpdater: extent() != 1 for single value type: algo.buffers.pool-ids.values
09-17 09:48:27.936 25040 25118 D ReflectedParamUpdater: ignored struct field coding.gop.values
09-17 09:48:27.936 25040 25118 D ReflectedParamUpdater: ignored struct field coding.qp.values
09-17 09:48:27.937 25040 25118 D CCodecConfig: ignoring local param raw.color (0xc2001809) as it is already supported
09-17 09:48:27.938 25040 25118 I CCodecConfig: query failed after returning 13 values (BAD_INDEX)
09-17 09:48:27.939 25040 25118 D CCodecConfig: c2 config diff is Dict {
09-17 09:48:27.939 25040 25118 D CCodecConfig:   c2::u32 algo.bitrate-mode.value = 3
09-17 09:48:27.939 25040 25118 D CCodecConfig:   c2::i32 coded.average-qp.value = 0
09-17 09:48:27.939 25040 25118 D CCodecConfig:   c2::u32 coded.bitrate.value = 64000
09-17 09:48:27.939 25040 25118 D CCodecConfig:   c2::float coded.frame-rate.value = 1
09-17 09:48:27.939 25040 25118 D CCodecConfig:   c2::u32 coded.picture-type.value = 0
09-17 09:48:27.939 25040 25118 D CCodecConfig:   c2::u32 coded.pl.level = 20492
09-17 09:48:27.939 25040 25118 D CCodecConfig:   c2::u32 coded.pl.profile = 20481
09-17 09:48:27.939 25040 25118 D CCodecConfig:   c2::u32 coded.vui.color.matrix = 0
09-17 09:48:27.939 25040 25118 D CCodecConfig:   c2::u32 coded.vui.color.primaries = 0
09-17 09:48:27.939 25040 25118 D CCodecConfig:   c2::u32 coded.vui.color.range = 0
09-17 09:48:27.939 25040 25118 D CCodecConfig:   c2::u32 coded.vui.color.transfer = 0
09-17 09:48:27.939 25040 25118 D CCodecConfig:   c2::u32 coding.intra-refresh.mode = 0
09-17 09:48:27.939 25040 25118 D CCodecConfig:   c2::float coding.intra-refresh.period = 0
09-17 09:48:27.939 25040 25118 D CCodecConfig:   c2::u32 coding.request-sync-frame.value = 0
09-17 09:48:27.939 25040 25118 D CCodecConfig:   c2::i64 coding.sync-frame-interval.value = 1000000
09-17 09:48:27.939 25040 25118 D CCodecConfig:   c2::u32 input.delay.value = 0
09-17 09:48:27.939 25040 25118 D CCodecConfig:   string input.media-type.value = "video/raw"
09-17 09:48:27.939 25040 25118 D CCodecConfig:   string output.media-type.value = "video/avc"
09-17 09:48:27.939 25040 25118 D CCodecConfig:   c2::u32 raw.color.matrix = 0
09-17 09:48:27.939 25040 25118 D CCodecConfig:   c2::u32 raw.color.primaries = 0
09-17 09:48:27.939 25040 25118 D CCodecConfig:   c2::u32 raw.color.range = 0
09-17 09:48:27.939 25040 25118 D CCodecConfig:   c2::u32 raw.color.transfer = 0
09-17 09:48:27.939 25040 25118 D CCodecConfig:   c2::u32 raw.size.height = 16
09-17 09:48:27.939 25040 25118 D CCodecConfig:   c2::u32 raw.size.width = 16
09-17 09:48:27.939 25040 25118 D CCodecConfig: }
09-17 09:48:27.939 25040 25118 W ColorUtils: expected specified color aspects (0:0:0:0)
09-17 09:48:27.946 25040 25040 D VideoCapture: camera timebase = UPTIME, processing timebase = UPTIME
09-17 09:48:27.946 25040 25118 I hw-BpHwBinder: onLastStrongRef automatically unlinking death recipients
09-17 09:48:27.946   487  1311 I hw-BpHwBinder: onLastStrongRef automatically unlinking death recipients
09-17 09:48:27.948 25040 25040 D DeferrableSurface: Surface created[total_surfaces=8, used_surfaces=2](androidx.camera.core.processing.SurfaceEdge$SettableSurface@a378d8c}
09-17 09:48:27.950 25040 25040 D DeferrableSurface: Surface created[total_surfaces=9, used_surfaces=2](androidx.camera.core.SurfaceRequest$2@c95f678}
09-17 09:48:27.952 25040 25040 D DeferrableSurface: New surface in use[total_surfaces=9, used_surfaces=3](androidx.camera.core.SurfaceRequest$2@c95f678}
09-17 09:48:27.952 25040 25040 D DeferrableSurface: use count+1, useCount=1 androidx.camera.core.SurfaceRequest$2@c95f678
09-17 09:48:27.953 25040 25040 D Recorder: Surface is requested in state: CONFIGURING, Current surface: 0
09-17 09:48:27.955 25040 25121 D CapabilitiesByQuality: profiles = ImmutableEncoderProfilesProxy{defaultDurationSeconds=60, recommendedFileFormat=2, audioProfiles=[AudioProfileProxy{codec=1, mediaType=audio/3gpp, bitrate=12200, sampleRate=8000, channels=1, profile=-1}], videoProfiles=[VideoProfileProxy{codec=2, mediaType=video/avc, bitrate=1200000, frameRate=30, width=1280, height=720, profile=-1, bitDepth=8, chromaSubsampling=0, hdrFormat=0}]}
09-17 09:48:27.956 25040 25121 D Recorder: Using supported quality of ConstantQuality{value=5, name=HD, typicalSizes=[1280x720]} for surface size 720x1280
09-17 09:48:27.956 25040 25121 D Recorder: Try to safely release video encoder: null
09-17 09:48:27.957 25040 25121 D Recorder: Video source has transitioned to state: ACTIVE_NON_STREAMING
09-17 09:48:27.957 25040 25121 D VideoEncoderSession: Create VideoEncoderSession: VideoEncoderSession@180055438 for androidx.camera.core.SurfaceRequest@99a0bdb
09-17 09:48:27.957 25040 25040 I CameraSession: Camera State: CLOSED (has error: false)
09-17 09:48:27.957 25040 25092 D Camera2CameraImpl: {Camera@2d45af1[id=10]} Use cases [androidx.camera.core.ImageAnalysis-8d1e7966-2187-473b-a0d1-6b05a3222e25148248071, androidx.camera.core.streamsharing.StreamSharing-960950ee-8151-465d-be7b-02f0a1957408183615231] now ATTACHED
09-17 09:48:27.958 25040 25040 I CameraSession: Camera Lifecycle changed to RESUMED!
09-17 09:48:27.958 25040 25092 D Camera2CameraControlImp: setActive: isActive = true
09-17 09:48:27.958 25040 25121 D VideoConfigUtil: MediaSpec video mime matches EncoderProfiles. Using EncoderProfiles to derive VIDEO settings [mime type: video/avc]
09-17 09:48:27.959 25040 25040 I OrientationManager: Target Orientation changed DEVICE -> DEVICE!
09-17 09:48:27.959 25040 25040 I OrientationManager: Starting streaming device and screen orientation updates...
09-17 09:48:27.960 25040 25121 D VidEncVdPrflRslvr: Resolved frame rate 30fps [Video profile frame rate: 30fps, Expected operating range: <UNSPECIFIED>]
09-17 09:48:27.960 25040 25121 D VidEncVdPrflRslvr: Resolved VIDEO frame rate: 30fps
09-17 09:48:27.961 25040 25121 D VidEncVdPrflRslvr: Using resolved VIDEO bitrate from EncoderProfiles
09-17 09:48:27.961 25040 25121 D VideoConfigUtil: Base Bitrate(1200000bps) * Bit Depth Ratio (8 / 8) * Frame Rate Ratio(30 / 30) * Width Ratio(720 / 1280) * Height Ratio(1280 / 720) = 1200000
09-17 09:48:27.961 25040 25121 W VideoConfigUtil: Unsupported mime type video/avc or profile level -1. Data space is unspecified.
09-17 09:48:27.964 25040 25040 I MetadataProvider: Stopping location updates...
09-17 09:48:27.964 25040 25040 I CameraSession: configure { ... }: Completed CameraSession Configuration! (State: RESUMED)
09-17 09:48:27.966 25040 25092 D UseCaseAttachState: All use case: [androidx.camera.core.streamsharing.StreamSharing-960950ee-8151-465d-be7b-02f0a1957408183615231, androidx.camera.core.ImageAnalysis-8d1e7966-2187-473b-a0d1-6b05a3222e25148248071] for camera: 10
09-17 09:48:27.966 25040 25121 D MediaCodecList: codecHandlesFormat: no format, so no extra checks
09-17 09:48:27.967 25040 25092 D UseCaseAttachState: Active and attached use case: [androidx.camera.core.streamsharing.StreamSharing-960950ee-8151-465d-be7b-02f0a1957408183615231, androidx.camera.core.ImageAnalysis-8d1e7966-2187-473b-a0d1-6b05a3222e25148248071] for camera: 10
09-17 09:48:27.969 25040 25123 D CCodec  : allocate(c2.android.avc.encoder)
09-17 09:48:27.970 25040 25092 D Camera2CameraImpl: {Camera@2d45af1[id=10]} Resetting Capture Session
09-17 09:48:27.971 25040 25092 D Camera2CameraImpl: {Camera@2d45af1[id=10]} Skipping Capture Session state check due to current camera state: INITIALIZED and previous session status: false
09-17 09:48:27.971 25040 25092 D Camera2CameraImpl: {Camera@2d45af1[id=10]} Releasing session in state INITIALIZED
09-17 09:48:27.972 25040 25092 D Camera2CameraImpl: {Camera@2d45af1[id=10]} Attempting to force open the camera.
09-17 09:48:27.972 25040 25092 D CameraStateRegistry: tryOpenCamera(Camera@2d45af1[id=10]) [Available Cameras: 1, Already Open: false (Previous state: null)] --> SUCCESS
09-17 09:48:27.972 25040 25092 D CameraStateRegistry: Recalculating open cameras:
09-17 09:48:27.972 25040 25092 D CameraStateRegistry: Camera                                       State                 
09-17 09:48:27.972 25040 25092 D CameraStateRegistry: -------------------------------------------------------------------
09-17 09:48:27.972 25040 25092 D CameraStateRegistry: Camera@2d45af1[id=10]                        OPENING               
09-17 09:48:27.972 25040 25092 D CameraStateRegistry: Camera@eb7adb9[id=1]                         UNKNOWN               
09-17 09:48:27.972 25040 25092 D CameraStateRegistry: -------------------------------------------------------------------
09-17 09:48:27.972 25040 25092 D CameraStateRegistry: Open count: 1 (Max allowed: 1)
09-17 09:48:27.973 25040 25092 D Camera2CameraImpl: {Camera@2d45af1[id=10]} Opening camera.
09-17 09:48:27.973 25040 25092 D Camera2CameraImpl: {Camera@2d45af1[id=10]} Transitioning camera internal state: INITIALIZED --> OPENING
09-17 09:48:27.973 25040 25123 I CCodec  : setting up 'default' as default (vendor) store
09-17 09:48:27.974 25040 25092 D CameraStateMachine: New public camera state CameraState{type=OPENING, error=null} from OPENING and null
09-17 09:48:27.974 25040 25092 D CameraStateMachine: Publishing new public camera state CameraState{type=OPENING, error=null}
09-17 09:48:27.974 25040 25040 W ameraidentifier: Accessing hidden field Landroid/widget/ScrollView;->mScroller:Landroid/widget/OverScroller; (unsupported, reflection, allowed)
09-17 09:48:27.977   487  1311 I mediaswcodec: missing struct descriptor #Param::CoreIndex(--004) for field values of struct #Param::CoreIndex(F-12004)
09-17 09:48:27.977   487  1311 I mediaswcodec: missing struct descriptor #Param::CoreIndex(--1812) for field values of struct #Param::CoreIndex(F-11812)
09-17 09:48:27.977   487  1311 I mediaswcodec: missing struct descriptor #Param::CoreIndex(--004) for field values of struct #Param::CoreIndex(F-12004)
09-17 09:48:27.977   487  1311 I mediaswcodec: missing struct descriptor #Param::CoreIndex(--1812) for field values of struct #Param::CoreIndex(F-11812)
09-17 09:48:27.979 25040 25092 D UseCaseAttachState: All use case: [androidx.camera.core.streamsharing.StreamSharing-960950ee-8151-465d-be7b-02f0a1957408183615231, androidx.camera.core.ImageAnalysis-8d1e7966-2187-473b-a0d1-6b05a3222e25148248071] for camera: 10
09-17 09:48:27.979 25040 25123 I CCodec  : Created component [c2.android.avc.encoder]
09-17 09:48:27.980 25040 25123 D CCodecConfig: read media type: video/avc
09-17 09:48:27.983   462  6306 D Camera3-Utils: Set real time priority for thread (tid 6306)
09-17 09:48:27.983   462  6306 I CameraService: CameraService::connect call (PID 25040 "com.visioncameraidentifier", camera ID 10) and Camera API version 2
09-17 09:48:27.986 25040 25123 D ReflectedParamUpdater: extent() != 1 for single value type: algo.buffers.max-count.values
09-17 09:48:27.987 25040 25123 D ReflectedParamUpdater: extent() != 1 for single value type: output.subscribed-indices.values
09-17 09:48:27.987   462  6306 I Camera2ClientBase: Camera 10: Opened. Client: com.visioncameraidentifier (PID 25040, UID 10209)
09-17 09:48:27.987   462  6306 I CameraDeviceClient: CameraDeviceClient 10: Opened
09-17 09:48:27.988   462  6306 I CameraService: makeClient: Camera2 API, rotationOverride 1
09-17 09:48:27.988 25040 25123 D ReflectedParamUpdater: extent() != 1 for single value type: input.buffers.allocator-ids.values
09-17 09:48:27.988 25040 25123 D ReflectedParamUpdater: extent() != 1 for single value type: output.buffers.allocator-ids.values
09-17 09:48:27.989 25040 25123 D ReflectedParamUpdater: extent() != 1 for single value type: algo.buffers.allocator-ids.values
09-17 09:48:27.990 25040 25123 D ReflectedParamUpdater: extent() != 1 for single value type: output.buffers.pool-ids.values
09-17 09:48:27.991 25040 25040 I CameraView: CameraView attached to window!
09-17 09:48:27.992 25040 25123 D ReflectedParamUpdater: extent() != 1 for single value type: algo.buffers.pool-ids.values
09-17 09:48:27.992 25040 25086 I CameraDevices: Camera #10 is now unavailable.
09-17 09:48:27.995 25040 25123 D ReflectedParamUpdater: ignored struct field coding.gop.values
09-17 09:48:27.996 25040 25123 D ReflectedParamUpdater: ignored struct field coding.qp.values
09-17 09:48:27.997 25040 25123 D CCodecConfig: ignoring local param raw.color (0xc2001809) as it is already supported
09-17 09:48:27.998 25040 25123 I CCodecConfig: query failed after returning 13 values (BAD_INDEX)
09-17 09:48:27.998 25040 25123 D CCodecConfig: c2 config diff is Dict {
09-17 09:48:27.998 25040 25123 D CCodecConfig:   c2::u32 algo.bitrate-mode.value = 3
09-17 09:48:27.998 25040 25123 D CCodecConfig:   c2::i32 coded.average-qp.value = 0
09-17 09:48:27.998 25040 25123 D CCodecConfig:   c2::u32 coded.bitrate.value = 64000
09-17 09:48:27.998 25040 25123 D CCodecConfig:   c2::float coded.frame-rate.value = 1
09-17 09:48:27.998 25040 25123 D CCodecConfig:   c2::u32 coded.picture-type.value = 0
09-17 09:48:27.998 25040 25123 D CCodecConfig:   c2::u32 coded.pl.level = 20492
09-17 09:48:27.998 25040 25123 D CCodecConfig:   c2::u32 coded.pl.profile = 20481
09-17 09:48:27.998 25040 25123 D CCodecConfig:   c2::u32 coded.vui.color.matrix = 0
09-17 09:48:27.998 25040 25123 D CCodecConfig:   c2::u32 coded.vui.color.primaries = 0
09-17 09:48:27.998 25040 25123 D CCodecConfig:   c2::u32 coded.vui.color.range = 0
09-17 09:48:27.998 25040 25123 D CCodecConfig:   c2::u32 coded.vui.color.transfer = 0
09-17 09:48:27.998 25040 25123 D CCodecConfig:   c2::u32 coding.intra-refresh.mode = 0
09-17 09:48:27.998 25040 25123 D CCodecConfig:   c2::float coding.intra-refresh.period = 0
09-17 09:48:27.998 25040 25123 D CCodecConfig:   c2::u32 coding.request-sync-frame.value = 0
09-17 09:48:27.998 25040 25123 D CCodecConfig:   c2::i64 coding.sync-frame-interval.value = 1000000
09-17 09:48:27.998 25040 25123 D CCodecConfig:   c2::u32 input.delay.value = 0
09-17 09:48:27.998 25040 25123 D CCodecConfig:   string input.media-type.value = "video/raw"
09-17 09:48:27.998 25040 25123 D CCodecConfig:   string output.media-type.value = "video/avc"
09-17 09:48:27.998 25040 25123 D CCodecConfig:   c2::u32 raw.color.matrix = 0
09-17 09:48:27.998 25040 25123 D CCodecConfig:   c2::u32 raw.color.primaries = 0
09-17 09:48:27.998 25040 25123 D CCodecConfig:   c2::u32 raw.color.range = 0
09-17 09:48:27.998 25040 25123 D CCodecConfig:   c2::u32 raw.color.transfer = 0
09-17 09:48:27.998 25040 25123 D CCodecConfig:   c2::u32 raw.size.height = 16
09-17 09:48:27.998 25040 25123 D CCodecConfig:   c2::u32 raw.size.width = 16
09-17 09:48:27.998 25040 25123 D CCodecConfig: }
09-17 09:48:27.999   462  6306 D cameraserver: logFgsApiBegin: FGS Logger Transaction failed, -129
09-17 09:48:27.999 25040 25123 W ColorUtils: expected specified color aspects (0:0:0:0)
09-17 09:48:28.001   462  6306 D Camera3-Utils: Set regular priority for thread (tid 6306)
09-17 09:48:28.008 25040 25092 D Camera2CameraImpl: {Camera@2d45af1[id=10]} Use case androidx.camera.core.ImageAnalysis-8d1e7966-2187-473b-a0d1-6b05a3222e25148248071 ACTIVE
09-17 09:48:28.008 25040 25121 D VideoEncoder: mInputTimebase = UPTIME
09-17 09:48:28.009 25040 25092 D UseCaseAttachState: Active and attached use case: [androidx.camera.core.streamsharing.StreamSharing-960950ee-8151-465d-be7b-02f0a1957408183615231, androidx.camera.core.ImageAnalysis-8d1e7966-2187-473b-a0d1-6b05a3222e25148248071] for camera: 10
09-17 09:48:28.013 25040 25040 I CameraSession: Preview orientation changed! PORTRAIT
09-17 09:48:28.013 25040 25040 I CameraView: invokeOnPreviewOrientationChanged(PORTRAIT)
09-17 09:48:28.013 25040 25121 D VideoEncoder: mMediaFormat = {color-format=2130708361, i-frame-interval=1, mime=video/avc, width=720, bitrate=1200000, frame-rate=30, height=1280}
09-17 09:48:28.014 25040 25040 I CameraSession: Output orientation changed! PORTRAIT
09-17 09:48:28.015 25040 25040 I CameraView: invokeOnOutputOrientationChanged(PORTRAIT)
09-17 09:48:28.019   487  1327 I hw-BpHwBinder: onLastStrongRef automatically unlinking death recipients
09-17 09:48:28.018 25040 25040 D PreviewView: Surface requested by Preview.
09-17 09:48:28.022 25040 25040 D DeviceQuirks: view DeviceQuirks = 
09-17 09:48:28.024 25040 25123 W AMessage: failed to deliver message as target handler 8 is gone.
09-17 09:48:28.024 25040 25092 D Camera2CameraImpl: {Camera@2d45af1[id=10]} Use case androidx.camera.core.streamsharing.StreamSharing-960950ee-8151-465d-be7b-02f0a1957408183615231 ACTIVE
09-17 09:48:28.024 25040 25121 I hw-BpHwBinder: onLastStrongRef automatically unlinking death recipients
09-17 09:48:28.025 25040 25092 D UseCaseAttachState: Active and attached use case: [androidx.camera.core.streamsharing.StreamSharing-960950ee-8151-465d-be7b-02f0a1957408183615231, androidx.camera.core.ImageAnalysis-8d1e7966-2187-473b-a0d1-6b05a3222e25148248071] for camera: 10
09-17 09:48:28.026 25040 25123 D CCodec  : allocate(c2.android.avc.encoder)
09-17 09:48:28.027 25040 25040 D VideoCapture: Stream info update: old: StreamInfo{id=0, streamState=INACTIVE, inProgressTransformationInfo=null} new: StreamInfo{id=0, streamState=INACTIVE, inProgressTransformationInfo=null}
09-17 09:48:28.027 25040 25040 I CameraSession: Camera State: OPENING (has error: false)
09-17 09:48:28.032 25040 25092 D Camera2CameraImpl: {Camera@2d45af1[id=10]} CameraDevice.onOpened()
09-17 09:48:28.032 25040 25092 D Camera2CameraImpl: {Camera@2d45af1[id=10]} Transitioning camera internal state: OPENING --> OPENED
09-17 09:48:28.034 25040 25092 D CameraStateRegistry: Recalculating open cameras:
09-17 09:48:28.034 25040 25092 D CameraStateRegistry: Camera                                       State                 
09-17 09:48:28.034 25040 25092 D CameraStateRegistry: -------------------------------------------------------------------
09-17 09:48:28.034 25040 25092 D CameraStateRegistry: Camera@2d45af1[id=10]                        OPEN                  
09-17 09:48:28.034 25040 25092 D CameraStateRegistry: Camera@eb7adb9[id=1]                         UNKNOWN               
09-17 09:48:28.034 25040 25092 D CameraStateRegistry: -------------------------------------------------------------------
09-17 09:48:28.034 25040 25092 D CameraStateRegistry: Open count: 1 (Max allowed: 1)
09-17 09:48:28.035 25040 25092 D CameraStateMachine: New public camera state CameraState{type=OPEN, error=null} from OPEN and null
09-17 09:48:28.035 25040 25092 D CameraStateMachine: Publishing new public camera state CameraState{type=OPEN, error=null}
09-17 09:48:28.038 25040 25123 I CCodec  : setting up 'default' as default (vendor) store
09-17 09:48:28.044 25040 25092 D UseCaseAttachState: All use case: [androidx.camera.core.streamsharing.StreamSharing-960950ee-8151-465d-be7b-02f0a1957408183615231, androidx.camera.core.ImageAnalysis-8d1e7966-2187-473b-a0d1-6b05a3222e25148248071] for camera: 10
09-17 09:48:28.044   487  1306 I mediaswcodec: missing struct descriptor #Param::CoreIndex(--004) for field values of struct #Param::CoreIndex(F-12004)
09-17 09:48:28.044   487  1306 I mediaswcodec: missing struct descriptor #Param::CoreIndex(--1812) for field values of struct #Param::CoreIndex(F-11812)
09-17 09:48:28.046   487  1306 I mediaswcodec: missing struct descriptor #Param::CoreIndex(--004) for field values of struct #Param::CoreIndex(F-12004)
09-17 09:48:28.046   487  1306 I mediaswcodec: missing struct descriptor #Param::CoreIndex(--1812) for field values of struct #Param::CoreIndex(F-11812)
09-17 09:48:28.050 25040 25092 D UseCaseAttachState: Active and attached use case: [androidx.camera.core.streamsharing.StreamSharing-960950ee-8151-465d-be7b-02f0a1957408183615231, androidx.camera.core.ImageAnalysis-8d1e7966-2187-473b-a0d1-6b05a3222e25148248071] for camera: 10
09-17 09:48:28.053  1209  1332 D EGL_emulation: app_time_stats: avg=334.01ms min=2.16ms max=2971.88ms count=9
09-17 09:48:28.054 25040 25123 I CCodec  : Created component [c2.android.avc.encoder]
09-17 09:48:28.056 25040 25123 D CCodecConfig: read media type: video/avc
09-17 09:48:28.062 25040 25040 D SurfaceViewImpl: Surface created.
09-17 09:48:28.065 25040 25040 D SurfaceViewImpl: Surface changed. Size: 720x1280
09-17 09:48:28.068 25040 25092 D SyncCaptureSessionBase: [androidx.camera.camera2.internal.SynchronizedCaptureSessionImpl@80274b4] getSurface done with results: [Surface(name=android.graphics.SurfaceTexture@b28402e mNativeObject=133233474308560)/@0x115065, Surface(name=null mNativeObject=133233474291120)/@0x4a4ed87]
09-17 09:48:28.069 25040 25092 D CaptureSession: Opening capture session.
09-17 09:48:28.070 25040 25135 D nativeloader: Load /data/app/~~hefF6NeB-TcPBsXRY90qkA==/com.visioncameraidentifier-V6bsX23HH0Vu6SL7mmhnBA==/base.apk!/lib/x86_64/libimagepipeline.so using ns clns-7 from class loader (caller=/data/app/~~hefF6NeB-TcPBsXRY90qkA==/com.visioncameraidentifier-V6bsX23HH0Vu6SL7mmhnBA==/base.apk): ok
09-17 09:48:28.071 25040 25123 D ReflectedParamUpdater: extent() != 1 for single value type: algo.buffers.max-count.values
09-17 09:48:28.080 25040 25040 D PreviewView: Preview transformation info updated. TransformationInfo{getCropRect=Rect(0, 0 - 720, 1280), getRotationDegrees=0, getTargetRotation=0, hasCameraTransform=false, getSensorToBufferTransform=Matrix{[0.0, -1.0, 840.0][1.0, 0.0, 0.0][0.0, 0.0, 1.0]}, isMirroring=false}
09-17 09:48:28.083 25040 25123 D ReflectedParamUpdater: extent() != 1 for single value type: output.subscribed-indices.values
09-17 09:48:28.083 25040 25040 D PreviewTransform: Transformation info set: TransformationInfo{getCropRect=Rect(0, 0 - 720, 1280), getRotationDegrees=0, getTargetRotation=0, hasCameraTransform=false, getSensorToBufferTransform=Matrix{[0.0, -1.0, 840.0][1.0, 0.0, 0.0][0.0, 0.0, 1.0]}, isMirroring=false} 720x1280 false
09-17 09:48:28.084 25040 25123 D ReflectedParamUpdater: extent() != 1 for single value type: input.buffers.allocator-ids.values
09-17 09:48:28.084 25040 25092 D Camera2CaptureRequestBuilder: template type = 3
09-17 09:48:28.085 25040 25123 D ReflectedParamUpdater: extent() != 1 for single value type: output.buffers.allocator-ids.values
09-17 09:48:28.085 25040 25040 D SurfaceViewImpl: Surface set on Preview.
09-17 09:48:28.085 25040 25123 D ReflectedParamUpdater: extent() != 1 for single value type: algo.buffers.allocator-ids.values
09-17 09:48:28.085 25040 25123 D ReflectedParamUpdater: extent() != 1 for single value type: output.buffers.pool-ids.values
09-17 09:48:28.086 25040 25123 D ReflectedParamUpdater: extent() != 1 for single value type: algo.buffers.pool-ids.values
09-17 09:48:28.086 25040 25040 W PreviewTransform: Transform not applied due to PreviewView size: 1080x0
09-17 09:48:28.086 25040 25040 I CameraSession: Camera State: OPEN (has error: false)
09-17 09:48:28.086 25040 25040 I CameraView: invokeOnStarted()
09-17 09:48:28.089 25040 25092 D SyncCaptureSessionImpl: [androidx.camera.camera2.internal.SynchronizedCaptureSessionImpl@80274b4] start openCaptureSession
09-17 09:48:28.090 25040 25092 D DeferrableSurface: New surface in use[total_surfaces=9, used_surfaces=4](androidx.camera.core.processing.SurfaceEdge$SettableSurface@c90c63d}
09-17 09:48:28.090 25040 25092 D DeferrableSurface: use count+1, useCount=1 androidx.camera.core.processing.SurfaceEdge$SettableSurface@c90c63d
09-17 09:48:28.090 25040 25092 D DeferrableSurface: New surface in use[total_surfaces=9, used_surfaces=5](androidx.camera.core.impl.ImmediateSurface@f4e8b91}
09-17 09:48:28.090 25040 25092 D DeferrableSurface: use count+1, useCount=1 androidx.camera.core.impl.ImmediateSurface@f4e8b91
09-17 09:48:28.092 25040 25123 D ReflectedParamUpdater: ignored struct field coding.gop.values
09-17 09:48:28.092 25040 25123 D ReflectedParamUpdater: ignored struct field coding.qp.values
09-17 09:48:28.093 25040 25040 D DeferrableSurface: New surface in use[total_surfaces=9, used_surfaces=6](androidx.camera.core.processing.SurfaceEdge$SettableSurface@e1f7ff5}
09-17 09:48:28.093 25040 25040 D DeferrableSurface: use count+1, useCount=1 androidx.camera.core.processing.SurfaceEdge$SettableSurface@e1f7ff5
09-17 09:48:28.095 25040 25123 D CCodecConfig: ignoring local param raw.color (0xc2001809) as it is already supported
09-17 09:48:28.096 25040 25123 I CCodecConfig: query failed after returning 13 values (BAD_INDEX)
09-17 09:48:28.096 25040 25123 D CCodecConfig: c2 config diff is Dict {
09-17 09:48:28.096 25040 25123 D CCodecConfig:   c2::u32 algo.bitrate-mode.value = 3
09-17 09:48:28.096 25040 25123 D CCodecConfig:   c2::i32 coded.average-qp.value = 0
09-17 09:48:28.096 25040 25123 D CCodecConfig:   c2::u32 coded.bitrate.value = 64000
09-17 09:48:28.096 25040 25123 D CCodecConfig:   c2::float coded.frame-rate.value = 1
09-17 09:48:28.096 25040 25123 D CCodecConfig:   c2::u32 coded.picture-type.value = 0
09-17 09:48:28.096 25040 25123 D CCodecConfig:   c2::u32 coded.pl.level = 20492
09-17 09:48:28.096 25040 25123 D CCodecConfig:   c2::u32 coded.pl.profile = 20481
09-17 09:48:28.096 25040 25123 D CCodecConfig:   c2::u32 coded.vui.color.matrix = 0
09-17 09:48:28.096 25040 25123 D CCodecConfig:   c2::u32 coded.vui.color.primaries = 0
09-17 09:48:28.096 25040 25123 D CCodecConfig:   c2::u32 coded.vui.color.range = 0
09-17 09:48:28.096 25040 25123 D CCodecConfig:   c2::u32 coded.vui.color.transfer = 0
09-17 09:48:28.096 25040 25123 D CCodecConfig:   c2::u32 coding.intra-refresh.mode = 0
09-17 09:48:28.096 25040 25123 D CCodecConfig:   c2::float coding.intra-refresh.period = 0
09-17 09:48:28.096 25040 25123 D CCodecConfig:   c2::u32 coding.request-sync-frame.value = 0
09-17 09:48:28.096 25040 25123 D CCodecConfig:   c2::i64 coding.sync-frame-interval.value = 1000000
09-17 09:48:28.096 25040 25123 D CCodecConfig:   c2::u32 input.delay.value = 0
09-17 09:48:28.096 25040 25123 D CCodecConfig:   string input.media-type.value = "video/raw"
09-17 09:48:28.096 25040 25123 D CCodecConfig:   string output.media-type.value = "video/avc"
09-17 09:48:28.096 25040 25123 D CCodecConfig:   c2::u32 raw.color.matrix = 0
09-17 09:48:28.096 25040 25123 D CCodecConfig:   c2::u32 raw.color.primaries = 0
09-17 09:48:28.096 25040 25123 D CCodecConfig:   c2::u32 raw.color.range = 0
09-17 09:48:28.096 25040 25123 D CCodecConfig:   c2::u32 raw.color.transfer = 0
09-17 09:48:28.096 25040 25123 D CCodecConfig:   c2::u32 raw.size.height = 16
09-17 09:48:28.096 25040 25123 D CCodecConfig:   c2::u32 raw.size.width = 16
09-17 09:48:28.096 25040 25123 D CCodecConfig: }
09-17 09:48:28.096 25040 25123 W ColorUtils: expected specified color aspects (0:0:0:0)
09-17 09:48:28.105 25040 25122 I MediaCodec: MediaCodec will operate in async mode
09-17 09:48:28.109   462  8429 W cameraserver: createSurfaceFromGbp: Camera 10 with consumer usage flag: 256: Forcing asynchronous mode forstream
09-17 09:48:28.110   462  8429 W cameraserver: createSurfaceFromGbp: Camera 10: Overriding format 0x1 to IMPLEMENTATION_DEFINED
09-17 09:48:28.118 25040 25040 D VisionCameraProxy: Finding view 25...
09-17 09:48:28.119 25040 25040 D VisionCameraProxy: Found view 25!
09-17 09:48:28.129   462  8429 D Camera3-Utils: Set real time priority for thread (tid 8429)
09-17 09:48:28.130   384  7869 D camera.provider.ranchu: CameraDeviceSession:configureStreams:176 cfg={ .streams.size=2, .operationMode=0, .cfg.sessionParams.size()=64,  .streamConfigCounter=1, .multiResolutionInputImage=false }
09-17 09:48:28.130   384  7869 D camera.provider.ranchu: CameraDeviceSession:configureStreams:199 stream={ .id=0, .streamType=0, .width=1280, .height=960, .format=IMPLEMENTATION_DEFINED, .usage=0x100, .dataSpace={ .low=0x0, .s=0, .t=0, .r=0 }, .rotation=0, .physicalCameraId='', .bufferSize=0, .groupId=-1, .dynamicRangeProfile=0x1 }
09-17 09:48:28.131   384  7869 D camera.provider.ranchu: CameraDeviceSession:configureStreams:199 stream={ .id=1, .streamType=0, .width=1280, .height=720, .format=YCBCR_420_888, .usage=0x3, .dataSpace={ .low=0x0, .s=2, .t=3, .r=1 }, .rotation=0, .physicalCameraId='', .bufferSize=0, .groupId=-1, .dynamicRangeProfile=0x1 }
09-17 09:48:28.365   462  8429 D Camera3-Device: Set real time priority for request queue thread (tid 25130)
09-17 09:48:28.366   462  8429 D Camera3-Utils: Set regular priority for thread (tid 8429)
09-17 09:48:28.370 25040 25092 D SyncCaptureSessionImpl: [androidx.camera.camera2.internal.SynchronizedCaptureSessionImpl@80274b4] Session onConfigured()
09-17 09:48:28.370 25040 25092 D CaptureSession: Attempting to send capture request onConfigured
09-17 09:48:28.370 25040 25092 D CaptureSession: Issuing request for session.
09-17 09:48:28.371 25040 25092 D Camera2CaptureRequestBuilder: createCaptureRequest
09-17 09:48:28.387 25040 25092 D CaptureSession: CameraCaptureSession.onConfigured() mState=OPENED
09-17 09:48:28.391 25040 25092 D CaptureSession: CameraCaptureSession.onReady() OPENED
09-17 09:48:28.464   425   425 I RefreshRateSelector: Display 4619827259835644672 policy changed
09-17 09:48:28.464   425   425 I RefreshRateSelector: Previous: {defaultModeId=0, allowGroupSwitching=false, primaryRanges={physical=[0.00 Hz, inf Hz], render=[0.00 Hz, 60.00 Hz]}, appRequestRanges={physical=[0.00 Hz, inf Hz], render=[0.00 Hz, inf Hz]} idleScreenConfig=nullptr}
09-17 09:48:28.464   425   425 I RefreshRateSelector: Current:  DisplayManagerPolicy{defaultModeId=0, allowGroupSwitching=false, primaryRanges={physical=[60.00 Hz, inf Hz], render=[60.00 Hz, 60.00 Hz]}, appRequestRanges={physical=[60.00 Hz, inf Hz], render=[60.00 Hz, 60.00 Hz]} idleScreenConfig=nullptr}
09-17 09:48:28.464   425   425 I RefreshRateSelector: 0 mode changes were performed under the previous policy
09-17 09:48:28.464   425   425 D DisplayModeController: setDesiredMode 4619827259835644672 {mode={fps=60.00 Hz, modePtr={id=0, vsyncRate=60.00 Hz, peakRefreshRate=60.00 Hz}}, emitEvent=true, force=false}
09-17 09:48:28.494 25040 25121 D CodecSeeding: Seed: codec c2.android.avc.encoder, mediatype video/avc, overrideable 1
09-17 09:48:28.494 25040 25121 D CodecProperties: setTuningValue(vq-target-bpp,0)
09-17 09:48:28.494 25040 25121 D CodecProperties: setTuningValue(vq-target-bpp-1080p,1.90)
09-17 09:48:28.494 25040 25121 D CodecProperties: setTuningValue(vq-target-bpp-720p,2.25)
09-17 09:48:28.494 25040 25121 D CodecProperties: setTuningValue(vq-target-bpp-540p,2.65)
09-17 09:48:28.494 25040 25121 D CodecProperties: setTuningValue(vq-target-bpp-480p,3.00)
09-17 09:48:28.494 25040 25121 D CodecProperties: setTuningValue(vq-target-bpp-320x240,0)
09-17 09:48:28.494 25040 25121 D CodecProperties: setTuningValue(vq-target-qpmax,-1)
09-17 09:48:28.494 25040 25121 D CodecProperties: setTuningValue(vq-target-qpmax-1080p,45)
09-17 09:48:28.495 25040 25121 D CodecProperties: setTuningValue(vq-target-qpmax-720p,43)
09-17 09:48:28.495 25040 25121 D CodecProperties: setTuningValue(vq-target-qpmax-540p,42)
09-17 09:48:28.495 25040 25121 D CodecProperties: setTuningValue(vq-target-qpmax-480p,38)
09-17 09:48:28.495 25040 25121 D CodecProperties: setTuningValue(vq-bitrate-phaseout,1.75)
09-17 09:48:28.495 25040 25121 D CodecProperties: setTuningValue(vq-boost-missing-qp,0.20)
09-17 09:48:28.495 25040 25121 D CodecProperties: setFeatureValue(intra-refresh,0)
09-17 09:48:28.495 25040 25121 D CodecProperties: setFeatureValue(qp-bounds,0)
09-17 09:48:28.495 25040 25121 D CodecProperties: setFeatureValue(_vq_eligible.device,1)
09-17 09:48:28.495 25040 25121 D CodecProperties: setFeatureValue(_quality.target,1)
09-17 09:48:28.495 25040 25121 D CodecSeeding: Seed: codec c2.android.avc.encoder, mediatype video/avc, overrideable 0
09-17 09:48:28.496 25040 25121 D VQApply : raise bitrate: configured 1200000 to floor 2073600
09-17 09:48:28.496 25040 25121 D VQApply : minquality by QP: inject video-qp-max=43
09-17 09:48:28.496 25040 25121 D VQApply : minquality/target bitrate raised from 1200000 to 2073600 bps
09-17 09:48:28.496 25040 25121 D MediaCodec: shapeMediaFormat: deltas(6): AMessage(what = 0x00000000) = {
09-17 09:48:28.496 25040 25121 D MediaCodec:     int32_t bitrate = 2073600
09-17 09:48:28.496 25040 25121 D MediaCodec:     int32_t android._encoding-quality-level = 0
09-17 09:48:28.496 25040 25121 D MediaCodec:     int32_t video-qp-max = 43
09-17 09:48:28.496 25040 25121 D MediaCodec:     int32_t video-qp-i-max = 43
09-17 09:48:28.496 25040 25121 D MediaCodec:     int32_t video-qp-p-max = 46
09-17 09:48:28.496 25040 25121 D MediaCodec:     int32_t video-qp-b-max = 49
09-17 09:48:28.496 25040 25121 D MediaCodec:   }
09-17 09:48:28.499 25040 25090 D VideoCapture: cameraCaptureResult timestampNs = 10672084992075, current system uptimeMs = 10672191, current system realtimeMs = 10672191
09-17 09:48:28.500 25040 25090 D StreamStateObserver: Update Preview stream state to STREAMING
09-17 09:48:28.527 25040 25040 I CameraView: PreviewView Stream State changed to STREAMING
09-17 09:48:28.527 25040 25123 D CCodec  : [c2.android.avc.encoder] buffers are bound to CCodec for this session
09-17 09:48:28.528 25040 25040 I CameraView: invokeOnPreviewStarted()
09-17 09:48:28.551 25040 25123 D CCodecConfig: no c2 equivalents for color-format
09-17 09:48:28.557 25040 25123 D CCodecConfig: no c2 equivalents for video-qp-max
09-17 09:48:28.557 25040 25123 D CCodecConfig: no c2 equivalents for video-qp-i-max
09-17 09:48:28.557 25040 25123 D CCodecConfig: no c2 equivalents for video-qp-p-max
09-17 09:48:28.557 25040 25123 D CCodecConfig: no c2 equivalents for video-qp-b-max
09-17 09:48:28.557 25040 25123 D CCodecConfig: no c2 equivalents for flags
09-17 09:48:28.557 25040 25123 D CCodecConfig: no c2 equivalents for encoder
09-17 09:48:28.564 25040 25123 D CCodecConfig: c2 config diff is   c2::u32 coded.bitrate.value = 2073600
09-17 09:48:28.564 25040 25123 D CCodecConfig:   c2::float coded.frame-rate.value = 30
09-17 09:48:28.564 25040 25123 D CCodecConfig:   c2::u32 raw.size.height = 1280
09-17 09:48:28.564 25040 25123 D CCodecConfig:   c2::u32 raw.size.width = 720
09-17 09:48:28.565 25040 25123 W ColorUtils: expected specified color aspects (0:0:0:0)
09-17 09:48:28.567 25040 25123 D CCodec  : encoding statistics level = 0
09-17 09:48:28.568 25040 25123 D CCodec  : setup formats input: AMessage(what = 0x00000000) = {
09-17 09:48:28.568 25040 25123 D CCodec  :   Rect crop(0, 0, 719, 1279)
09-17 09:48:28.568 25040 25123 D CCodec  :   int32_t color-standard = 0
09-17 09:48:28.568 25040 25123 D CCodec  :   int32_t color-range = 0
09-17 09:48:28.568 25040 25123 D CCodec  :   int32_t color-transfer = 0
09-17 09:48:28.568 25040 25123 D CCodec  :   int32_t frame-rate = 30
09-17 09:48:28.568 25040 25123 D CCodec  :   int32_t height = 1280
09-17 09:48:28.568 25040 25123 D CCodec  :   int32_t intra-refresh-period = 0
09-17 09:48:28.568 25040 25123 D CCodec  :   string mime = "video/raw"
09-17 09:48:28.568 25040 25123 D CCodec  :   int32_t video-qp-average = 0
09-17 09:48:28.568 25040 25123 D CCodec  :   int32_t width = 720
09-17 09:48:28.568 25040 25123 D CCodec  :   int32_t android._dataspace = 0
09-17 09:48:28.568 25040 25123 D CCodec  :   int32_t using-sw-read-often = 1
09-17 09:48:28.568 25040 25123 D CCodec  :   int64_t android._C2MemoryUsage = 1
09-17 09:48:28.568 25040 25123 D CCodec  :   int32_t color-format = 2130708361
09-17 09:48:28.568 25040 25123 D CCodec  :   int32_t android._color-format = 2130708361
09-17 09:48:28.568 25040 25123 D CCodec  : }
09-17 09:48:28.568 25040 25123 D CCodec  : setup formats output: AMessage(what = 0x00000000) = {
09-17 09:48:28.568 25040 25123 D CCodec  :   int32_t bitrate = 2073600
09-17 09:48:28.568 25040 25123 D CCodec  :   int32_t bitrate-mode = 1
09-17 09:48:28.568 25040 25123 D CCodec  :   Rect crop(0, 0, 719, 1279)
09-17 09:48:28.568 25040 25123 D CCodec  :   int32_t color-standard = 0
09-17 09:48:28.568 25040 25123 D CCodec  :   int32_t color-range = 0
09-17 09:48:28.568 25040 25123 D CCodec  :   int32_t color-transfer = 0
09-17 09:48:28.568 25040 25123 D CCodec  :   int32_t frame-rate = 30
09-17 09:48:28.568 25040 25123 D CCodec  :   int32_t height = 1280
09-17 09:48:28.568 25040 25123 D CCodec  :   int32_t intra-refresh-period = 0
09-17 09:48:28.568 25040 25123 D CCodec  :   int32_t level = 4096
09-17 09:48:28.568 25040 25123 D CCodec  :   int32_t max-bitrate = 2073600
09-17 09:48:28.568 25040 25123 D CCodec  :   string mime = "video/avc"
09-17 09:48:28.568 25040 25123 D CCodec  :   int32_t profile = 65536
09-17 09:48:28.568 25040 25123 D CCodec  :   int32_t video-qp-average = 0
09-17 09:48:28.568 25040 25123 D CCodec  :   int32_t width = 720
09-17 09:48:28.568 25040 25123 D CCodec  : }
09-17 09:48:28.569 25040 25123 I CCodecConfig: query failed after returning 14 values (BAD_INDEX)
09-17 09:48:28.584 25040 25121 D CCodec  : hidl based PersistentSurface created
09-17 09:48:28.586 25040 25123 D CCodec  : input format changed to AMessage(what = 0x00000000) = {
09-17 09:48:28.586 25040 25123 D CCodec  :   Rect crop(0, 0, 719, 1279)
09-17 09:48:28.586 25040 25123 D CCodec  :   int32_t color-standard = 1
09-17 09:48:28.586 25040 25123 D CCodec  :   int32_t color-range = 2
09-17 09:48:28.586 25040 25123 D CCodec  :   int32_t color-transfer = 3
09-17 09:48:28.586 25040 25123 D CCodec  :   int32_t frame-rate = 30
09-17 09:48:28.586 25040 25123 D CCodec  :   int32_t height = 1280
09-17 09:48:28.586 25040 25123 D CCodec  :   int32_t intra-refresh-period = 0
09-17 09:48:28.586 25040 25123 D CCodec  :   string mime = "video/raw"
09-17 09:48:28.586 25040 25123 D CCodec  :   int32_t video-qp-average = 0
09-17 09:48:28.586 25040 25123 D CCodec  :   int32_t width = 720
09-17 09:48:28.586 25040 25123 D CCodec  :   int32_t android._dataspace = 260
09-17 09:48:28.586 25040 25123 D CCodec  :   int32_t using-sw-read-often = 1
09-17 09:48:28.586 25040 25123 D CCodec  :   int64_t android._C2MemoryUsage = 1
09-17 09:48:28.586 25040 25123 D CCodec  :   int32_t color-format = 2130708361
09-17 09:48:28.586 25040 25123 D CCodec  :   int32_t android._color-format = 2130708361
09-17 09:48:28.586 25040 25123 D CCodec  : }
09-17 09:48:28.591 25040 25123 D GraphicBufferSource: setting dataspace: 0x104, acquired=0
09-17 09:48:28.595 25040 25123 D CCodec  : ISConfig not changed
09-17 09:48:28.596 25040 25121 D VideoEncoder: Transitioning encoder internal state: null --> CONFIGURED
09-17 09:48:28.597 25040 25121 D VideoEncoderSession: provide surface: Surface(name=null mNativeObject=133233474195200)/@0x4d66681
09-17 09:48:28.599 25040 25121 D Recorder: VideoEncoder is created. androidx.camera.video.internal.encoder.EncoderImpl@917bb67
09-17 09:48:28.601 25040 25121 D Recorder: Transitioning streamId: 0 --> 81159809
09-17 09:48:28.616 25040 25121 D Recorder: Transitioning Recorder internal state: CONFIGURING --> IDLING
09-17 09:48:28.627 25040 25084 I HermesVM: Compiling JS failed: 1:1:invalid empty parentheses '( )'
09-17 09:48:28.639 25040 25084 E AndroidRuntime: FATAL EXCEPTION: mrousavy/VisionCamera.video
09-17 09:48:28.639 25040 25084 E AndroidRuntime: Process: com.visioncameraidentifier, PID: 25040
09-17 09:48:28.639 25040 25084 E AndroidRuntime: com.facebook.jni.CppException: Compiling JS failed: 1:1:invalid empty parentheses '( )'
09-17 09:48:28.639 25040 25084 E AndroidRuntime: 	at com.mrousavy.camera.frameprocessors.FrameProcessor.call(Native Method)
09-17 09:48:28.639 25040 25084 E AndroidRuntime: 	at com.mrousavy.camera.react.CameraView.onFrame(CameraView.kt:310)
09-17 09:48:28.639 25040 25084 E AndroidRuntime: 	at com.mrousavy.camera.core.FrameProcessorPipeline.analyze(FrameProcessorPipeline.kt:15)
09-17 09:48:28.639 25040 25084 E AndroidRuntime: 	at androidx.camera.core.ImageAnalysis.lambda$setAnalyzer$3(ImageAnalysis.java:573)
09-17 09:48:28.639 25040 25084 E AndroidRuntime: 	at androidx.camera.core.ImageAnalysis$$ExternalSyntheticLambda4.analyze(D8$$SyntheticClass:0)
09-17 09:48:28.639 25040 25084 E AndroidRuntime: 	at androidx.camera.core.ImageAnalysisAbstractAnalyzer.lambda$analyzeImage$0$androidx-camera-core-ImageAnalysisAbstractAnalyzer(ImageAnalysisAbstractAnalyzer.java:284)
09-17 09:48:28.639 25040 25084 E AndroidRuntime: 	at androidx.camera.core.ImageAnalysisAbstractAnalyzer$$ExternalSyntheticLambda0.run(D8$$SyntheticClass:0)
09-17 09:48:28.639 25040 25084 E AndroidRuntime: 	at android.os.Handler.handleCallback(Handler.java:959)
09-17 09:48:28.639 25040 25084 E AndroidRuntime: 	at android.os.Handler.dispatchMessage(Handler.java:100)
09-17 09:48:28.639 25040 25084 E AndroidRuntime: 	at android.os.Looper.loopOnce(Looper.java:232)
09-17 09:48:28.639 25040 25084 E AndroidRuntime: 	at android.os.Looper.loop(Looper.java:317)
09-17 09:48:28.639 25040 25084 E AndroidRuntime: 	at android.os.HandlerThread.run(HandlerThread.java:85)
09-17 09:48:28.646   622 25145 I DropBoxManagerService: add tag=data_app_crash isTagEnabled=true flags=0x2
09-17 09:48:28.651   622  2627 W ActivityTaskManager:   Force finishing activity com.visioncameraidentifier/.MainActivity
09-17 09:48:28.681 25040 25040 D VideoCapture: Stream info update: old: StreamInfo{id=0, streamState=INACTIVE, inProgressTransformationInfo=null} new: StreamInfo{id=81159809, streamState=INACTIVE, inProgressTransformationInfo=null}
09-17 09:48:28.682  1209  1263 V WindowManagerShell: Transition requested (#148): android.os.BinderProxy@969868c TransitionRequestInfo { type = CLOSE, triggerTask = null, pipTask = null, remoteTransition = null, displayChange = null, flags = 16, debugId = 148 }
09-17 09:48:28.745   622   653 I ActivityManager: Showing crash dialog for package com.visioncameraidentifier u0
09-17 09:48:28.768   425   425 I BpBinder: onLastStrongRef automatically unlinking death recipients: 
09-17 09:48:28.749  1500  1500 I TopTaskTracker: onTaskMovedToFront: (moved taskInfo to front) taskId=7, baseIntent=Intent { act=android.intent.action.MAIN cat=[android.intent.category.HOME] flg=0x10000100 cmp=com.google.android.apps.nexuslauncher/.NexusLauncherActivity }
09-17 09:48:28.773   425   425 I RefreshRateSelector: Display 4619827259835644672 policy changed
09-17 09:48:28.773   425   425 I RefreshRateSelector: Previous: {defaultModeId=0, allowGroupSwitching=false, primaryRanges={physical=[60.00 Hz, inf Hz], render=[60.00 Hz, 60.00 Hz]}, appRequestRanges={physical=[60.00 Hz, inf Hz], render=[60.00 Hz, 60.00 Hz]} idleScreenConfig=nullptr}
09-17 09:48:28.773   425   425 I RefreshRateSelector: Current:  DisplayManagerPolicy{defaultModeId=0, allowGroupSwitching=false, primaryRanges={physical=[0.00 Hz, inf Hz], render=[0.00 Hz, 60.00 Hz]}, appRequestRanges={physical=[0.00 Hz, inf Hz], render=[0.00 Hz, inf Hz]} idleScreenConfig=nullptr}
