windows from 154 to 100
09-17 09:48:22.763  1500  2058 D EGL_emulation: app_time_stats: avg=22734.40ms min=22734.40ms max=22734.40ms count=1
09-17 09:48:22.821   622  2342 W OptProp : Cannot read opt property android.window.PROPERTY_COMPAT_ALLOW_USER_ASPECT_RATIO_OVERRIDE
09-17 09:48:22.822   414   414 D audioserver: logFgsApiBegin: FGS Logger Transaction failed, -129
09-17 09:48:22.822   622  2342 W OptProp : Cannot read opt property android.window.PROPERTY_COMPAT_ALLOW_USER_ASPECT_RATIO_FULLSCREEN_OVERRIDE
09-17 09:48:22.822   622  2342 W OptProp : Cannot read opt property android.window.PROPERTY_COMPAT_ALLOW_ORIENTATION_OVERRIDE
09-17 09:48:22.822   622  2342 V GrammaticalInflectionUtils: AttributionSource: android.content.AttributionSource@b96358e8 does not have READ_SYSTEM_GRAMMATICAL_GENDER permission.
09-17 09:48:22.823   622  2342 W OptProp : Cannot read opt property android.window.PROPERTY_COMPAT_ALLOW_RESIZEABLE_ACTIVITY_OVERRIDES
09-17 09:48:22.823   622  1287 W AS.PlaybackActivityMon: No piid assigned for invalid/internal port id 15
09-17 09:48:22.823   622  2342 W OptProp : Cannot read opt property android.window.PROPERTY_COMPAT_ALLOW_MIN_ASPECT_RATIO_OVERRIDE
09-17 09:48:22.830   414   550 D AudioFlinger: mixer(0x73ce696578e0) throttle end: throttle time(41)
09-17 09:48:22.835  1209  1263 V WindowManagerShell: Transition requested (#147): android.os.BinderProxy@4de3037 TransitionRequestInfo { type = OPEN, triggerTask = TaskInfo{userId=0 taskId=55 displayId=0 isRunning=true baseIntent=Intent { act=android.intent.action.MAIN cat=[android.intent.category.LAUNCHER] flg=0x10200000 cmp=com.visioncameraidentifier/.MainActivity } baseActivity=ComponentInfo{com.visioncameraidentifier/com.visioncameraidentifier.MainActivity} topActivity=ComponentInfo{com.visioncameraidentifier/com.visioncameraidentifier.MainActivity} origActivity=null realActivity=ComponentInfo{com.visioncameraidentifier/com.visioncameraidentifier.MainActivity} numActivities=1 lastActiveTime=10666526 supportsMultiWindow=true resizeMode=1 isResizeable=true minWidth=-1 minHeight=-1 defaultMinSize=220 token=WCT{android.window.IWindowContainerToken$Stub$Proxy@6d579a4} topActivityType=1 pictureInPictureParams=null shouldDockBigOverlays=false launchIntoPipHostTaskId=-1 lastParentTaskIdBeforePip=-1 displayCutoutSafeInsets=null topActivityInfo=ActivityInfo{cccf30d com.visioncameraidentifier.MainActivity} launchCookies=[android.os.BinderProxy@e5fa2c2] positionInParent=Point(0, 0) parentTaskId=-1 isFocused=false isVisible=false isVisibleRequested=false isSleeping=false locusId=null displayAreaFeatureId=1 isTopActivityTransparent=false appCompatTaskInfo=AppCompatTaskInfo { topActivityInSizeCompat=false topActivityEligibleForLetterboxEducation= falseisLetterboxEducationEnabled= true isLetterboxDoubleTapEnabled= false topActivityEligibleForUserAspectRatioButton= false topActivityBoundsLetterboxed= false isFromLetterboxDoubleTap= false topActivityLetterboxVerticalPosition= -1 topActivityLetterboxHorizontalPosition= -1 topActivityLetterboxWidth=1080 topActivityLetterboxHeight=2400 isUserFullscreenOverrideEnabled=false isSystemFullscreenOverrideEnabled=false cameraCompatTaskInfo=CameraCompatTaskInfo { cameraCompatControlState=hidden freeformCameraCompatMode=inactive}}}, pipTask = null, remoteTransition = RemoteTransition { remoteTransition = android.window.IRemoteTransition$Stub$Proxy@65b98d3, appThread = android.app.IApplicationThread$Stub$Proxy@3c28c10, debugName = QuickstepLaunch }, displayChange = null, flags = 0, debugId = 147 }
09-17 09:48:22.835  1209  1263 V WindowManagerShell: RemoteTransition directly requested for (#147) android.os.BinderProxy@4de3037: RemoteTransition { remoteTransition = android.window.IRemoteTransition$Stub$Proxy@65b98d3, appThread = android.app.IApplicationThread$Stub$Proxy@3c28c10, debugName = QuickstepLaunch }
09-17 09:48:22.838   622  2342 I ActivityTaskManager: START u0 {act=android.intent.action.MAIN cat=[android.intent.category.LAUNCHER] flg=0x10200000 cmp=com.visioncameraidentifier/.MainActivity bnds=[824,1873][997,2068]} with LAUNCH_SINGLE_TASK from uid 10176 (BAL_ALLOW_VISIBLE_WINDOW) result code=0
09-17 09:48:22.838  1500  1500 D StatsLog: LAUNCHER_APP_LAUNCH_TAP
09-17 09:48:22.839  1500  1500 D StatsLog: LAUNCHER_HOTSEAT_RANKED
09-17 09:48:22.846  1500  1538 D QuickstepModelDelegate: notifyAppTargetEvent action=1 launchLocation=predictions/hotseat
09-17 09:48:22.848   622   655 V GrammaticalInflectionUtils: AttributionSource: android.content.AttributionSource@b96358e8 does not have READ_SYSTEM_GRAMMATICAL_GENDER permission.
09-17 09:48:22.849  1500  1500 W SplitSelectStateCtor: Missing session instanceIds
09-17 09:48:22.849  1500  1500 D StatsLog: LAUNCHER_SPLIT_SELECTION_EXIT_INTERRUPTED
09-17 09:48:22.850  1209  1263 D WindowManagerShell: setLauncherKeepClearAreaHeight: visible=false, height=527
09-17 09:48:22.854   622   655 W ProcessStats: Tracking association SourceState{cea493 com.google.android.apps.nexuslauncher/10176 BTop #17973} whose proc state 2 is better than process ProcessState{3cb026a com.google.android.googlequicksearchbox:search/10145 pkg=com.google.android.googlequicksearchbox} proc state 14 (6 skipped)
09-17 09:48:22.855   425   425 I BpBinder: onLastStrongRef automatically unlinking death recipients: 
09-17 09:48:22.857  1500  1500 I TopTaskTracker: onTaskMovedToFront: (moved taskInfo to front) taskId=55, baseIntent=Intent { act=android.intent.action.MAIN cat=[android.intent.category.LAUNCHER] flg=0x10200000 cmp=com.visioncameraidentifier/.MainActivity }
09-17 09:48:22.862   375   375 D Zygote  : Forked child process 25040
09-17 09:48:22.863   622   664 I ActivityManager: Start proc 25040:com.visioncameraidentifier/u0a209 for next-top-activity {com.visioncameraidentifier/com.visioncameraidentifier.MainActivity}
09-17 09:48:22.900   622   642 D CoreBackPreview: Window{f838a73 u0 Splash Screen com.visioncameraidentifier}: Setting back callback OnBackInvokedCallbackInfo{mCallback=android.window.IOnBackInvokedCallback$Stub$Proxy@2d87f2e, mPriority=0, mIsAnimationCallback=false}
09-17 09:48:22.925  1209  1601 V WindowManagerShell: onTransitionReady(transaction=2671469667857)
09-17 09:48:22.924   622   652 V WindowManager: Sent Transition (#147) createdAt=09-17 09:48:22.825 via request=TransitionRequestInfo { type = OPEN, triggerTask = TaskInfo{userId=0 taskId=55 displayId=0 isRunning=true baseIntent=Intent { act=android.intent.action.MAIN cat=[android.intent.category.LAUNCHER] flg=0x10200000 cmp=com.visioncameraidentifier/.MainActivity } baseActivity=ComponentInfo{com.visioncameraidentifier/com.visioncameraidentifier.MainActivity} topActivity=ComponentInfo{com.visioncameraidentifier/com.visioncameraidentifier.MainActivity} origActivity=null realActivity=ComponentInfo{com.visioncameraidentifier/com.visioncameraidentifier.MainActivity} numActivities=1 lastActiveTime=10666526 supportsMultiWindow=true resizeMode=1 isResizeable=true minWidth=-1 minHeight=-1 defaultMinSize=220 token=WCT{RemoteToken{f1db65 Task{3bea171 #55 type=standard A=10209:com.visioncameraidentifier}}} topActivityType=1 pictureInPictureParams=null shouldDockBigOverlays=false launchIntoPipHostTaskId=-1 lastParentTaskIdBeforePip=-1 displayCutoutSafeInsets=null topActivityInfo=ActivityInfo{cf1603a com.visioncameraidentifier.MainActivity} launchCookies=[android.os.BinderProxy@4f3d4eb] positionInParent=Point(0, 0) parentTaskId=-1 isFocused=false isVisible=false isVisibleRequested=false isSleeping=false locusId=null displayAreaFeatureId=1 isTopActivityTransparent=false appCompatTaskInfo=AppCompatTaskInfo { topActivityInSizeCompat=false topActivityEligibleForLetterboxEducation= falseisLetterboxEducationEnabled= true isLetterboxDoubleTapEnabled= false topActivityEligibleForUserAspectRatioButton= false topActivityBoundsLetterboxed= false isFromLetterboxDoubleTap= false topActivityLetterboxVerticalPosition= -1 topActivityLetterboxHorizontalPosition= -1 topActivityLetterboxWidth=1080 topActivityLetterboxHeight=2400 isUserFullscreenOverrideEnabled=false isSystemFullscreenOverrideEnabled=false cameraCompatTaskInfo=CameraCompatTaskInfo { cameraCompatControlState=hidden freeformCameraCompatMode=inactive}}}, pipTask = null, remoteTransition = RemoteTransition { remoteTransition = android.window.IRemoteTransition$Stub$Proxy@f737248, appThread = android.app.IApplicationThread$Stub$Proxy@ca9c8e1, debugName = QuickstepLaunch }, displayChange = null, flags = 0, debugId = 147 }
09-17 09:48:22.925   622   652 V WindowManager:     startWCT=WindowContainerTransaction { changes = {} hops = [] errorCallbackToken=null taskFragmentOrganizer=null }
09-17 09:48:22.925   622   652 V WindowManager:     info={id=147 t=OPEN f=0x0 trk=0 r=[0@Point(0, 0)] c=[
09-17 09:48:22.925   622   652 V WindowManager:         {WCT{RemoteToken{f1db65 Task{3bea171 #55 type=standard A=10209:com.visioncameraidentifier}}} m=OPEN f=NONE leash=Surface(name=Task=55)/@0x8825acf sb=Rect(0, 0 - 1080, 2400) eb=Rect(0, 0 - 1080, 2400) d=0 taskParent=-1},
09-17 09:48:22.925   622   652 V WindowManager:         {WCT{RemoteToken{1261451 Task{7ba21a3 #1 type=home}}} m=TO_BACK f=SHOW_WALLPAPER leash=Surface(name=Task=1)/@0x9aba0d1 sb=Rect(0, 0 - 1080, 2400) eb=Rect(0, 0 - 1080, 2400) d=0 taskParent=-1}
09-17 09:48:22.925   622   652 V WindowManager:     ]}
09-17 09:48:22.927  1209  1263 V WindowManagerShell: onTransitionReady (#147) android.os.BinderProxy@4de3037: {id=147 t=OPEN f=0x0 trk=0 r=[0@Point(0, 0)] c=[{WCT{android.window.IWindowContainerToken$Stub$Proxy@2dd6bca} m=OPEN f=NONE leash=Surface(name=Task=55)/@0xa4e021f sb=Rect(0, 0 - 1080, 2400) eb=Rect(0, 0 - 1080, 2400) d=0 taskParent=-1},{WCT{android.window.IWindowContainerToken$Stub$Proxy@75aa13b} m=TO_BACK f=SHOW_WALLPAPER leash=Surface(name=Task=1)/@0xad6896c sb=Rect(0, 0 - 1080, 2400) eb=Rect(0, 0 - 1080, 2400) d=0 taskParent=-1}]}
09-17 09:48:22.927  1209  1263 V WindowManagerShell: Playing animation for (#147) android.os.BinderProxy@4de3037@0
09-17 09:48:22.927  1209  1263 V WindowManagerShell:  try firstHandler com.android.wm.shell.transition.DefaultMixedHandler@5f88e75
09-17 09:48:22.929  1209  1263 V WindowManagerShell: Mixed transition for opening an intent with a remote transition and PIP #147
09-17 09:48:22.929  1209  1263 V WindowManagerShell:  Delegate animation for (#147) to RemoteTransition { remoteTransition = android.window.IRemoteTransition$Stub$Proxy@65b98d3, appThread = android.app.IApplicationThread$Stub$Proxy@3c28c10, debugName = QuickstepLaunch }
09-17 09:48:22.931  1209  1263 V WindowManagerShell:  animated by firstHandler
09-17 09:48:22.935   622  2627 W UserManagerService: Requested status bar icon for non-badged user 0
09-17 09:48:22.937  1500  1500 D BaseDepthController: mSurface is null and mCurrentBlur is: 0
09-17 09:48:22.939  1500  1500 D BaseDepthController: mSurface is null and mCurrentBlur is: 0
09-17 09:48:22.941 25040 25040 I ameraidentifier: Late-enabling -Xcheck:jni
09-17 09:48:22.944  1500  1500 D BaseDepthController: mSurface is null and mCurrentBlur is: 0
09-17 09:48:22.985  1500  2058 D EGL_emulation: app_time_stats: avg=2614.57ms min=3.02ms max=38821.85ms count=15
09-17 09:48:22.989   399   399 I RanchuHwc: logCompositionFallbackIfChanged: layer 446 CompositionType fallback from 2 to 1
09-17 09:48:22.989   399   399 I RanchuHwc: logCompositionFallbackIfChanged: layer 447 CompositionType fallback from 2 to 1
09-17 09:48:22.994   414   550 D audioserver: logFgsApiEnd: FGS Logger Transaction failed, -129
09-17 09:48:23.001  1500  1500 D BaseDepthController: mSurface is null and mCurrentBlur is: 0
09-17 09:48:23.012  1500  1500 D BaseDepthController: mSurface is null and mCurrentBlur is: 0
09-17 09:48:23.035  1500  1500 D BaseDepthController: mSurface is null and mCurrentBlur is: 0
09-17 09:48:23.048  1500  1500 D BaseDepthController: mSurface is null and mCurrentBlur is: 0
09-17 09:48:23.049   383 25039 W android.hardware.audio@7.1-impl.ranchu: pcmWrite:259 pcm_writei failed with 'cannot read/write stream data: I/O error' (-1)
09-17 09:48:23.049   383 25039 E android.hardware.audio@7.1-impl.ranchu: pcmWrite:260 failure: -1
09-17 09:48:23.064  1500  1500 D BaseDepthController: mSurface is null and mCurrentBlur is: 0
09-17 09:48:23.083  1500  1500 D BaseDepthController: mSurface is null and mCurrentBlur is: 0
09-17 09:48:23.087 25040 25040 I ameraidentifier: Using CollectorTypeCMC GC.
09-17 09:48:23.093 25040 25040 W ameraidentifier: Unexpected CPU variant for x86: x86_64.
09-17 09:48:23.093 25040 25040 W ameraidentifier: Known variants: atom, sandybridge, silvermont, goldmont, goldmont-plus, goldmont-without-sha-xsaves, tremont, kabylake, default
09-17 09:48:23.108  2331  2360 I adbd    : jdwp connection from 25040
09-17 09:48:23.108  1500  1500 D BaseDepthController: mSurface is null and mCurrentBlur is: 0
09-17 09:48:23.136  1500  1500 D BaseDepthController: mSurface is null and mCurrentBlur is: 0
09-17 09:48:23.144 25040 25040 D nativeloader: Load libframework-connectivity-tiramisu-jni.so using APEX ns com_android_tethering for caller /apex/com.android.tethering/javalib/framework-connectivity-t.jar: ok
09-17 09:48:23.149  1500  1500 D BaseDepthController: mSurface is null and mCurrentBlur is: 0
09-17 09:48:23.153   383 25039 W android.hardware.audio@7.1-impl.ranchu: pcmWrite:259 pcm_writei failed with 'cannot read/write stream data: I/O error' (-1)
09-17 09:48:23.153   383 25039 E android.hardware.audio@7.1-impl.ranchu: pcmWrite:260 failure: -1
09-17 09:48:23.169  1500  1500 D BaseDepthController: mSurface is null and mCurrentBlur is: 0
09-17 09:48:23.191  1500  1500 D BaseDepthController: mSurface is null and mCurrentBlur is: 0
09-17 09:48:23.213 25040 25040 D CompatChangeReporter: Compat change id reported: 242716250; UID 10209; state: ENABLED
09-17 09:48:23.217  1500  1500 D BaseDepthController: mSurface is null and mCurrentBlur is: 0
09-17 09:48:23.224  1500  1500 D BaseDepthController: mSurface is null and mCurrentBlur is: 0
09-17 09:48:23.238  1209  1332 D EGL_emulation: app_time_stats: avg=23205.40ms min=23205.40ms max=23205.40ms count=1
09-17 09:48:23.240  1500  1500 D BaseDepthController: mSurface is null and mCurrentBlur is: 0
09-17 09:48:23.250 25040 25040 W ziparchive: Unable to open '/data/app/~~hefF6NeB-TcPBsXRY90qkA==/com.visioncameraidentifier-V6bsX23HH0Vu6SL7mmhnBA==/base.dm': No such file or directory
09-17 09:48:23.251 25040 25040 W ziparchive: Unable to open '/data/app/~~hefF6NeB-TcPBsXRY90qkA==/com.visioncameraidentifier-V6bsX23HH0Vu6SL7mmhnBA==/base.dm': No such file or directory
09-17 09:48:23.259  1500  1500 D BaseDepthController: mSurface is null and mCurrentBlur is: 0
09-17 09:48:23.261   383 25039 W android.hardware.audio@7.1-impl.ranchu: pcmWrite:259 pcm_writei failed with 'cannot read/write stream data: I/O error' (-1)
09-17 09:48:23.261   383 25039 E android.hardware.audio@7.1-impl.ranchu: pcmWrite:260 failure: -1
09-17 09:48:23.285  1500  1500 D BaseDepthController: mSurface is null and mCurrentBlur is: 0
09-17 09:48:23.301  1500  1500 D BaseDepthController: mSurface is null and mCurrentBlur is: 0
09-17 09:48:23.318  1500  1500 D BaseDepthController: mSurface is null and mCurrentBlur is: 0
09-17 09:48:23.333  1500  1500 D BaseDepthController: mSurface is null and mCurrentBlur is: 0
09-17 09:48:23.349  1500  1500 D BaseDepthController: mSurface is null and mCurrentBlur is: 0
09-17 09:48:23.366   383 25039 W android.hardware.audio@7.1-impl.ranchu: pcmWrite:259 pcm_writei failed with 'cannot read/write stream data: I/O error' (-1)
09-17 09:48:23.366   383 25039 E android.hardware.audio@7.1-impl.ranchu: pcmWrite:260 failure: -1
09-17 09:48:23.368  1500  1500 D BaseDepthController: mSurface is null and mCurrentBlur is: 0
09-17 09:48:23.383  1500  1500 D BaseDepthController: mSurface is null and mCurrentBlur is: 0
09-17 09:48:23.414  1500  1500 D BaseDepthController: mSurface is null and mCurrentBlur is: 0
09-17 09:48:23.429  1500  1500 D BaseDepthController: mSurface is null and mCurrentBlur is: 0
09-17 09:48:23.446  1500  1500 D BaseDepthController: mSurface is null and mCurrentBlur is: 0
09-17 09:48:23.466  1500  1500 D BaseDepthController: mSurface is null and mCurrentBlur is: 0
09-17 09:48:23.466  1500  1500 D BaseDepthController: mSurface is null and mCurrentBlur is: 0
09-17 09:48:23.472   383 25039 W android.hardware.audio@7.1-impl.ranchu: pcmWrite:259 pcm_writei failed with 'cannot read/write stream data: I/O error' (-1)
09-17 09:48:23.472   383 25039 E android.hardware.audio@7.1-impl.ranchu: pcmWrite:260 failure: -1
09-17 09:48:23.474  1209  1263 V WindowManagerShell: Transition animation finished (aborted=false), notifying core (#147) android.os.BinderProxy@4de3037@0
09-17 09:48:23.475   622   652 V WindowManager: Finish Transition (#147): created at 09-17 09:48:22.825 collect-started=0.023ms request-sent=9.47ms started=15.198ms ready=95.225ms sent=97.092ms finished=649.977ms
09-17 09:48:23.485  1209  1263 V WindowManagerShell: Track 0 became idle
09-17 09:48:23.485  1209  1263 V WindowManagerShell: All active transition animations finished
09-17 09:48:23.487   622   642 W UserManagerService: Requested status bar icon for non-badged user 0
09-17 09:48:23.494   622   642 W UserManagerService: Requested status bar icon for non-badged user 0
09-17 09:48:23.502  1500  1500 D VRI[NexusLauncherActivity]: visibilityChanged oldVisibility=true newVisibility=false
09-17 09:48:23.509  1500  1500 D NexusLauncherModelDelegate: notifySmartspaceEvent: SmartspaceTargetEvent{mSmartspaceTarget=null, mSmartspaceActionId='null', mEventType=7}
09-17 09:48:23.519  1500  1500 W FrameTracker: Missed SF frame:UNKNOWN: 80, 759164, 0, CUJ=J<LAUNCHER_APP_LAUNCH_FROM_ICON>
09-17 09:48:23.519  1500  1500 W FrameTracker: Missing HWUI jank callback for vsyncId: 759164, CUJ=J<LAUNCHER_APP_LAUNCH_FROM_ICON>
09-17 09:48:23.520  1500  1500 W FrameTracker: Missed SF frame:UNKNOWN: 80, 759186, 0, CUJ=J<LAUNCHER_APP_LAUNCH_FROM_ICON>
09-17 09:48:23.521  1500  1500 W FrameTracker: Missing HWUI jank callback for vsyncId: 759186, CUJ=J<LAUNCHER_APP_LAUNCH_FROM_ICON>
09-17 09:48:23.521  1500  1500 W FrameTracker: Missed SF frame:UNKNOWN: 80, 759208, 34429984, CUJ=J<LAUNCHER_APP_LAUNCH_FROM_ICON>
09-17 09:48:23.521  1500  1500 W FrameTracker: Missed SF frame:UNKNOWN: 80, 759223, 0, CUJ=J<LAUNCHER_APP_LAUNCH_FROM_ICON>
09-17 09:48:23.521  1500  1500 W FrameTracker: Missing HWUI jank callback for vsyncId: 759223, CUJ=J<LAUNCHER_APP_LAUNCH_FROM_ICON>
09-17 09:48:23.521  1500  1500 W FrameTracker: Missed SF frame:UNKNOWN: 80, 759252, 0, CUJ=J<LAUNCHER_APP_LAUNCH_FROM_ICON>
09-17 09:48:23.521  1500  1500 W FrameTracker: Missing HWUI jank callback for vsyncId: 759252, CUJ=J<LAUNCHER_APP_LAUNCH_FROM_ICON>
09-17 09:48:23.521  1500  1500 W FrameTracker: Missed SF frame:UNKNOWN: 80, 759274, 48778818, CUJ=J<LAUNCHER_APP_LAUNCH_FROM_ICON>
09-17 09:48:23.521  1500  1500 W FrameTracker: Missed SF frame:UNKNOWN: 80, 759289, 51415319, CUJ=J<LAUNCHER_APP_LAUNCH_FROM_ICON>
09-17 09:48:23.521  1500  1500 W FrameTracker: Missed SF frame:UNKNOWN: 80, 759311, 51281417, CUJ=J<LAUNCHER_APP_LAUNCH_FROM_ICON>
09-17 09:48:23.521  1500  1500 W FrameTracker: Missed App frame:UNKNOWN: 88, 759340, 0, CUJ=J<LAUNCHER_APP_LAUNCH_FROM_ICON>
09-17 09:48:23.521  1500  1500 W FrameTracker: Missed SF frame:UNKNOWN: 88, 759340, 0, CUJ=J<LAUNCHER_APP_LAUNCH_FROM_ICON>
09-17 09:48:23.521  1500  1500 W FrameTracker: Missing HWUI jank callback for vsyncId: 759340, CUJ=J<LAUNCHER_APP_LAUNCH_FROM_ICON>
09-17 09:48:23.521  1500  1500 W FrameTracker: Missed SF frame:UNKNOWN: 80, 759370, 0, CUJ=J<LAUNCHER_APP_LAUNCH_FROM_ICON>
09-17 09:48:23.521  1500  1500 W FrameTracker: Missing HWUI jank callback for vsyncId: 759370, CUJ=J<LAUNCHER_APP_LAUNCH_FROM_ICON>
09-17 09:48:23.522  1500  1500 W FrameTracker: Missed App frame:UNKNOWN: 88, 759392, 51094736, CUJ=J<LAUNCHER_APP_LAUNCH_FROM_ICON>
09-17 09:48:23.522  1500  1500 W FrameTracker: Missed SF frame:UNKNOWN: 88, 759392, 51094736, CUJ=J<LAUNCHER_APP_LAUNCH_FROM_ICON>
09-17 09:48:23.522  1500  1500 W FrameTracker: Missed App frame:UNKNOWN: 88, 759414, 51671979, CUJ=J<LAUNCHER_APP_LAUNCH_FROM_ICON>
09-17 09:48:23.522  1500  1500 W FrameTracker: Missed SF frame:UNKNOWN: 88, 759414, 51671979, CUJ=J<LAUNCHER_APP_LAUNCH_FROM_ICON>
09-17 09:48:23.522  1500  1500 W FrameTracker: Missed SF frame:UNKNOWN: 80, 759436, 51445417, CUJ=J<LAUNCHER_APP_LAUNCH_FROM_ICON>
09-17 09:48:23.522  1500  1500 W FrameTracker: Missing HWUI jank callback for vsyncId: 759458, CUJ=J<LAUNCHER_APP_LAUNCH_FROM_ICON>
09-17 09:48:23.522  1500  1500 W FrameTracker: Missed SF frame:UNKNOWN: 80, 759480, 35015772, CUJ=J<LAUNCHER_APP_LAUNCH_FROM_ICON>
09-17 09:48:23.522  1500  1500 W FrameTracker: Missed SF frame:UNKNOWN: 80, 759502, 0, CUJ=J<LAUNCHER_APP_LAUNCH_FROM_ICON>
09-17 09:48:23.522  1500  1500 W FrameTracker: Missing HWUI jank callback for vsyncId: 759502, CUJ=J<LAUNCHER_APP_LAUNCH_FROM_ICON>
09-17 09:48:23.522  1500  1500 W FrameTracker: Missed SF frame:UNKNOWN: 80, 759531, 34567984, CUJ=J<LAUNCHER_APP_LAUNCH_FROM_ICON>
09-17 09:48:23.522  1500  1500 W FrameTracker: Missed App frame:UNKNOWN: 88, 759553, 0, CUJ=J<LAUNCHER_APP_LAUNCH_FROM_ICON>
09-17 09:48:23.522  1500  1500 W FrameTracker: Missed SF frame:UNKNOWN: 88, 759553, 0, CUJ=J<LAUNCHER_APP_LAUNCH_FROM_ICON>
09-17 09:48:23.522  1500  1500 W FrameTracker: Missing HWUI jank callback for vsyncId: 759553, CUJ=J<LAUNCHER_APP_LAUNCH_FROM_ICON>
09-17 09:48:23.522  1500  1500 W FrameTracker: Missed SF frame:UNKNOWN: 80, 759575, 0, CUJ=J<LAUNCHER_APP_LAUNCH_FROM_ICON>
09-17 09:48:23.522  1500  1500 W FrameTracker: Missing HWUI jank callback for vsyncId: 759575, CUJ=J<LAUNCHER_APP_LAUNCH_FROM_ICON>
09-17 09:48:23.522  1500  1500 W FrameTracker: Missed SF frame:UNKNOWN: 80, 759597, 48543312, CUJ=J<LAUNCHER_APP_LAUNCH_FROM_ICON>
09-17 09:48:23.522  1500  1500 W FrameTracker: Missed SF frame:UNKNOWN: 80, 759619, 46004593, CUJ=J<LAUNCHER_APP_LAUNCH_FROM_ICON>
09-17 09:48:23.522  1500  1500 W FrameTracker: Missed SF frame:UNKNOWN: 80, 759648, 49017473, CUJ=J<LAUNCHER_APP_LAUNCH_FROM_ICON>
09-17 09:48:23.523  1500  1500 W FrameTracker: Missed SF frame:UNKNOWN: 80, 759670, 0, CUJ=J<LAUNCHER_APP_LAUNCH_FROM_ICON>
09-17 09:48:23.523  1500  1500 W FrameTracker: Missing HWUI jank callback for vsyncId: 759670, CUJ=J<LAUNCHER_APP_LAUNCH_FROM_ICON>
09-17 09:48:23.523  1500  1500 W FrameTracker: Missed SF frame:UNKNOWN: 80, 759685, 44199064, CUJ=J<LAUNCHER_APP_LAUNCH_FROM_ICON>
09-17 09:48:23.523  1500  1500 W FrameTracker: Missed SF frame:UNKNOWN: 80, 759700, 0, CUJ=J<LAUNCHER_APP_LAUNCH_FROM_ICON>
09-17 09:48:23.523  1500  1500 W FrameTracker: Missing HWUI jank callback for vsyncId: 759700, CUJ=J<LAUNCHER_APP_LAUNCH_FROM_ICON>
09-17 09:48:23.523  1500  1500 W FrameTracker: Missed SF frame:UNKNOWN: 80, 759715, 0, CUJ=J<LAUNCHER_APP_LAUNCH_FROM_ICON>
09-17 09:48:23.523  1500  1500 W FrameTracker: Missing HWUI jank callback for vsyncId: 759715, CUJ=J<LAUNCHER_APP_LAUNCH_FROM_ICON>
09-17 09:48:23.523  1500  1500 W FrameTracker: Missed SF frame:UNKNOWN: 80, 759738, 30321831, CUJ=J<LAUNCHER_APP_LAUNCH_FROM_ICON>
09-17 09:48:23.523  1500  1500 W FrameTracker: Missed SF frame:UNKNOWN: 80, 759753, 34556368, CUJ=J<LAUNCHER_APP_LAUNCH_FROM_ICON>
09-17 09:48:23.523  1500  1500 W FrameTracker: Missed App frame:UNKNOWN: 88, 759768, 35355030, CUJ=J<LAUNCHER_APP_LAUNCH_FROM_ICON>
09-17 09:48:23.523  1500  1500 W FrameTracker: Missed SF frame:UNKNOWN: 88, 759768, 35355030, CUJ=J<LAUNCHER_APP_LAUNCH_FROM_ICON>
09-17 09:48:23.577   383 25039 W android.hardware.audio@7.1-impl.ranchu: pcmWrite:259 pcm_writei failed with 'cannot read/write stream data: I/O error' (-1)
09-17 09:48:23.577   383 25039 E android.hardware.audio@7.1-impl.ranchu: pcmWrite:260 failure: -1
09-17 09:48:23.595 25040 25040 D nativeloader: Configuring clns-7 for other apk /data/app/~~hefF6NeB-TcPBsXRY90qkA==/com.visioncameraidentifier-V6bsX23HH0Vu6SL7mmhnBA==/base.apk. target_sdk_version=34, uses_libraries=, library_path=/data/app/~~hefF6NeB-TcPBsXRY90qkA==/com.visioncameraidentifier-V6bsX23HH0Vu6SL7mmhnBA==/lib/x86_64:/data/app/~~hefF6NeB-TcPBsXRY90qkA==/com.visioncameraidentifier-V6bsX23HH0Vu6SL7mmhnBA==/base.apk!/lib/x86_64, permitted_path=/data:/mnt/expand:/data/user/0/com.visioncameraidentifier
09-17 09:48:23.625 25040 25040 V GraphicsEnvironment: Currently set values for:
09-17 09:48:23.625 25040 25040 V GraphicsEnvironment:   angle_gl_driver_selection_pkgs=[]
09-17 09:48:23.625 25040 25040 V GraphicsEnvironment:   angle_gl_driver_selection_values=[]
09-17 09:48:23.625 25040 25040 V GraphicsEnvironment: Global.Settings values are invalid: number of packages: 0, number of values: 0
09-17 09:48:23.626 25040 25040 V GraphicsEnvironment: Neither updatable production driver nor prerelease driver is supported.
09-17 09:48:23.668 25040 25040 W SoLoader: Initializing SoLoader: 0
09-17 09:48:23.669 25040 25040 W SoLoader: SoLoader initialized: 0
09-17 09:48:23.675   622  2627 I AppsFilter: interaction: PackageSetting{76fcc0a com.visioncameraidentifier/10209} -> PackageSetting{e145f27 com.google.android.apps.nexuslauncher/10176} BLOCKED
09-17 09:48:23.675   622  2627 W OptProp : Cannot read opt property android.window.PROPERTY_COMPAT_ENABLE_FAKE_FOCUS
09-17 09:48:23.685   383 25039 W android.hardware.audio@7.1-impl.ranchu: pcmWrite:259 pcm_writei failed with 'cannot read/write stream data: I/O error' (-1)
09-17 09:48:23.685   383 25039 E android.hardware.audio@7.1-impl.ranchu: pcmWrite:260 failure: -1
09-17 09:48:23.740 25040 25040 D AppCompatDelegate: Checking for metadata for AppLocalesMetadataHolderService : Service not found
09-17 09:48:23.788   383 25039 W android.hardware.audio@7.1-impl.ranchu: pcmWrite:259 pcm_writei failed with 'cannot read/write stream data: I/O error' (-1)
09-17 09:48:23.788   383 25039 E android.hardware.audio@7.1-impl.ranchu: pcmWrite:260 failure: -1
09-17 09:48:23.794 25040 25040 W SoLoader: SoLoader already initialized
09-17 09:48:23.867 25040 25040 D nativeloader: Load /data/app/~~hefF6NeB-TcPBsXRY90qkA==/com.visioncameraidentifier-V6bsX23HH0Vu6SL7mmhnBA==/base.apk!/lib/x86_64/libhermes.so using ns clns-7 from class loader (caller=/data/app/~~hefF6NeB-TcPBsXRY90qkA==/com.visioncameraidentifier-V6bsX23HH0Vu6SL7mmhnBA==/base.apk): ok
09-17 09:48:23.892   383 25039 W android.hardware.audio@7.1-impl.ranchu: pcmWrite:259 pcm_writei failed with 'cannot read/write stream data: I/O error' (-1)
09-17 09:48:23.893   383 25039 E android.hardware.audio@7.1-impl.ranchu: pcmWrite:260 failure: -1
09-17 09:48:23.899 25040 25040 D nativeloader: Load /data/app/~~hefF6NeB-TcPBsXRY90qkA==/com.visioncameraidentifier-V6bsX23HH0Vu6SL7mmhnBA==/base.apk!/lib/x86_64/libhermes_executor.so using ns clns-7 from class loader (caller=/data/app/~~hefF6NeB-TcPBsXRY90qkA==/com.visioncameraidentifier-V6bsX23HH0Vu6SL7mmhnBA==/base.apk): ok
09-17 09:48:23.901 25040 25040 W SoLoader: SoLoader already initialized
09-17 09:48:23.996   383 25039 W android.hardware.audio@7.1-impl.ranchu: pcmWrite:259 pcm_writei failed with 'cannot read/write stream data: I/O error' (-1)
09-17 09:48:23.996   383 25039 E android.hardware.audio@7.1-impl.ranchu: pcmWrite:260 failure: -1
09-17 09:48:24.001 25040 25062 D nativeloader: Load /data/app/~~hefF6NeB-TcPBsXRY90qkA==/com.visioncameraidentifier-V6bsX23HH0Vu6SL7mmhnBA==/base.apk!/lib/x86_64/libreact_devsupportjni.so using ns clns-7 from class loader (caller=/data/app/~~hefF6NeB-TcPBsXRY90qkA==/com.visioncameraidentifier-V6bsX23HH0Vu6SL7mmhnBA==/base.apk): ok
09-17 09:48:24.048 25040 25064 D TrafficStats: tagSocket(97) with statsTag=0xffffffff, statsUid=-1
09-17 09:48:24.049 25040 25066 D TrafficStats: tagSocket(99) with statsTag=0xffffffff, statsUid=-1
09-17 09:48:24.059 25040 25065 D TrafficStats: tagSocket(98) with statsTag=0xffffffff, statsUid=-1
09-17 09:48:24.081 25040 25040 W ameraidentifier: Accessing hidden method Landroid/view/View;->computeFitSystemWindows(Landroid/graphics/Rect;Landroid/graphics/Rect;)Z (unsupported, reflection, allowed)
09-17 09:48:24.082 25040 25040 W ameraidentifier: Accessing hidden method Landroid/view/ViewGroup;->makeOptionalFitsSystemWindows()V (unsupported, reflection, allowed)
09-17 09:48:24.105   383 25039 W android.hardware.audio@7.1-impl.ranchu: pcmWrite:259 pcm_writei failed with 'cannot read/write stream data: I/O error' (-1)
09-17 09:48:24.105   383 25039 E android.hardware.audio@7.1-impl.ranchu: pcmWrite:260 failure: -1
09-17 09:48:24.105 25040 25040 W HWUI    : Unknown dataspace 0
09-17 09:48:24.127 25040 25040 W unknown:ReactNative: Packager connection already open, nooping.
09-17 09:48:24.132   622  2627 D CoreBackPreview: Window{b0d0390 u0 com.visioncameraidentifier/com.visioncameraidentifier.MainActivity}: Setting back callback OnBackInvokedCallbackInfo{mCallback=android.window.IOnBackInvokedCallback$Stub$Proxy@1772c8e, mPriority=0, mIsAnimationCallback=false}
09-17 09:48:24.148 25040 25056 I EGL_emulation: Opening libGLESv1_CM_emulation.so
09-17 09:48:24.151 25040 25056 I EGL_emulation: Opening libGLESv2_emulation.so
09-17 09:48:24.213   383 25039 W android.hardware.audio@7.1-impl.ranchu: pcmWrite:259 pcm_writei failed with 'cannot read/write stream data: I/O error' (-1)
09-17 09:48:24.213   383 25039 E android.hardware.audio@7.1-impl.ranchu: pcmWrite:260 failure: -1
09-17 09:48:24.259 25040 25056 W HWUI    : Failed to choose config with EGL_SWAP_BEHAVIOR_PRESERVED, retrying without...
09-17 09:48:24.259 25040 25056 W HWUI    : Failed to initialize 101010-2 format, error = EGL_SUCCESS
09-17 09:48:24.284   162   162 I hwservicemanager: getTransport: Cannot find entry android.hardware.graphics.mapper@4.0::IMapper/default in either framework or device VINTF manifest.
09-17 09:48:24.284 25040 25056 I Gralloc4: mapper 4.x is not supported
09-17 09:48:24.320   383 25039 W android.hardware.audio@7.1-impl.ranchu: pcmWrite:259 pcm_writei failed with 'cannot read/write stream data: I/O error' (-1)
09-17 09:48:24.321   383 25039 E android.hardware.audio@7.1-impl.ranchu: pcmWrite:260 failure: -1
09-17 09:48:24.332   622   652 W ziparchive: Unable to open '/data/app/~~hefF6NeB-TcPBsXRY90qkA==/com.visioncameraidentifier-V6bsX23HH0Vu6SL7mmhnBA==/base.dm': No such file or directory
09-17 09:48:24.340   622   652 I ActivityTaskManager: Displayed com.visioncameraidentifier/.MainActivity for user 0: +1s511ms
09-17 09:48:24.366   622  2627 D CoreBackPreview: Window{5e03f66 u0 PopupWindow:c41ea}: Setting back callback OnBackInvokedCallbackInfo{mCallback=android.window.IOnBackInvokedCallback$Stub$Proxy@d857354, mPriority=0, mIsAnimationCallback=false}
09-17 09:48:24.415   622   868 I ImeTracker: com.visioncameraidentifier:449fcd51: onRequestHide at ORIGIN_SERVER reason HIDE_UNSPECIFIED_WINDOW fromUser false
09-17 09:48:24.415   622   868 I ImeTracker: com.visioncameraidentifier:449fcd51: onCancelled at PHASE_SERVER_SHOULD_HIDE
09-17 09:48:24.417  1500  1500 D BaseDepthController: setSurface:
09-17 09:48:24.417  1500  1500 D BaseDepthController: 	mWaitingOnSurfaceValidity: false
09-17 09:48:24.417  1500  1500 D BaseDepthController: 	mSurface: null
09-17 09:48:24.417  1500  1500 D BaseDepthController: mSurface is null and mCurrentBlur is: 0
09-17 09:48:24.418  1500  1500 D StateManager: goToState - fromState: Normal, toState: Normal, partial trace:
09-17 09:48:24.418  1500  1500 D StateManager: 	at com.android.launcher3.statemanager.StateManager.moveToRestState(go/retraceme 2855a437b73635ce9cad76b9289087e631bbb67fc90008a0da13d343a00e5041:4)
09-17 09:48:24.418  1500  1500 D StateManager: 	at com.android.launcher3.statemanager.StateManager.moveToRestState(go/retraceme 2855a437b73635ce9cad76b9289087e631bbb67fc90008a0da13d343a00e5041:1)
09-17 09:48:24.418  1500  1500 D StateManager: 	at com.android.launcher3.statemanager.StatefulActivity.onStop(go/retraceme 2855a437b73635ce9cad76b9289087e631bbb67fc90008a0da13d343a00e5041:34)
09-17 09:48:24.420  1500  1500 D StatsLog: LAUNCHER_ONSTOP
09-17 09:48:24.427  1500  1500 D StatsLog: LAUNCHER_GOOGLE_SEARCH_RESTORE_LIST_SIZE_AFTER_ACTIVITY_RESTART
09-17 09:48:24.428   383 25039 W android.hardware.audio@7.1-impl.ranchu: pcmWrite:259 pcm_writei failed with 'cannot read/write stream data: I/O error' (-1)
09-17 09:48:24.428   383 25039 E android.hardware.audio@7.1-impl.ranchu: pcmWrite:260 failure: -1
09-17 09:48:24.431 10233 10233 I GoogleInputMethodService: GoogleInputMethodService.onFinishInput():3157 
09-17 09:48:24.430  1500  2382 D OneSearchSuggestProvider: Shut down the binder channel
09-17 09:48:24.434 10233 10233 I GoogleInputMethodService: GoogleInputMethodService.updateDeviceLockedStatus():2248 repeatCheckTimes = 0, locked = false
09-17 09:48:24.435 10233 10233 I GoogleInputMethodService: GoogleInputMethodService.onStartInput():1986 onStartInput(EditorInfo{EditorInfo{packageName=com.visioncameraidentifier, inputType=0, inputTypeString=NULL, enableLearning=false, autoCorrection=false, autoComplete=false, imeOptions=0, privateImeOptions=null, actionName=UNSPECIFIED, actionLabel=null, initialSelStart=-1, initialSelEnd=-1, initialCapsMode=0, label=null, fieldId=0, fieldName=null, extras=null, hintText=null, hintLocales=[]}}, false)
09-17 09:48:24.435  1500  3468 I IPCThreadState: oneway function results for code 2 on binder at 0x792ca5e980d0 will be dropped but finished with status UNKNOWN_TRANSACTION
09-17 09:48:24.435 10233 10233 I GoogleInputMethodService: GoogleInputMethodService.updateDeviceLockedStatus():2248 repeatCheckTimes = 1, locked = false
09-17 09:48:24.436 10233 10233 I AndroidIME: InputBundleManager.loadActiveInputBundleId():450 loadActiveInputBundleId: und-Latn-x-password, password
09-17 09:48:24.437   622   642 W PackageConfigPersister: App-specific configuration not found for packageName: com.visioncameraidentifier and userId: 0
09-17 09:48:24.533   383 25039 W android.hardware.audio@7.1-impl.ranchu: pcmWrite:259 pcm_writei failed with 'cannot read/write stream data: I/O error' (-1)
09-17 09:48:24.533   383 25039 E android.hardware.audio@7.1-impl.ranchu: pcmWrite:260 failure: -1
09-17 09:48:24.612 10082 10095 I FontLog : (REDACTED) Received query %s, URI %s
09-17 09:48:24.612 10082 10095 I FontLog : (REDACTED) Query [%s] resolved to %s
09-17 09:48:24.614 10082 10095 I FontLog : (REDACTED) Fetch %s end status %s
09-17 09:48:24.620 10082 10095 I FontLog : (REDACTED) Pulling font file for id = %d, cache size = %d
09-17 09:48:24.628 10082 10095 I FontLog : (REDACTED) Pulling font file for id = %d, cache size = %d
09-17 09:48:24.641   383 25039 W android.hardware.audio@7.1-impl.ranchu: pcmWrite:259 pcm_writei failed with 'cannot read/write stream data: I/O error' (-1)
09-17 09:48:24.642   383 25039 E android.hardware.audio@7.1-impl.ranchu: pcmWrite:260 failure: -1
09-17 09:48:24.685  1500  2058 D EGL_emulation: app_time_stats: avg=59.07ms min=2.12ms max=1200.29ms count=28
09-17 09:48:24.701  1209  1294 W WindowOnBackDispatcher: sendCancelIfRunning: isInProgress=false callback=android.view.ViewRootImpl$$ExternalSyntheticLambda11@d6db97d
09-17 09:48:24.703   622  2627 D CoreBackPreview: Window{f838a73 u0 Splash Screen com.visioncameraidentifier EXITING}: Setting back callback null
09-17 09:48:24.704   622  2627 W InputManager-JNI: Input channel object 'f838a73 Splash Screen com.visioncameraidentifier (client)' was disposed without first being removed with the input manager!
09-17 09:48:24.749   383 25039 W android.hardware.audio@7.1-impl.ranchu: pcmWrite:259 pcm_writei failed with 'cannot read/write stream data: I/O error' (-1)
09-17 09:48:24.750   383 25039 E android.hardware.audio@7.1-impl.ranchu: pcmWrite:260 failure: -1
09-17 09:48:24.854 10082 10095 I ChimeraSrvcProxy: NullBinder for android.net.action.RECOMMEND_NETWORKS triggering remote TransactionTooLargeException due to Service without Chimera impl
09-17 09:48:24.854 10082 10095 W .gms.persistent: Large reply transaction of 1056768 bytes, interface descriptor , code 1
09-17 09:48:24.860   383 25039 W android.hardware.audio@7.1-impl.ranchu: pcmWrite:259 pcm_writei failed with 'cannot read/write stream data: I/O error' (-1)
09-17 09:48:24.860   383 25039 E android.hardware.audio@7.1-impl.ranchu: pcmWrite:260 failure: -1
09-17 09:48:24.877  8817  8891 I BugleRcsEngine: handleMessage processing message:[NOTIFY_UPTIME_IGNORE_STATE_CHANGED] with [non-null]:RcsEngineImpl reference [CONTEXT log_prefix="RcsEngineImpl[DUAL_REG]:[beed4b33-a231]>Handler" thread_id=68 ]
09-17 09:48:24.880  8817  8853 I BugleRcsEngine: Connected state: [1], networkType: [WIFI] [CONTEXT thread_id=62 ]
09-17 09:48:24.884   622  1123 W IPCThreadState: Sending oneway calls to frozen process.
09-17 09:48:24.887   622  1123 W IPCThreadState: Sending oneway calls to frozen process.
09-17 09:48:24.900   622  1123 W IPCThreadState: Sending oneway calls to frozen process.
09-17 09:48:24.905   622  1123 W IPCThreadState: Sending oneway calls to frozen process.
09-17 09:48:24.907   622  1123 W IPCThreadState: Sending oneway calls to frozen process.
09-17 09:48:24.913   622  1123 W IPCThreadState: Sending oneway calls to frozen process.
09-17 09:48:24.913   622  1123 W IPCThreadState: Sending oneway calls to frozen process.
09-17 09:48:24.914   622  1123 W IPCThreadState: Sending oneway calls to frozen process.
09-17 09:48:24.914   622  1123 W IPCThreadState: Sending oneway calls to frozen process.
09-17 09:48:24.914   622  1123 W IPCThreadState: Sending oneway calls to frozen process.
09-17 09:48:24.915   622  1123 W IPCThreadState: Sending oneway calls to frozen process.
09-17 09:48:24.918   622  1123 W IPCThreadState: Sending oneway calls to frozen process.
09-17 09:48:24.921   622  1123 W IPCThreadState: Sending oneway calls to frozen process.
09-17 09:48:24.922   622  1123 W IPCThreadState: Sending oneway calls to frozen process.
09-17 09:48:24.923   622  1123 W IPCThreadState: Sending oneway calls to frozen process.
09-17 09:48:24.938  1209  1332 D EGL_emulation: app_time_stats: avg=177.82ms min=2.08ms max=1560.67ms count=9
09-17 09:48:24.945  8817  8891 I BugleRcsEngine: No RCS Configuration was found in Bugle for simID: redacted-pii:sim_id[chars:20,last3:897] [CONTEXT log_prefix="ProvisioningEngineDataRetriever" thread_id=68 ]
09-17 09:48:24.961   383 25039 W android.hardware.audio@7.1-impl.ranchu: pcmWrite:259 pcm_writei failed with 'cannot read/write stream data: I/O error' (-1)
09-17 09:48:24.962   383 25039 E android.hardware.audio@7.1-impl.ranchu: pcmWrite:260 failure: -1
09-17 09:48:25.069   383 25039 W android.hardware.audio@7.1-impl.ranchu: pcmWrite:259 pcm_writei failed with 'cannot read/write stream data: I/O error' (-1)
09-17 09:48:25.070   383 25039 E android.hardware.audio@7.1-impl.ranchu: pcmWrite:260 failure: -1
09-17 09:48:25.081 25040 25066 D nativeloader: Load /data/app/~~hefF6NeB-TcPBsXRY90qkA==/com.visioncameraidentifier-V6bsX23HH0Vu6SL7mmhnBA==/base.apk!/lib/x86_64/libreactnativejni.so using ns clns-7 from class loader (caller=/data/app/~~hefF6NeB-TcPBsXRY90qkA==/com.visioncameraidentifier-V6bsX23HH0Vu6SL7mmhnBA==/base.apk): ok
09-17 09:48:25.090 25040 25066 D nativeloader: Load /data/app/~~hefF6NeB-TcPBsXRY90qkA==/com.visioncameraidentifier-V6bsX23HH0Vu6SL7mmhnBA==/base.apk!/lib/x86_64/libfbjni.so using ns clns-7 from class loader (caller=/data/app/~~hefF6NeB-TcPBsXRY90qkA==/com.visioncameraidentifier-V6bsX23HH0Vu6SL7mmhnBA==/base.apk): ok
09-17 09:48:25.177   383 25039 W android.hardware.audio@7.1-impl.ranchu: pcmWrite:259 pcm_writei failed with 'cannot read/write stream data: I/O error' (-1)
09-17 09:48:25.177   383 25039 E android.hardware.audio@7.1-impl.ranchu: pcmWrite:260 failure: -1
09-17 09:48:25.281   383 25039 W android.hardware.audio@7.1-impl.ranchu: pcmWrite:259 pcm_writei failed with 'cannot read/write stream data: I/O error' (-1)
09-17 09:48:25.281   383 25039 E android.hardware.audio@7.1-impl.ranchu: pcmWrite:260 failure: -1
09-17 09:48:25.381 25040 25045 I ameraidentifier: Compiler allocated 5174KB to compile void android.view.ViewRootImpl.performTraversals()
09-17 09:48:25.384   383 25039 W android.hardware.audio@7.1-impl.ranchu: pcmWrite:259 pcm_writei failed with 'cannot read/write stream data: I/O error' (-1)
09-17 09:48:25.385   383 25039 E android.hardware.audio@7.1-impl.ranchu: pcmWrite:260 failure: -1
09-17 09:48:25.493   383 25039 W android.hardware.audio@7.1-impl.ranchu: pcmWrite:259 pcm_writei failed with 'cannot read/write stream data: I/O error' (-1)
09-17 09:48:25.493   383 25039 E android.hardware.audio@7.1-impl.ranchu: pcmWrite:260 failure: -1
09-17 09:48:25.600   383 25039 W android.hardware.audio@7.1-impl.ranchu: pcmWrite:259 pcm_writei failed with 'cannot read/write stream data: I/O error' (-1)
09-17 09:48:25.600   383 25039 E android.hardware.audio@7.1-impl.ranchu: pcmWrite:260 failure: -1
09-17 09:48:25.647 25040 25045 I ameraidentifier: Compiler allocated 4219KB to compile void android.widget.TextView.<init>(android.content.Context, android.util.AttributeSet, int, int)
09-17 09:48:25.708   383 25039 W android.hardware.audio@7.1-impl.ranchu: pcmWrite:259 pcm_writei failed with 'cannot read/write stream data: I/O error' (-1)
09-17 09:48:25.709   383 25039 E android.hardware.audio@7.1-impl.ranchu: pcmWrite:260 failure: -1
09-17 09:48:25.813   383 25039 W android.hardware.audio@7.1-impl.ranchu: pcmWrite:259 pcm_writei failed with 'cannot read/write stream data: I/O error' (-1)
09-17 09:48:25.813   383 25039 E android.hardware.audio@7.1-impl.ranchu: pcmWrite:260 failure: -1
09-17 09:48:25.821 25040 25040 W WindowOnBackDispatcher: sendCancelIfRunning: isInProgress=false callback=android.view.ViewRootImpl$$ExternalSyntheticLambda11@f589a51
09-17 09:48:25.821   622  1287 D CoreBackPreview: Window{5e03f66 u0 PopupWindow:c41ea}: Setting back callback null
09-17 09:48:25.825   622  1287 W InputManager-JNI: Input channel object '5e03f66 PopupWindow:c41ea (client)' was disposed without first being removed with the input manager!
09-17 09:48:25.853 25040 25083 D nativeloader: Load /data/app/~~hefF6NeB-TcPBsXRY90qkA==/com.visioncameraidentifier-V6bsX23HH0Vu6SL7mmhnBA==/base.apk!/lib/x86_64/libVisionCamera.so using ns clns-7 from class loader (caller=/data/app/~~hefF6NeB-TcPBsXRY90qkA==/com.visioncameraidentifier-V6bsX23HH0Vu6SL7mmhnBA==/base.apk!classes2.dex): ok
09-17 09:48:25.869 25040 25083 I CameraManagerGlobal: Connecting to camera service
09-17 09:48:25.883   383  4726 D android.hardware.audio@7.1-impl.ranchu: threadLoop: entering standby, frames: 9406848
09-17 09:48:25.904 25040 25040 W unknown:ReactNative: Packager connection already open, nooping.
09-17 09:48:25.920   383 25039 W android.hardware.audio@7.1-impl.ranchu: pcmWrite:259 pcm_writei failed with 'cannot read/write stream data: I/O error' (-1)
09-17 09:48:25.920   383 25039 E android.hardware.audio@7.1-impl.ranchu: pcmWrite:260 failure: -1
09-17 09:48:25.927 25040 25086 W unknown:ViewManagerPropertyUpdater: Could not find generated setter for class com.facebook.react.views.debuggingoverlay.DebuggingOverlayManager
09-17 09:48:25.937 25040 25086 W unknown:ViewManagerPropertyUpdater: Could not find generated setter for class com.facebook.react.uimanager.LayoutShadowNode
09-17 09:48:25.946 25040 25086 W unknown:ViewManagerPropertyUpdater: Could not find generated setter for class com.facebook.react.views.drawer.ReactDrawerLayoutManager
09-17 09:48:25.949 25040 25086 W unknown:ViewManagerPropertyUpdater: Could not find generated setter for class com.facebook.react.views.scroll.ReactHorizontalScrollViewManager
09-17 09:48:25.954 25040 25086 W unknown:ViewManagerPropertyUpdater: Could not find generated setter for class com.facebook.react.views.scroll.ReactHorizontalScrollContainerViewManager
09-17 09:48:25.956 25040 25086 W unknown:ViewManagerPropertyUpdater: Could not find generated setter for class com.facebook.react.views.progressbar.ReactProgressBarViewManager
09-17 09:48:25.958 25040 25086 W unknown:ViewManagerPropertyUpdater: Could not find generated setter for class com.facebook.react.views.progressbar.ProgressBarShadowNode
09-17 09:48:25.960 25040 25086 W unknown:ViewManagerPropertyUpdater: Could not find generated setter for class com.facebook.react.views.scroll.ReactScrollViewManager
09-17 09:48:25.967 25040 25086 W unknown:ViewManagerPropertyUpdater: Could not find generated setter for class com.facebook.react.views.switchview.ReactSwitchManager
09-17 09:48:25.971 25040 25086 W unknown:ViewManagerPropertyUpdater: Could not find generated setter for class com.facebook.react.views.switchview.ReactSwitchManager$ReactSwitchShadowNode
09-17 09:48:25.972 25040 25086 W unknown:ViewManagerPropertyUpdater: Could not find generated setter for class com.facebook.react.views.swiperefresh.SwipeRefreshLayoutManager
09-17 09:48:25.974 25040 25086 W unknown:ViewManagerPropertyUpdater: Could not find generated setter for class com.facebook.react.views.text.frescosupport.FrescoBasedReactTextInlineImageViewManager
09-17 09:48:25.975 25040 25086 W unknown:ViewManagerPropertyUpdater: Could not find generated setter for class com.facebook.react.views.text.frescosupport.FrescoBasedReactTextInlineImageShadowNode
09-17 09:48:25.977 25040 25086 W unknown:ViewManagerPropertyUpdater: Could not find generated setter for class com.facebook.react.views.image.ReactImageManager
09-17 09:48:25.981 25040 25086 W unknown:ViewManagerPropertyUpdater: Could not find generated setter for class com.facebook.react.views.modal.ReactModalHostManager
09-17 09:48:25.983 25040 25086 W unknown:ViewManagerPropertyUpdater: Could not find generated setter for class com.facebook.react.views.modal.ModalHostShadowNode
09-17 09:48:25.984 25040 25086 W unknown:ViewManagerPropertyUpdater: Could not find generated setter for class com.facebook.react.views.text.ReactRawTextManager
09-17 09:48:25.985 25040 25086 W unknown:ViewManagerPropertyUpdater: Could not find generated setter for class com.facebook.react.views.text.ReactRawTextShadowNode
09-17 09:48:25.986 25040 25086 W unknown:ViewManagerPropertyUpdater: Could not find generated setter for class com.facebook.react.views.textinput.ReactTextInputManager
09-17 09:48:25.994 25040 25086 W unknown:ViewManagerPropertyUpdater: Could not find generated setter for class com.facebook.react.views.textinput.ReactTextInputShadowNode
09-17 09:48:25.999 25040 25086 W unknown:ViewManagerPropertyUpdater: Could not find generated setter for class com.facebook.react.views.text.ReactTextViewManager
09-17 09:48:26.004 25040 25086 W unknown:ViewManagerPropertyUpdater: Could not find generated setter for class com.facebook.react.views.text.ReactTextShadowNode
09-17 09:48:26.005 25040 25086 W unknown:ViewManagerPropertyUpdater: Could not find generated setter for class com.facebook.react.views.view.ReactViewManager
09-17 09:48:26.011 25040 25086 W unknown:ViewManagerPropertyUpdater: Could not find generated setter for class com.facebook.react.views.text.ReactVirtualTextViewManager
09-17 09:48:26.012 25040 25086 W unknown:ViewManagerPropertyUpdater: Could not find generated setter for class com.facebook.react.views.text.ReactVirtualTextShadowNode
09-17 09:48:26.013 25040 25086 W unknown:ViewManagerPropertyUpdater: Could not find generated setter for class com.facebook.react.views.unimplementedview.ReactUnimplementedViewManager
09-17 09:48:26.014 25040 25086 W unknown:ViewManagerPropertyUpdater: Could not find generated setter for class com.mrousavy.camera.react.CameraViewManager
09-17 09:48:26.035 25040 25086 D nativeloader: Load /data/app/~~hefF6NeB-TcPBsXRY90qkA==/com.visioncameraidentifier-V6bsX23HH0Vu6SL7mmhnBA==/base.apk!/lib/x86_64/libyoga.so using ns clns-7 from class loader (caller=/data/app/~~hefF6NeB-TcPBsXRY90qkA==/com.visioncameraidentifier-V6bsX23HH0Vu6SL7mmhnBA==/base.apk): ok
09-17 09:48:26.085 25040 25088 I CameraDevices: Initializing ProcessCameraProvider...
09-17 09:48:26.086 25040 25086 I CameraDevices: Camera #1 is now available.
09-17 09:48:26.086 25040 25086 I CameraDevices: Camera #10 is now available.
09-17 09:48:26.098 25040 25088 D QuirkSettingsLoader: QuirkSettings$MetadataHolderService is not found.
09-17 09:48:26.098 25040 25088 D CameraX : QuirkSettings from app metadata: null
09-17 09:48:26.099 25040 25088 D CameraX : QuirkSettings by default: QuirkSettings{enabledWhenDeviceHasQuirk=true, forceEnabledQuirks=[], forceDisabledQuirks=[]}
09-17 09:48:26.112 25040 25090 D DeviceQuirks: camera2 DeviceQuirks = 
09-17 09:48:26.161 25040 25090 D CameraRepository: Added camera: 1
09-17 09:48:26.169 25040 25090 D CameraQuirks: camera2 CameraQuirks = 
09-17 09:48:26.185 25040 25090 I Camera2CameraInfo: Device Level: INFO_SUPPORTED_HARDWARE_LEVEL_FULL
09-17 09:48:26.191 25040 25090 D CameraRepository: Added camera: 10
09-17 09:48:26.192 25040 25090 D CameraQuirks: camera2 CameraQuirks = 
09-17 09:48:26.196 25040 25090 I Camera2CameraInfo: Device Level: INFO_SUPPORTED_HARDWARE_LEVEL_LIMITED
09-17 09:48:26.198 25040 25090 D CameraValidator: Verifying camera lens facing on emu64xa, lensFacingInteger: null
09-17 09:48:26.201 25040 25093 I CameraDevices: Initializing ExtensionsManager...
09-17 09:48:26.208 25040 25093 D ExtenderVersion: No versioning extender found. Falling back to default.
09-17 09:48:26.210 25040 25093 I CameraDevices: Successfully initialized!
09-17 09:48:26.227 25040 25093 D DeviceQuirks: video DeviceQuirks = 
09-17 09:48:26.231 25040 25093 D BackupHdrProfileEncoderProfilesProvider: Base Bitrate(1200000bps) * Bit Depth Ratio (10 / 8) = 1500000
09-17 09:48:26.239 25040 25093 D MediaCodecList: codecHandlesFormat: no format, so no extra checks
09-17 09:48:26.244 25040 25095 D CCodec  : allocate(c2.android.hevc.encoder)
09-17 09:48:26.246 25040 25095 I Codec2Client: Available Codec2 services: "default" "software"
09-17 09:48:26.248 25040 25095 I CCodec  : setting up 'default' as default (vendor) store
